[2025-09-28 23:41:30]	[info] incremental build: 30 source files changed
These source files will be recompiled
---
'd:\STM32CUBE MX\Oscillating Viscometer\light up\Core\Src\drv8833_driver.c': object (.o) file not exist
'd:\STM32CUBE MX\Oscillating Viscometer\light up\Core\Src\gpio.c': object (.o) file not exist
'd:\STM32CUBE MX\Oscillating Viscometer\light up\Core\Src\i2c.c': object (.o) file not exist
'd:\STM32CUBE MX\Oscillating Viscometer\light up\Core\Src\ldc1101_driver.c': object (.o) file not exist
'd:\STM32CUBE MX\Oscillating Viscometer\light up\Core\Src\main.c': object (.o) file not exist
'd:\STM32CUBE MX\Oscillating Viscometer\light up\Core\Src\oled.c': object (.o) file not exist
'd:\STM32CUBE MX\Oscillating Viscometer\light up\Core\Src\oledfont.c': object (.o) file not exist
'd:\STM32CUBE MX\Oscillating Viscometer\light up\Core\Src\spi.c': object (.o) file not exist
'd:\STM32CUBE MX\Oscillating Viscometer\light up\Core\Src\stm32f1xx_hal_msp.c': object (.o) file not exist
'd:\STM32CUBE MX\Oscillating Viscometer\light up\Core\Src\stm32f1xx_it.c': object (.o) file not exist
'd:\STM32CUBE MX\Oscillating Viscometer\light up\Core\Src\system_stm32f1xx.c': object (.o) file not exist
'd:\STM32CUBE MX\Oscillating Viscometer\light up\Core\Src\tim.c': object (.o) file not exist
'd:\STM32CUBE MX\Oscillating Viscometer\light up\Core\Src\usart.c': object (.o) file not exist
'd:\STM32CUBE MX\Oscillating Viscometer\light up\Drivers\STM32F1xx_HAL_Driver\Src\stm32f1xx_hal.c': object (.o) file not exist
'd:\STM32CUBE MX\Oscillating Viscometer\light up\Drivers\STM32F1xx_HAL_Driver\Src\stm32f1xx_hal_cortex.c': object (.o) file not exist
'd:\STM32CUBE MX\Oscillating Viscometer\light up\Drivers\STM32F1xx_HAL_Driver\Src\stm32f1xx_hal_dma.c': object (.o) file not exist
'd:\STM32CUBE MX\Oscillating Viscometer\light up\Drivers\STM32F1xx_HAL_Driver\Src\stm32f1xx_hal_exti.c': object (.o) file not exist
'd:\STM32CUBE MX\Oscillating Viscometer\light up\Drivers\STM32F1xx_HAL_Driver\Src\stm32f1xx_hal_flash.c': object (.o) file not exist
'd:\STM32CUBE MX\Oscillating Viscometer\light up\Drivers\STM32F1xx_HAL_Driver\Src\stm32f1xx_hal_flash_ex.c': object (.o) file not exist
'd:\STM32CUBE MX\Oscillating Viscometer\light up\Drivers\STM32F1xx_HAL_Driver\Src\stm32f1xx_hal_gpio.c': object (.o) file not exist
'd:\STM32CUBE MX\Oscillating Viscometer\light up\Drivers\STM32F1xx_HAL_Driver\Src\stm32f1xx_hal_gpio_ex.c': object (.o) file not exist
'd:\STM32CUBE MX\Oscillating Viscometer\light up\Drivers\STM32F1xx_HAL_Driver\Src\stm32f1xx_hal_i2c.c': object (.o) file not exist
'd:\STM32CUBE MX\Oscillating Viscometer\light up\Drivers\STM32F1xx_HAL_Driver\Src\stm32f1xx_hal_pwr.c': object (.o) file not exist
'd:\STM32CUBE MX\Oscillating Viscometer\light up\Drivers\STM32F1xx_HAL_Driver\Src\stm32f1xx_hal_rcc.c': object (.o) file not exist
'd:\STM32CUBE MX\Oscillating Viscometer\light up\Drivers\STM32F1xx_HAL_Driver\Src\stm32f1xx_hal_rcc_ex.c': object (.o) file not exist
'd:\STM32CUBE MX\Oscillating Viscometer\light up\Drivers\STM32F1xx_HAL_Driver\Src\stm32f1xx_hal_spi.c': object (.o) file not exist
'd:\STM32CUBE MX\Oscillating Viscometer\light up\Drivers\STM32F1xx_HAL_Driver\Src\stm32f1xx_hal_tim.c': object (.o) file not exist
'd:\STM32CUBE MX\Oscillating Viscometer\light up\Drivers\STM32F1xx_HAL_Driver\Src\stm32f1xx_hal_tim_ex.c': object (.o) file not exist
'd:\STM32CUBE MX\Oscillating Viscometer\light up\Drivers\STM32F1xx_HAL_Driver\Src\stm32f1xx_hal_uart.c': object (.o) file not exist
'd:\STM32CUBE MX\Oscillating Viscometer\light up\MDK-ARM\startup_stm32f103xb.s': object (.o) file not exist

[2025-09-28 23:41:36]	link failed !, exit code: 1
   at unify_builder.Program.Main(String[] args_)
---
Error: L6218E: Undefined symbol MX_DMA_Init (referred from main.o).
Error: L6218E: Undefined symbol Command_Parse (referred from stm32f1xx_it.o).
Not enough information to list image symbols.
Finished: 1 information, 0 warning and 2 error messages.


[2025-09-28 23:45:56]	link failed !, exit code: 1
   at unify_builder.Program.Main(String[] args_)
---
Error: L6218E: Undefined symbol MX_DMA_Init (referred from main.o).
Error: L6218E: Undefined symbol Command_Parse (referred from stm32f1xx_it.o).
Not enough information to list image symbols.
Finished: 1 information, 0 warning and 2 error messages.


[2025-09-28 23:46:09]	link failed !, exit code: 1
   at unify_builder.Program.Main(String[] args_)
---
Error: L6218E: Undefined symbol MX_DMA_Init (referred from main.o).
Error: L6218E: Undefined symbol Command_Parse (referred from stm32f1xx_it.o).
Not enough information to list image symbols.
Finished: 1 information, 0 warning and 2 error messages.


[2025-09-28 23:47:22]	[info] incremental build: 2 source files changed
These source files will be recompiled
---
'd:\STM32CUBE MX\Oscillating Viscometer\light up\Core\Src\command.c': object (.o) file not exist
'd:\STM32CUBE MX\Oscillating Viscometer\light up\Core\Src\dma.c': object (.o) file not exist

[2025-09-28 23:47:23]	[done]
	build successfully !

[2025-09-28 23:51:48]	[done]
	build successfully !

[2025-09-28 23:52:18]	link failed !, exit code: 1
   at unify_builder.Program.Main(String[] args_)
---
Error: L6218E: Undefined symbol main (referred from __rtentry2.o).
Not enough information to list image symbols.
Finished: 1 information, 0 warning and 1 error messages.


