Component: Arm Compiler for Embedded 6.21 Tool: armlink [5ec1fa00]

==============================================================================

Section Cross References

    command.o(.text) refers (Special) to _scanf_int.o(.text) for _scanf_int
    command.o(.text.Command_Parse) refers (Special) to _scanf_int.o(.text) for _scanf_int
    command.o(.text.Command_Parse) refers to main_1.o(.bss..L_MergedGlobals.18) for UART2_RX_activeBuffer
    command.o(.text.Command_Parse) refers to main_1.o(.bss.UART2_RX_DMA_buffer) for UART2_RX_DMA_buffer
    command.o(.text.Command_Parse) refers to strncmp.o(.text) for strncmp
    command.o(.text.Command_Parse) refers to ldc1101_driver.o(.bss.isLHR) for isLHR
    command.o(.text.Command_Parse) refers to main_1.o(.bss.UART2_TX_buffer) for UART2_TX_buffer
    command.o(.text.Command_Parse) refers to atoi.o(.text) for atoi
    command.o(.text.Command_Parse) refers to main_1.o(.data..L_MergedGlobals) for drv_PWM_isChanged
    command.o(.text.Command_Parse) refers to stm32f4xx_hal_gpio.o(.text.HAL_GPIO_TogglePin) for HAL_GPIO_TogglePin
    command.o(.text.Command_Parse) refers to f2d.o(.text) for __aeabi_f2d
    command.o(.text.Command_Parse) refers to command.o(.rodata.str1.1) for .L.str.1
    command.o(.text.Command_Parse) refers to printfa.o(i.__0sprintf) for __2sprintf
    command.o(.text.Command_Parse) refers to main_1.o(.bss.freq_scan_enabled) for freq_scan_enabled
    command.o(.text.Command_Parse) refers to tim.o(.bss.htim4) for htim4
    command.o(.text.Command_Parse) refers to stm32f4xx_hal_tim.o(.text.HAL_TIM_Base_Start_IT) for HAL_TIM_Base_Start_IT
    command.o(.text.Command_Parse) refers to command.o(.rodata.str1.4) for .L.str.5
    command.o(.text.Command_Parse) refers to main_1.o(.bss.DR_scan_enabled) for DR_scan_enabled
    command.o(.text.Command_Parse) refers to ldc1101_driver.o(.text.ldc1101_readByte) for ldc1101_readByte
    command.o(.text.Command_Parse) refers to memcpya.o(.text) for __aeabi_memcpy
    command.o(.text.Command_Parse) refers to __0sscanf.o(.text) for __0sscanf
    command.o(.ARM.exidx.text.Command_Parse) refers (Special) to _scanf_int.o(.text) for _scanf_int
    command.o(.ARM.exidx.text.Command_Parse) refers to command.o(.text.Command_Parse) for [Anonymous Symbol]
    command.o(.rodata.str1.1) refers (Special) to _scanf_int.o(.text) for _scanf_int
    command.o(.rodata.str1.4) refers (Special) to _scanf_int.o(.text) for _scanf_int
    drv8833_driver.o(.text.DRV_Init) refers to drv8833_driver.o(.text.DRV_Sleep) for DRV_Sleep
    drv8833_driver.o(.text.DRV_Init) refers to stm32f4xx_hal.o(.text.HAL_Delay) for HAL_Delay
    drv8833_driver.o(.text.DRV_Init) refers to stm32f4xx_hal_gpio.o(.text.HAL_GPIO_WritePin) for HAL_GPIO_WritePin
    drv8833_driver.o(.ARM.exidx.text.DRV_Init) refers to drv8833_driver.o(.text.DRV_Init) for [Anonymous Symbol]
    drv8833_driver.o(.text.DRV_Sleep) refers to stm32f4xx_hal_gpio.o(.text.HAL_GPIO_WritePin) for HAL_GPIO_WritePin
    drv8833_driver.o(.ARM.exidx.text.DRV_Sleep) refers to drv8833_driver.o(.text.DRV_Sleep) for [Anonymous Symbol]
    drv8833_driver.o(.ARM.exidx.text.DRV_Coast) refers to drv8833_driver.o(.text.DRV_Coast) for [Anonymous Symbol]
    drv8833_driver.o(.text.DRV_Wake) refers to stm32f4xx_hal_gpio.o(.text.HAL_GPIO_WritePin) for HAL_GPIO_WritePin
    drv8833_driver.o(.ARM.exidx.text.DRV_Wake) refers to drv8833_driver.o(.text.DRV_Wake) for [Anonymous Symbol]
    drv8833_driver.o(.ARM.exidx.text.DRV_Forward) refers to drv8833_driver.o(.text.DRV_Forward) for [Anonymous Symbol]
    drv8833_driver.o(.ARM.exidx.text.DRV_Reverse) refers to drv8833_driver.o(.text.DRV_Reverse) for [Anonymous Symbol]
    drv8833_driver.o(.ARM.exidx.text.DRV_Brake) refers to drv8833_driver.o(.text.DRV_Brake) for [Anonymous Symbol]
    ldc1101_driver.o(.text.ldc1101_writeByte) refers to stm32f4xx_hal_gpio.o(.text.HAL_GPIO_WritePin) for HAL_GPIO_WritePin
    ldc1101_driver.o(.text.ldc1101_writeByte) refers to stm32f4xx_hal_spi.o(.text.HAL_SPI_Transmit) for HAL_SPI_Transmit
    ldc1101_driver.o(.ARM.exidx.text.ldc1101_writeByte) refers to ldc1101_driver.o(.text.ldc1101_writeByte) for [Anonymous Symbol]
    ldc1101_driver.o(.text.ldc1101_readByte) refers to stm32f4xx_hal_gpio.o(.text.HAL_GPIO_WritePin) for HAL_GPIO_WritePin
    ldc1101_driver.o(.text.ldc1101_readByte) refers to stm32f4xx_hal_spi.o(.text.HAL_SPI_TransmitReceive) for HAL_SPI_TransmitReceive
    ldc1101_driver.o(.ARM.exidx.text.ldc1101_readByte) refers to ldc1101_driver.o(.text.ldc1101_readByte) for [Anonymous Symbol]
    ldc1101_driver.o(.text.ldc1101_init) refers to stm32f4xx_hal_gpio.o(.text.HAL_GPIO_WritePin) for HAL_GPIO_WritePin
    ldc1101_driver.o(.text.ldc1101_init) refers to stm32f4xx_hal_spi.o(.text.HAL_SPI_Transmit) for HAL_SPI_Transmit
    ldc1101_driver.o(.text.ldc1101_init) refers to stm32f4xx_hal_spi.o(.text.HAL_SPI_TransmitReceive) for HAL_SPI_TransmitReceive
[...]
    [Anonymous Symbol]                       0x08005e94   Section        0  stm32f4xx_it.o(.text.SVC_Handler)
    [Anonymous Symbol]                       0x08005e98   Section        0  stm32f4xx_it.o(.text.SysTick_Handler)
    [Anonymous Symbol]                       0x08005e9c   Section        0  main_1.o(.text.SystemClock_Config)
    [Anonymous Symbol]                       0x08005f48   Section        0  system_stm32f4xx.o(.text.SystemInit)
    [Anonymous Symbol]                       0x08005f5c   Section        0  stm32f4xx_it.o(.text.TIM1_UP_TIM10_IRQHandler)
    [Anonymous Symbol]                       0x08005f68   Section        0  stm32f4xx_it.o(.text.TIM2_IRQHandler)
    [Anonymous Symbol]                       0x08005f74   Section        0  stm32f4xx_it.o(.text.TIM3_IRQHandler)
    [Anonymous Symbol]                       0x08005f80   Section        0  stm32f4xx_it.o(.text.TIM4_IRQHandler)
    [Anonymous Symbol]                       0x08005f8c   Section        0  stm32f4xx_hal_tim.o(.text.TIM_Base_SetConfig)
    [Anonymous Symbol]                       0x080060d0   Section        0  main_1.o(.text.UART3_Enqueue)
    [Anonymous Symbol]                       0x08006204   Section        0  main_1.o(.text.UART3_StartTx)
    UART_DMAAbortOnError                     0x08006281   Thumb Code    10  stm32f4xx_hal_uart.o(.text.UART_DMAAbortOnError)
    [Anonymous Symbol]                       0x08006280   Section        0  stm32f4xx_hal_uart.o(.text.UART_DMAAbortOnError)
    UART_DMAError                            0x0800628d   Thumb Code   380  stm32f4xx_hal_uart.o(.text.UART_DMAError)
    [Anonymous Symbol]                       0x0800628c   Section        0  stm32f4xx_hal_uart.o(.text.UART_DMAError)
    UART_DMAReceiveCplt                      0x08006409   Thumb Code   350  stm32f4xx_hal_uart.o(.text.UART_DMAReceiveCplt)
    [Anonymous Symbol]                       0x08006408   Section        0  stm32f4xx_hal_uart.o(.text.UART_DMAReceiveCplt)
    UART_DMARxHalfCplt                       0x08006569   Thumb Code    24  stm32f4xx_hal_uart.o(.text.UART_DMARxHalfCplt)
    [Anonymous Symbol]                       0x08006568   Section        0  stm32f4xx_hal_uart.o(.text.UART_DMARxHalfCplt)
    UART_DMATransmitCplt                     0x08006581   Thumb Code   176  stm32f4xx_hal_uart.o(.text.UART_DMATransmitCplt)
    [Anonymous Symbol]                       0x08006580   Section        0  stm32f4xx_hal_uart.o(.text.UART_DMATransmitCplt)
    UART_DMATxHalfCplt                       0x08006631   Thumb Code     6  stm32f4xx_hal_uart.o(.text.UART_DMATxHalfCplt)
    [Anonymous Symbol]                       0x08006630   Section        0  stm32f4xx_hal_uart.o(.text.UART_DMATxHalfCplt)
    UART_Receive_IT                          0x08006639   Thumb Code   254  stm32f4xx_hal_uart.o(.text.UART_Receive_IT)
    [Anonymous Symbol]                       0x08006638   Section        0  stm32f4xx_hal_uart.o(.text.UART_Receive_IT)
    UART_SetConfig                           0x08006739   Thumb Code   238  stm32f4xx_hal_uart.o(.text.UART_SetConfig)
    [Anonymous Symbol]                       0x08006738   Section        0  stm32f4xx_hal_uart.o(.text.UART_SetConfig)
    [Anonymous Symbol]                       0x08006828   Section        0  stm32f4xx_it.o(.text.USART2_IRQHandler)
    [Anonymous Symbol]                       0x0800691c   Section        0  stm32f4xx_it.o(.text.USART3_IRQHandler)
    [Anonymous Symbol]                       0x08006928   Section        0  stm32f4xx_it.o(.text.UsageFault_Handler)
    [Anonymous Symbol]                       0x0800692c   Section        0  oled.o(.text.WriteCmd)
    [Anonymous Symbol]                       0x08006b8c   Section        0  my_button.o(.text.btn1_double_click_handler)
    [Anonymous Symbol]                       0x08006c70   Section        0  my_button.o(.text.btn1_long_press_hold_handler)
    [Anonymous Symbol]                       0x08006c74   Section        0  my_button.o(.text.btn1_long_press_start_handler)
    [Anonymous Symbol]                       0x08006c78   Section        0  my_button.o(.text.btn1_press_repeat_handler)
    [Anonymous Symbol]                       0x08006c7c   Section        0  my_button.o(.text.btn1_single_click_handler)
    [Anonymous Symbol]                       0x08006dc0   Section        0  multi_button.o(.text.button_attach)
    [Anonymous Symbol]                       0x08006dd4   Section        0  multi_button.o(.text.button_init)
    [Anonymous Symbol]                       0x08006e0c   Section        0  multi_button.o(.text.button_start)
    [Anonymous Symbol]                       0x08006e5c   Section        0  multi_button.o(.text.button_ticks)
    [Anonymous Symbol]                       0x08007070   Section        0  my_button.o(.text.buttons_init)
    [Anonymous Symbol]                       0x08007100   Section        0  my_button.o(.text.getButtonLevel)
    [Anonymous Symbol]                       0x08007128   Section        0  ldc1101_driver.o(.text.ldc1101_getLHRData)
    [Anonymous Symbol]                       0x080071c8   Section        0  ldc1101_driver.o(.text.ldc1101_init)
    [Anonymous Symbol]                       0x08007404   Section        0  ldc1101_driver.o(.text.ldc1101_readByte)
    [Anonymous Symbol]                       0x08007448   Section        0  main_1.o(.text.main)
    __arm_cp.5_12                            0x08007b8c   Number         4  main_1.o(.text.main)
    __arm_cp.5_13                            0x08007b90   Number         4  main_1.o(.text.main)
    __arm_cp.5_14                            0x08007b94   Number         4  main_1.o(.text.main)
    __arm_cp.5_15                            0x08007b98   Number         4  main_1.o(.text.main)
    i.__0snprintf                            0x0800839c   Section        0  printfa.o(i.__0snprintf)
    i.__0sprintf                             0x080083d0   Section        0  printfa.o(i.__0sprintf)
    i.__aeabi_errno_addr                     0x080083f8   Section        0  errno.o(i.__aeabi_errno_addr)
    i.__scatterload_copy                     0x08008400   Section       14  handlers.o(i.__scatterload_copy)
    i.__scatterload_null                     0x0800840e   Section        2  handlers.o(i.__scatterload_null)
    i.__scatterload_zeroinit                 0x08008410   Section       14  handlers.o(i.__scatterload_zeroinit)
    _fp_digits                               0x08008421   Thumb Code   366  printfa.o(i._fp_digits)
    i._fp_digits                             0x08008420   Section        0  printfa.o(i._fp_digits)
    _printf_core                             0x080085a5   Thumb Code  1744  printfa.o(i._printf_core)
    i._printf_core                           0x080085a4   Section        0  printfa.o(i._printf_core)
    _printf_post_padding                     0x08008c81   Thumb Code    36  printfa.o(i._printf_post_padding)
    i._printf_post_padding                   0x08008c80   Section        0  printfa.o(i._printf_post_padding)
    _printf_pre_padding                      0x08008ca5   Thumb Code    46  printfa.o(i._printf_pre_padding)
    i._printf_pre_padding                    0x08008ca4   Section        0  printfa.o(i._printf_pre_padding)
    _snputc                                  0x08008cd3   Thumb Code    22  printfa.o(i._snputc)
    i._snputc                                0x08008cd2   Section        0  printfa.o(i._snputc)
    _sputc                                   0x08008ce9   Thumb Code    10  printfa.o(i._sputc)
    i._sputc                                 0x08008ce8   Section        0  printfa.o(i._sputc)
    .constdata                               0x08008cf2   Section      129  ctype_o.o(.constdata)
    table                                    0x08008d74   Data           4  ctype_o.o(.constdata)
    .constdata                               0x08008d74   Section        4  ctype_o.o(.constdata)
    .Lstr                                    0x08008d78   Data         128  main_1.o(.rodata..Lstr)
    .Lstr.16                                 0x08008df8   Data         128  main_1.o(.rodata..Lstr.16)
    .Lstr.17                                 0x08008e78   Data         128  main_1.o(.rodata..Lstr.17)
    DMA_CalcBaseAndBitshift.flagBitshiftOffset 0x08009718   Data           8  stm32f4xx_hal_dma.o(.rodata.cst8)
    [Anonymous Symbol]                       0x08009718   Section        0  stm32f4xx_hal_dma.o(.rodata.cst8)
    .L.str.1                                 0x08009720   Data          23  command.o(.rodata.str1.1)
    [Anonymous Symbol]                       0x08009720   Section        0  command.o(.rodata.str1.1)
    .L.str.14                                0x08009737   Data          42  command.o(.rodata.str1.1)
    .L.str.3                                 0x08009761   Data          25  command.o(.rodata.str1.1)
    .L.str.1                                 0x0800977a   Data          23  main_1.o(.rodata.str1.1)
    [Anonymous Symbol]                       0x0800977a   Section        0  main_1.o(.rodata.str1.1)
    .L.str.5                                 0x08009791   Data           5  main_1.o(.rodata.str1.1)
    .L.str.6                                 0x08009796   Data           7  main_1.o(.rodata.str1.1)
    .L.str.15                                0x0800979d   Data          22  main_1.o(.rodata.str1.1)
    .L.str                                   0x080097b3   Data          24  main_1.o(.rodata.str1.1)
    .L.str.11                                0x080097cc   Data          47  command.o(.rodata.str1.4)
    [Anonymous Symbol]                       0x080097cc   Section        0  command.o(.rodata.str1.4)
    .L.str.7                                 0x080097fc   Data          25  command.o(.rodata.str1.4)
    .L.str.5                                 0x08009818   Data          24  command.o(.rodata.str1.4)
    _errno                                   0x20000000   Data           4  errno.o(.data)
    .data                                    0x20000000   Section        4  errno.o(.data)
    .L_MergedGlobals                         0x20000004   Data          72  main_1.o(.data..L_MergedGlobals)
    [Anonymous Symbol]                       0x20000004   Section        0  main_1.o(.data..L_MergedGlobals)
    .L_MergedGlobals                         0x2000004c   Data           8  stm32f4xx_hal.o(.data..L_MergedGlobals)
    [Anonymous Symbol]                       0x2000004c   Section        0  stm32f4xx_hal.o(.data..L_MergedGlobals)
    .L_MergedGlobals                         0x20000098   Data          88  my_button.o(.bss..L_MergedGlobals)
    [Anonymous Symbol]                       0x20000098   Section        0  my_button.o(.bss..L_MergedGlobals)
    .L_MergedGlobals                         0x200000f0   Data          16  stm32f4xx_it.o(.bss..L_MergedGlobals)
    HAL_TIM_PeriodElapsedCallback.led_breath_dir 0x200000f0   Data           1  stm32f4xx_it.o(.bss..L_MergedGlobals)
    [Anonymous Symbol]                       0x200000f0   Section        0  stm32f4xx_it.o(.bss..L_MergedGlobals)
    HAL_TIM_PeriodElapsedCallback.tim3_btn_cnt 0x200000f1   Data           1  stm32f4xx_it.o(.bss..L_MergedGlobals)
    HAL_TIM_PeriodElapsedCallback.tim4_cnt   0x200000f2   Data           1  stm32f4xx_it.o(.bss..L_MergedGlobals)
    HAL_TIM_PeriodElapsedCallback.led_pwm_counter 0x200000f4   Data           2  stm32f4xx_it.o(.bss..L_MergedGlobals)
    HAL_TIM_PeriodElapsedCallback.led_breath_level 0x200000f6   Data           2  stm32f4xx_it.o(.bss..L_MergedGlobals)
    HAL_TIM_PeriodElapsedCallback.led_step_ticks 0x200000f8   Data           2  stm32f4xx_it.o(.bss..L_MergedGlobals)
    HAL_TIM_PeriodElapsedCallback.tim3_oled_cnt 0x200000fa   Data           2  stm32f4xx_it.o(.bss..L_MergedGlobals)
    HAL_TIM_PeriodElapsedCallback.tim1_drv_cnt 0x200000fc   Data           4  stm32f4xx_it.o(.bss..L_MergedGlobals)
    .L_MergedGlobals.18                      0x20000100   Data          89  main_1.o(.bss..L_MergedGlobals.18)
    [Anonymous Symbol]                       0x20000100   Section        0  main_1.o(.bss..L_MergedGlobals.18)
    head_handle                              0x200027a0   Data           4  multi_button.o(.bss.head_handle)
    [Anonymous Symbol]                       0x200027a0   Section        0  multi_button.o(.bss.head_handle)
    STACK                                    0x20002a30   Section     2048  startup_stm32f407xx.o(STACK)

    Global Symbols

    Symbol Name                              Value     Ov Type        Size  Object(Section)

    BuildAttributes$$THM_ISAv4$E$P$D$K$B$S$7EM$VFPi3$EXTD16$VFPS$VFMA$PE$A:L22UL41UL21$X:L11$S22US41US21$IEEE1$IW$~IW$USESV6$~STKCKD$USESV7$~SHL$OTIME$ROPI$EBA8$MICROLIB$REQ8$PRES8$EABIv2 0x00000000   Number         0  anon$$obj.o ABSOLUTE
    _printf_a                                0x00000000   Number         0  printfstubs.o ABSOLUTE
    _printf_c                                0x00000000   Number         0  printfstubs.o ABSOLUTE
    _printf_charcount                        0x00000000   Number         0  printfstubs.o ABSOLUTE
    _printf_d                                0x00000000   Number         0  printfstubs.o ABSOLUTE
    _printf_e                                0x00000000   Number         0  printfstubs.o ABSOLUTE
    _printf_f                                0x00000000   Number         0  printfstubs.o ABSOLUTE
    _printf_flags                            0x00000000   Number         0  printfstubs.o ABSOLUTE
    _printf_fp_dec                           0x00000000   Number         0  printfstubs.o ABSOLUTE
    _printf_fp_hex                           0x00000000   Number         0  printfstubs.o ABSOLUTE
    _printf_g                                0x00000000   Number         0  printfstubs.o ABSOLUTE
    _printf_i                                0x00000000   Number         0  printfstubs.o ABSOLUTE
    _printf_int_dec                          0x00000000   Number         0  printfstubs.o ABSOLUTE
    _printf_l                                0x00000000   Number         0  printfstubs.o ABSOLUTE
    _printf_lc                               0x00000000   Number         0  printfstubs.o ABSOLUTE
    _printf_ll                               0x00000000   Number         0  printfstubs.o ABSOLUTE
    _printf_lld                              0x00000000   Number         0  printfstubs.o ABSOLUTE
    _printf_lli                              0x00000000   Number         0  printfstubs.o ABSOLUTE
    _printf_llo                              0x00000000   Number         0  printfstubs.o ABSOLUTE
    _printf_llu                              0x00000000   Number         0  printfstubs.o ABSOLUTE
    _printf_llx                              0x00000000   Number         0  printfstubs.o ABSOLUTE
    _printf_longlong_dec                     0x00000000   Number         0  printfstubs.o ABSOLUTE
    _printf_longlong_hex                     0x00000000   Number         0  printfstubs.o ABSOLUTE
    _printf_longlong_oct                     0x00000000   Number         0  printfstubs.o ABSOLUTE
    _printf_ls                               0x00000000   Number         0  printfstubs.o ABSOLUTE
    _printf_mbtowc                           0x00000000   Number         0  printfstubs.o ABSOLUTE
    _printf_n                                0x00000000   Number         0  printfstubs.o ABSOLUTE
    _printf_o                                0x00000000   Number         0  printfstubs.o ABSOLUTE
    _printf_p                                0x00000000   Number         0  printfstubs.o ABSOLUTE
    _printf_percent                          0x00000000   Number         0  printfstubs.o ABSOLUTE
    _printf_pre_padding                      0x00000000   Number         0  printfstubs.o ABSOLUTE
    _printf_return_value                     0x00000000   Number         0  printfstubs.o ABSOLUTE
    _printf_s                                0x00000000   Number         0  printfstubs.o ABSOLUTE
    _printf_sizespec                         0x00000000   Number         0  printfstubs.o ABSOLUTE
    _printf_str                              0x00000000   Number         0  printfstubs.o ABSOLUTE
    _printf_truncate_signed                  0x00000000   Number         0  printfstubs.o ABSOLUTE
    _printf_truncate_unsigned                0x00000000   Number         0  printfstubs.o ABSOLUTE
    _printf_u                                0x00000000   Number         0  printfstubs.o ABSOLUTE
    _printf_wc                               0x00000000   Number         0  printfstubs.o ABSOLUTE
    _printf_wctomb                           0x00000000   Number         0  printfstubs.o ABSOLUTE
    _printf_widthprec                        0x00000000   Number         0  printfstubs.o ABSOLUTE
    _printf_x                                0x00000000   Number         0  printfstubs.o ABSOLUTE
    __cpp_initialize__aeabi_                  - Undefined Weak Reference
    __cxa_finalize                            - Undefined Weak Reference
    __decompress                              - Undefined Weak Reference
    _clock_init                               - Undefined Weak Reference
    _microlib_exit                            - Undefined Weak Reference
    _scanf_longlong                           - Undefined Weak Reference
    _scanf_real                               - Undefined Weak Reference
    _scanf_string                             - Undefined Weak Reference
    __Vectors_Size                           0x00000188   Number         0  startup_stm32f407xx.o ABSOLUTE
    __Vectors                                0x08000000   Data           4  startup_stm32f407xx.o(RESET)
    __Vectors_End                            0x08000188   Data           0  startup_stm32f407xx.o(RESET)
    __main                                   0x08000189   Thumb Code     0  entry.o(.ARM.Collect$$$$00000000)
    _main_stk                                0x08000189   Thumb Code     0  entry2.o(.ARM.Collect$$$$00000001)
    _main_scatterload                        0x0800018d   Thumb Code     0  entry5.o(.ARM.Collect$$$$00000004)
    __main_after_scatterload                 0x08000191   Thumb Code     0  entry5.o(.ARM.Collect$$$$00000004)
    _main_clock                              0x08000191   Thumb Code     0  entry7b.o(.ARM.Collect$$$$00000008)
    _main_cpp_init                           0x08000191   Thumb Code     0  entry8b.o(.ARM.Collect$$$$0000000A)
    _main_init                               0x08000191   Thumb Code     0  entry9a.o(.ARM.Collect$$$$0000000B)
    __rt_final_cpp                           0x08000199   Thumb Code     0  entry10a.o(.ARM.Collect$$$$0000000D)
    __rt_final_exit                          0x08000199   Thumb Code     0  entry11a.o(.ARM.Collect$$$$0000000F)
    Reset_Handler                            0x0800019d   Thumb Code     8  startup_stm32f407xx.o(.text)
    ADC_IRQHandler                           0x080001b7   Thumb Code     0  startup_stm32f407xx.o(.text)
    CAN1_RX0_IRQHandler                      0x080001b7   Thumb Code     0  startup_stm32f407xx.o(.text)
    CAN1_RX1_IRQHandler                      0x080001b7   Thumb Code     0  startup_stm32f407xx.o(.text)
    CAN1_SCE_IRQHandler                      0x080001b7   Thumb Code     0  startup_stm32f407xx.o(.text)
    CAN1_TX_IRQHandler                       0x080001b7   Thumb Code     0  startup_stm32f407xx.o(.text)
    CAN2_RX0_IRQHandler                      0x080001b7   Thumb Code     0  startup_stm32f407xx.o(.text)
    CAN2_RX1_IRQHandler                      0x080001b7   Thumb Code     0  startup_stm32f407xx.o(.text)
    CAN2_SCE_IRQHandler                      0x080001b7   Thumb Code     0  startup_stm32f407xx.o(.text)
    CAN2_TX_IRQHandler                       0x080001b7   Thumb Code     0  startup_stm32f407xx.o(.text)
    DCMI_IRQHandler                          0x080001b7   Thumb Code     0  startup_stm32f407xx.o(.text)
    DMA1_Stream0_IRQHandler                  0x080001b7   Thumb Code     0  startup_stm32f407xx.o(.text)
    DMA1_Stream1_IRQHandler                  0x080001b7   Thumb Code     0  startup_stm32f407xx.o(.text)
    DMA1_Stream2_IRQHandler                  0x080001b7   Thumb Code     0  startup_stm32f407xx.o(.text)
    DMA1_Stream4_IRQHandler                  0x080001b7   Thumb Code     0  startup_stm32f407xx.o(.text)
    DMA1_Stream6_IRQHandler                  0x080001b7   Thumb Code     0  startup_stm32f407xx.o(.text)
    DMA1_Stream7_IRQHandler                  0x080001b7   Thumb Code     0  startup_stm32f407xx.o(.text)
    DMA2_Stream0_IRQHandler                  0x080001b7   Thumb Code     0  startup_stm32f407xx.o(.text)
    DMA2_Stream1_IRQHandler                  0x080001b7   Thumb Code     0  startup_stm32f407xx.o(.text)
    DMA2_Stream2_IRQHandler                  0x080001b7   Thumb Code     0  startup_stm32f407xx.o(.text)
    DMA2_Stream3_IRQHandler                  0x080001b7   Thumb Code     0  startup_stm32f407xx.o(.text)
    DMA2_Stream4_IRQHandler                  0x080001b7   Thumb Code     0  startup_stm32f407xx.o(.text)
    DMA2_Stream5_IRQHandler                  0x080001b7   Thumb Code     0  startup_stm32f407xx.o(.text)
    DMA2_Stream6_IRQHandler                  0x080001b7   Thumb Code     0  startup_stm32f407xx.o(.text)
    DMA2_Stream7_IRQHandler                  0x080001b7   Thumb Code     0  startup_stm32f407xx.o(.text)
    ETH_IRQHandler                           0x080001b7   Thumb Code     0  startup_stm32f407xx.o(.text)
    ETH_WKUP_IRQHandler                      0x080001b7   Thumb Code     0  startup_stm32f407xx.o(.text)
    EXTI0_IRQHandler                         0x080001b7   Thumb Code     0  startup_stm32f407xx.o(.text)
    EXTI15_10_IRQHandler                     0x080001b7   Thumb Code     0  startup_stm32f407xx.o(.text)
    EXTI1_IRQHandler                         0x080001b7   Thumb Code     0  startup_stm32f407xx.o(.text)
    EXTI2_IRQHandler                         0x080001b7   Thumb Code     0  startup_stm32f407xx.o(.text)
    EXTI3_IRQHandler                         0x080001b7   Thumb Code     0  startup_stm32f407xx.o(.text)
    EXTI4_IRQHandler                         0x080001b7   Thumb Code     0  startup_stm32f407xx.o(.text)
    EXTI9_5_IRQHandler                       0x080001b7   Thumb Code     0  startup_stm32f407xx.o(.text)
    FMC_IRQHandler                           0x080001b7   Thumb Code     0  startup_stm32f407xx.o(.text)
    FPU_IRQHandler                           0x080001b7   Thumb Code     0  startup_stm32f407xx.o(.text)
    HASH_RNG_IRQHandler                      0x080001b7   Thumb Code     0  startup_stm32f407xx.o(.text)
    I2C1_ER_IRQHandler                       0x080001b7   Thumb Code     0  startup_stm32f407xx.o(.text)
    I2C1_EV_IRQHandler                       0x080001b7   Thumb Code     0  startup_stm32f407xx.o(.text)
    I2C2_ER_IRQHandler                       0x080001b7   Thumb Code     0  startup_stm32f407xx.o(.text)
    I2C2_EV_IRQHandler                       0x080001b7   Thumb Code     0  startup_stm32f407xx.o(.text)
    I2C3_ER_IRQHandler                       0x080001b7   Thumb Code     0  startup_stm32f407xx.o(.text)
    I2C3_EV_IRQHandler                       0x080001b7   Thumb Code     0  startup_stm32f407xx.o(.text)
    OTG_FS_IRQHandler                        0x080001b7   Thumb Code     0  startup_stm32f407xx.o(.text)
    OTG_FS_WKUP_IRQHandler                   0x080001b7   Thumb Code     0  startup_stm32f407xx.o(.text)
    OTG_HS_EP1_IN_IRQHandler                 0x080001b7   Thumb Code     0  startup_stm32f407xx.o(.text)
    OTG_HS_EP1_OUT_IRQHandler                0x080001b7   Thumb Code     0  startup_stm32f407xx.o(.text)
    OTG_HS_IRQHandler                        0x080001b7   Thumb Code     0  startup_stm32f407xx.o(.text)
    OTG_HS_WKUP_IRQHandler                   0x080001b7   Thumb Code     0  startup_stm32f407xx.o(.text)
    PVD_IRQHandler                           0x080001b7   Thumb Code     0  startup_stm32f407xx.o(.text)
    RCC_IRQHandler                           0x080001b7   Thumb Code     0  startup_stm32f407xx.o(.text)
    RTC_Alarm_IRQHandler                     0x080001b7   Thumb Code     0  startup_stm32f407xx.o(.text)
    RTC_WKUP_IRQHandler                      0x080001b7   Thumb Code     0  startup_stm32f407xx.o(.text)
    SDIO_IRQHandler                          0x080001b7   Thumb Code     0  startup_stm32f407xx.o(.text)
    SPI1_IRQHandler                          0x080001b7   Thumb Code     0  startup_stm32f407xx.o(.text)
    SPI2_IRQHandler                          0x080001b7   Thumb Code     0  startup_stm32f407xx.o(.text)
    SPI3_IRQHandler                          0x080001b7   Thumb Code     0  startup_stm32f407xx.o(.text)
    TAMP_STAMP_IRQHandler                    0x080001b7   Thumb Code     0  startup_stm32f407xx.o(.text)
    TIM1_BRK_TIM9_IRQHandler                 0x080001b7   Thumb Code     0  startup_stm32f407xx.o(.text)
    TIM1_CC_IRQHandler                       0x080001b7   Thumb Code     0  startup_stm32f407xx.o(.text)
    TIM1_TRG_COM_TIM11_IRQHandler            0x080001b7   Thumb Code     0  startup_stm32f407xx.o(.text)
    TIM5_IRQHandler                          0x080001b7   Thumb Code     0  startup_stm32f407xx.o(.text)
    TIM6_DAC_IRQHandler                      0x080001b7   Thumb Code     0  startup_stm32f407xx.o(.text)
    TIM7_IRQHandler                          0x080001b7   Thumb Code     0  startup_stm32f407xx.o(.text)
    TIM8_BRK_TIM12_IRQHandler                0x080001b7   Thumb Code     0  startup_stm32f407xx.o(.text)
    TIM8_CC_IRQHandler                       0x080001b7   Thumb Code     0  startup_stm32f407xx.o(.text)
    TIM8_TRG_COM_TIM14_IRQHandler            0x080001b7   Thumb Code     0  startup_stm32f407xx.o(.text)
    TIM8_UP_TIM13_IRQHandler                 0x080001b7   Thumb Code     0  startup_stm32f407xx.o(.text)
    UART4_IRQHandler                         0x080001b7   Thumb Code     0  startup_stm32f407xx.o(.text)
    UART5_IRQHandler                         0x080001b7   Thumb Code     0  startup_stm32f407xx.o(.text)
    USART1_IRQHandler                        0x080001b7   Thumb Code     0  startup_stm32f407xx.o(.text)
    USART6_IRQHandler                        0x080001b7   Thumb Code     0  startup_stm32f407xx.o(.text)
    WWDG_IRQHandler                          0x080001b7   Thumb Code     0  startup_stm32f407xx.o(.text)
    __aeabi_uldivmod                         0x080001c1   Thumb Code    98  uldiv.o(.text)
    __aeabi_memcpy                           0x08000223   Thumb Code    36  memcpya.o(.text)
    __aeabi_memcpy4                          0x08000223   Thumb Code     0  memcpya.o(.text)
    __aeabi_memcpy8                          0x08000223   Thumb Code     0  memcpya.o(.text)
    __aeabi_memset                           0x08000247   Thumb Code    14  memseta.o(.text)
    __aeabi_memset4                          0x08000247   Thumb Code     0  memseta.o(.text)
    __aeabi_memset8                          0x08000247   Thumb Code     0  memseta.o(.text)
    __aeabi_memclr                           0x08000255   Thumb Code     4  memseta.o(.text)
    __aeabi_memclr4                          0x08000255   Thumb Code     0  memseta.o(.text)
    __aeabi_memclr8                          0x08000255   Thumb Code     0  memseta.o(.text)
    _memset$wrapper                          0x08000259   Thumb Code    18  memseta.o(.text)
    strncpy                                  0x0800026b   Thumb Code    24  strncpy.o(.text)
    strlen                                   0x08000283   Thumb Code    14  strlen.o(.text)
    strncmp                                  0x08000291   Thumb Code    30  strncmp.o(.text)
    __0sscanf                                0x080002b1   Thumb Code    48  __0sscanf.o(.text)
    _scanf_int                               0x080002e9   Thumb Code   332  _scanf_int.o(.text)
    atoi                                     0x08000435   Thumb Code    26  atoi.o(.text)
    __aeabi_ul2f                             0x0800044f   Thumb Code    28  ffltul.o(.text)
    __aeabi_f2d                              0x0800046b   Thumb Code    38  f2d.o(.text)
    __aeabi_uidiv                            0x08000491   Thumb Code     0  uidiv.o(.text)
    __aeabi_uidivmod                         0x08000491   Thumb Code    44  uidiv.o(.text)
    __aeabi_llsl                             0x080004bd   Thumb Code    30  llshl.o(.text)
    _ll_shift_l                              0x080004bd   Thumb Code     0  llshl.o(.text)
    __aeabi_llsr                             0x080004db   Thumb Code    32  llushr.o(.text)
    _ll_ushift_r                             0x080004db   Thumb Code     0  llushr.o(.text)
    _chval                                   0x080004fb   Thumb Code    28  _chval.o(.text)
    __vfscanf_char                           0x08000525   Thumb Code    20  scanf_char.o(.text)
    _sgetc                                   0x08000541   Thumb Code    30  _sgetc.o(.text)
    _sbackspace                              0x0800055f   Thumb Code    34  _sgetc.o(.text)
    strtol                                   0x08000581   Thumb Code   112  strtol.o(.text)
    __I$use$fp                               0x080005f1   Thumb Code     0  iusefp.o(.text)
    _float_round                             0x080005f1   Thumb Code    18  fepilogue.o(.text)
    _float_epilogue                          0x08000603   Thumb Code    92  fepilogue.o(.text)
    __aeabi_dadd                             0x0800065f   Thumb Code   322  dadd.o(.text)
    __aeabi_dsub                             0x080007a1   Thumb Code     6  dadd.o(.text)
    __aeabi_drsub                            0x080007a7   Thumb Code     6  dadd.o(.text)
    __aeabi_dmul                             0x080007ad   Thumb Code   228  dmul.o(.text)
    __aeabi_ddiv                             0x08000891   Thumb Code   222  ddiv.o(.text)
    __aeabi_d2ulz                            0x0800096f   Thumb Code    48  dfixul.o(.text)
    __aeabi_cdrcmple                         0x080009a1   Thumb Code    48  cdrcmple.o(.text)
    __scatterload                            0x080009d1   Thumb Code    38  init.o(.text)
    __scatterload_rt2                        0x080009d1   Thumb Code     0  init.o(.text)
    __aeabi_lasr                             0x08000a01   Thumb Code    36  llsshr.o(.text)
    _ll_sshift_r                             0x08000a01   Thumb Code     0  llsshr.o(.text)
    __rt_ctype_table                         0x08000a25   Thumb Code     4  ctype_o.o(.text)
    isspace                                  0x08000a2d   Thumb Code    18  isspace_o.o(.text)
    __vfscanf                                0x08000a41   Thumb Code   808  _scanf.o(.text)
    _strtoul                                 0x08000d6d   Thumb Code   158  _strtoul.o(.text)
    _double_round                            0x08000e0b   Thumb Code    30  depilogue.o(.text)
    _double_epilogue                         0x08000e29   Thumb Code   156  depilogue.o(.text)
    BusFault_Handler                         0x08000ec5   Thumb Code     2  stm32f4xx_it.o(.text.BusFault_Handler)
    Command_Parse                            0x08000ec9   Thumb Code   776  command.o(.text.Command_Parse)
    DMA1_Stream3_IRQHandler                  0x08001279   Thumb Code    12  stm32f4xx_it.o(.text.DMA1_Stream3_IRQHandler)
    DMA1_Stream5_IRQHandler                  0x08001285   Thumb Code    12  stm32f4xx_it.o(.text.DMA1_Stream5_IRQHandler)
    DRV_Coast                                0x08001291   Thumb Code   102  drv8833_driver.o(.text.DRV_Coast)
    DRV_Forward                              0x080012f9   Thumb Code   118  drv8833_driver.o(.text.DRV_Forward)
    DRV_Init                                 0x08001371   Thumb Code   128  drv8833_driver.o(.text.DRV_Init)
    DRV_Reverse                              0x080013f1   Thumb Code   124  drv8833_driver.o(.text.DRV_Reverse)
    DRV_Sleep                                0x0800146d   Thumb Code   196  drv8833_driver.o(.text.DRV_Sleep)
    DRV_Stop                                 0x08001531   Thumb Code    66  main_1.o(.text.DRV_Stop)
    DebugMon_Handler                         0x08001575   Thumb Code     2  stm32f4xx_it.o(.text.DebugMon_Handler)
    Error_Handler                            0x08001579   Thumb Code     6  main_1.o(.text.Error_Handler)
    FLASH_Erase_Sector                       0x08001581   Thumb Code    70  stm32f4xx_hal_flash_ex.o(.text.FLASH_Erase_Sector)
    FLASH_FlushCaches                        0x080015c9   Thumb Code    88  stm32f4xx_hal_flash_ex.o(.text.FLASH_FlushCaches)
    FLASH_IRQHandler                         0x08001621   Thumb Code     4  stm32f4xx_it.o(.text.FLASH_IRQHandler)
    HAL_DMA_Abort                            0x08001625   Thumb Code   142  stm32f4xx_hal_dma.o(.text.HAL_DMA_Abort)
    HAL_DMA_Abort_IT                         0x080016b5   Thumb Code    36  stm32f4xx_hal_dma.o(.text.HAL_DMA_Abort_IT)
    HAL_DMA_IRQHandler                       0x080016d9   Thumb Code   448  stm32f4xx_hal_dma.o(.text.HAL_DMA_IRQHandler)
    HAL_DMA_Init                             0x08001899   Thumb Code   354  stm32f4xx_hal_dma.o(.text.HAL_DMA_Init)
    HAL_DMA_Start_IT                         0x080019fd   Thumb Code   162  stm32f4xx_hal_dma.o(.text.HAL_DMA_Start_IT)
    HAL_Delay                                0x08001aa1   Thumb Code    40  stm32f4xx_hal.o(.text.HAL_Delay)
    HAL_FLASH_EndOfOperationCallback         0x08001ac9   Thumb Code     2  stm32f4xx_hal_flash.o(.text.HAL_FLASH_EndOfOperationCallback)
    HAL_FLASH_IRQHandler                     0x08001acd   Thumb Code   312  stm32f4xx_hal_flash.o(.text.HAL_FLASH_IRQHandler)
    HAL_FLASH_OperationErrorCallback         0x08001c05   Thumb Code     2  stm32f4xx_hal_flash.o(.text.HAL_FLASH_OperationErrorCallback)
    HAL_GPIO_Init                            0x08001c09   Thumb Code   414  stm32f4xx_hal_gpio.o(.text.HAL_GPIO_Init)
    HAL_GPIO_ReadPin                         0x08001da9   Thumb Code    10  stm32f4xx_hal_gpio.o(.text.HAL_GPIO_ReadPin)
    HAL_GPIO_TogglePin                       0x08001db5   Thumb Code    16  stm32f4xx_hal_gpio.o(.text.HAL_GPIO_TogglePin)
    HAL_GPIO_WritePin                        0x08001dc5   Thumb Code    10  stm32f4xx_hal_gpio.o(.text.HAL_GPIO_WritePin)
    HAL_GetTick                              0x08001dd1   Thumb Code    12  stm32f4xx_hal.o(.text.HAL_GetTick)
    HAL_I2C_Init                             0x08001ddd   Thumb Code   356  stm32f4xx_hal_i2c.o(.text.HAL_I2C_Init)
    HAL_I2C_Mem_Write                        0x08001f41   Thumb Code   348  stm32f4xx_hal_i2c.o(.text.HAL_I2C_Mem_Write)
    HAL_I2C_MspInit                          0x0800209d   Thumb Code   106  i2c.o(.text.HAL_I2C_MspInit)
    HAL_IncTick                              0x08002109   Thumb Code    26  stm32f4xx_hal.o(.text.HAL_IncTick)
    HAL_Init                                 0x08002125   Thumb Code    54  stm32f4xx_hal.o(.text.HAL_Init)
    HAL_InitTick                             0x0800215d   Thumb Code    72  stm32f4xx_hal.o(.text.HAL_InitTick)
    HAL_MspInit                              0x080021a5   Thumb Code    82  stm32f4xx_hal_msp.o(.text.HAL_MspInit)
    HAL_NVIC_EnableIRQ                       0x080021f9   Thumb Code    34  stm32f4xx_hal_cortex.o(.text.HAL_NVIC_EnableIRQ)
    HAL_NVIC_SetPriority                     0x0800221d   Thumb Code    86  stm32f4xx_hal_cortex.o(.text.HAL_NVIC_SetPriority)
    HAL_NVIC_SetPriorityGrouping             0x08002275   Thumb Code    32  stm32f4xx_hal_cortex.o(.text.HAL_NVIC_SetPriorityGrouping)
    HAL_RCC_ClockConfig                      0x08002295   Thumb Code   356  stm32f4xx_hal_rcc.o(.text.HAL_RCC_ClockConfig)
    HAL_RCC_GetPCLK1Freq                     0x080023f9   Thumb Code    38  stm32f4xx_hal_rcc.o(.text.HAL_RCC_GetPCLK1Freq)
    HAL_RCC_GetPCLK2Freq                     0x08002421   Thumb Code    38  stm32f4xx_hal_rcc.o(.text.HAL_RCC_GetPCLK2Freq)
    HAL_RCC_GetSysClockFreq                  0x08002449   Thumb Code   108  stm32f4xx_hal_rcc.o(.text.HAL_RCC_GetSysClockFreq)
    HAL_RCC_OscConfig                        0x080024b5   Thumb Code   944  stm32f4xx_hal_rcc.o(.text.HAL_RCC_OscConfig)
    HAL_SPI_Init                             0x08002865   Thumb Code   180  stm32f4xx_hal_spi.o(.text.HAL_SPI_Init)
    HAL_SPI_MspInit                          0x08002919   Thumb Code   108  spi.o(.text.HAL_SPI_MspInit)
    HAL_SPI_Transmit                         0x08002985   Thumb Code   634  stm32f4xx_hal_spi.o(.text.HAL_SPI_Transmit)
    HAL_SPI_TransmitReceive                  0x08002c01   Thumb Code   846  stm32f4xx_hal_spi.o(.text.HAL_SPI_TransmitReceive)
    HAL_SYSTICK_Config                       0x08002f51   Thumb Code    44  stm32f4xx_hal_cortex.o(.text.HAL_SYSTICK_Config)
    HAL_TIMEx_BreakCallback                  0x08002f7d   Thumb Code     2  stm32f4xx_hal_tim_ex.o(.text.HAL_TIMEx_BreakCallback)
    HAL_TIMEx_CommutCallback                 0x08002f81   Thumb Code     2  stm32f4xx_hal_tim_ex.o(.text.HAL_TIMEx_CommutCallback)
    HAL_TIMEx_MasterConfigSynchronization    0x08002f85   Thumb Code   186  stm32f4xx_hal_tim_ex.o(.text.HAL_TIMEx_MasterConfigSynchronization)
    HAL_TIM_Base_Init                        0x08003041   Thumb Code    90  stm32f4xx_hal_tim.o(.text.HAL_TIM_Base_Init)
    HAL_TIM_Base_MspInit                     0x0800309d   Thumb Code   238  tim.o(.text.HAL_TIM_Base_MspInit)
    HAL_TIM_Base_Start_IT                    0x0800318d   Thumb Code   170  stm32f4xx_hal_tim.o(.text.HAL_TIM_Base_Start_IT)
    HAL_TIM_Base_Stop_IT                     0x08003239   Thumb Code    60  stm32f4xx_hal_tim.o(.text.HAL_TIM_Base_Stop_IT)
    HAL_TIM_ConfigClockSource                0x08003275   Thumb Code   416  stm32f4xx_hal_tim.o(.text.HAL_TIM_ConfigClockSource)
    HAL_TIM_IC_CaptureCallback               0x08003415   Thumb Code     2  stm32f4xx_hal_tim.o(.text.HAL_TIM_IC_CaptureCallback)
    HAL_TIM_IRQHandler                       0x08003419   Thumb Code   334  stm32f4xx_hal_tim.o(.text.HAL_TIM_IRQHandler)
    HAL_TIM_OC_DelayElapsedCallback          0x08003569   Thumb Code     2  stm32f4xx_hal_tim.o(.text.HAL_TIM_OC_DelayElapsedCallback)
    HAL_TIM_PWM_ConfigChannel                0x0800356d   Thumb Code   548  stm32f4xx_hal_tim.o(.text.HAL_TIM_PWM_ConfigChannel)
    HAL_TIM_PWM_Init                         0x08003791   Thumb Code    90  stm32f4xx_hal_tim.o(.text.HAL_TIM_PWM_Init)
    HAL_TIM_PWM_MspInit                      0x080037ed   Thumb Code     2  stm32f4xx_hal_tim.o(.text.HAL_TIM_PWM_MspInit)
    HAL_TIM_PWM_PulseFinishedCallback        0x080037f1   Thumb Code     2  stm32f4xx_hal_tim.o(.text.HAL_TIM_PWM_PulseFinishedCallback)
    HAL_TIM_PWM_Start                        0x080037f5   Thumb Code   286  stm32f4xx_hal_tim.o(.text.HAL_TIM_PWM_Start)
    HAL_TIM_PWM_Stop                         0x08003915   Thumb Code   170  stm32f4xx_hal_tim.o(.text.HAL_TIM_PWM_Stop)
    HAL_TIM_PeriodElapsedCallback            0x080039c1   Thumb Code   728  stm32f4xx_it.o(.text.HAL_TIM_PeriodElapsedCallback)
    HAL_TIM_TriggerCallback                  0x08003ca1   Thumb Code     2  stm32f4xx_hal_tim.o(.text.HAL_TIM_TriggerCallback)
    HAL_UARTEx_RxEventCallback               0x08003ca5   Thumb Code     2  stm32f4xx_hal_uart.o(.text.HAL_UARTEx_RxEventCallback)
    HAL_UART_DMAStop                         0x08003ca9   Thumb Code   540  stm32f4xx_hal_uart.o(.text.HAL_UART_DMAStop)
    HAL_UART_ErrorCallback                   0x08003ec5   Thumb Code     2  stm32f4xx_hal_uart.o(.text.HAL_UART_ErrorCallback)
    HAL_UART_IRQHandler                      0x08003ec9   Thumb Code  1416  stm32f4xx_hal_uart.o(.text.HAL_UART_IRQHandler)
    HAL_UART_Init                            0x08004451   Thumb Code    96  stm32f4xx_hal_uart.o(.text.HAL_UART_Init)
    HAL_UART_MspInit                         0x080044b1   Thumb Code   366  usart.o(.text.HAL_UART_MspInit)
    HAL_UART_Receive_DMA                     0x08004621   Thumb Code   378  stm32f4xx_hal_uart.o(.text.HAL_UART_Receive_DMA)
    HAL_UART_RxCpltCallback                  0x0800479d   Thumb Code     2  stm32f4xx_hal_uart.o(.text.HAL_UART_RxCpltCallback)
    HAL_UART_RxHalfCpltCallback              0x080047a1   Thumb Code     2  stm32f4xx_hal_uart.o(.text.HAL_UART_RxHalfCpltCallback)
    HAL_UART_Transmit                        0x080047a5   Thumb Code   376  stm32f4xx_hal_uart.o(.text.HAL_UART_Transmit)
    HAL_UART_Transmit_DMA                    0x0800491d   Thumb Code   204  stm32f4xx_hal_uart.o(.text.HAL_UART_Transmit_DMA)
    HAL_UART_TxCpltCallback                  0x080049e9   Thumb Code    84  stm32f4xx_it.o(.text.HAL_UART_TxCpltCallback)
    HAL_UART_TxHalfCpltCallback              0x08004a3d   Thumb Code     2  stm32f4xx_hal_uart.o(.text.HAL_UART_TxHalfCpltCallback)
    HardFault_Handler                        0x08004a41   Thumb Code     2  stm32f4xx_it.o(.text.HardFault_Handler)
    MX_DMA_Init                              0x08004f29   Thumb Code    72  dma.o(.text.MX_DMA_Init)
    MX_GPIO_Init                             0x08004f71   Thumb Code   382  gpio.o(.text.MX_GPIO_Init)
    MX_I2C1_Init                             0x080050f1   Thumb Code    66  i2c.o(.text.MX_I2C1_Init)
    MX_SPI2_Init                             0x08005135   Thumb Code    82  spi.o(.text.MX_SPI2_Init)
    MX_TIM1_Init                             0x08005189   Thumb Code   116  tim.o(.text.MX_TIM1_Init)
    MX_TIM2_Init                             0x080051fd   Thumb Code   290  tim.o(.text.MX_TIM2_Init)
    MX_TIM3_Init                             0x08005321   Thumb Code   118  tim.o(.text.MX_TIM3_Init)
    MX_TIM4_Init                             0x08005399   Thumb Code   118  tim.o(.text.MX_TIM4_Init)
    MX_USART2_UART_Init                      0x08005411   Thumb Code    64  usart.o(.text.MX_USART2_UART_Init)
    MX_USART3_UART_Init                      0x08005451   Thumb Code    64  usart.o(.text.MX_USART3_UART_Init)
    MemManage_Handler                        0x08005491   Thumb Code     2  stm32f4xx_it.o(.text.MemManage_Handler)
    NMI_Handler                              0x08005495   Thumb Code     2  stm32f4xx_it.o(.text.NMI_Handler)
    OLED_Clear                               0x08005499   Thumb Code   172  oled.o(.text.OLED_Clear)
    OLED_Display_On                          0x08005545   Thumb Code   106  oled.o(.text.OLED_Display_On)
    OLED_Init                                0x080055b1   Thumb Code    16  oled.o(.text.OLED_Init)
    OLED_ShowChar                            0x080055c1   Thumb Code  1790  oled.o(.text.OLED_ShowChar)
    OLED_ShowString                          0x08005cc1   Thumb Code   172  oled.o(.text.OLED_ShowString)
    PendSV_Handler                           0x08005d6d   Thumb Code     2  stm32f4xx_it.o(.text.PendSV_Handler)
    SVC_Handler                              0x08005e95   Thumb Code     2  stm32f4xx_it.o(.text.SVC_Handler)
    SysTick_Handler                          0x08005e99   Thumb Code     4  stm32f4xx_it.o(.text.SysTick_Handler)
    SystemClock_Config                       0x08005e9d   Thumb Code   172  main_1.o(.text.SystemClock_Config)
    SystemInit                               0x08005f49   Thumb Code    18  system_stm32f4xx.o(.text.SystemInit)
    TIM1_UP_TIM10_IRQHandler                 0x08005f5d   Thumb Code    12  stm32f4xx_it.o(.text.TIM1_UP_TIM10_IRQHandler)
    TIM2_IRQHandler                          0x08005f69   Thumb Code    12  stm32f4xx_it.o(.text.TIM2_IRQHandler)
    TIM3_IRQHandler                          0x08005f75   Thumb Code    12  stm32f4xx_it.o(.text.TIM3_IRQHandler)
    TIM4_IRQHandler                          0x08005f81   Thumb Code    12  stm32f4xx_it.o(.text.TIM4_IRQHandler)
    TIM_Base_SetConfig                       0x08005f8d   Thumb Code   322  stm32f4xx_hal_tim.o(.text.TIM_Base_SetConfig)
    UART3_Enqueue                            0x080060d1   Thumb Code   306  main_1.o(.text.UART3_Enqueue)
    UART3_StartTx                            0x08006205   Thumb Code   124  main_1.o(.text.UART3_StartTx)
    USART2_IRQHandler                        0x08006829   Thumb Code   244  stm32f4xx_it.o(.text.USART2_IRQHandler)
    USART3_IRQHandler                        0x0800691d   Thumb Code    12  stm32f4xx_it.o(.text.USART3_IRQHandler)
    UsageFault_Handler                       0x08006929   Thumb Code     2  stm32f4xx_it.o(.text.UsageFault_Handler)
    WriteCmd                                 0x0800692d   Thumb Code   606  oled.o(.text.WriteCmd)
    btn1_double_click_handler                0x08006b8d   Thumb Code   164  my_button.o(.text.btn1_double_click_handler)
    btn1_long_press_hold_handler             0x08006c71   Thumb Code     2  my_button.o(.text.btn1_long_press_hold_handler)
    btn1_long_press_start_handler            0x08006c75   Thumb Code     2  my_button.o(.text.btn1_long_press_start_handler)
    btn1_press_repeat_handler                0x08006c79   Thumb Code     2  my_button.o(.text.btn1_press_repeat_handler)
    btn1_single_click_handler                0x08006c7d   Thumb Code   252  my_button.o(.text.btn1_single_click_handler)
    button_attach                            0x08006dc1   Thumb Code    18  multi_button.o(.text.button_attach)
    button_init                              0x08006dd5   Thumb Code    56  multi_button.o(.text.button_init)
    button_start                             0x08006e0d   Thumb Code    78  multi_button.o(.text.button_start)
    button_ticks                             0x08006e5d   Thumb Code   530  multi_button.o(.text.button_ticks)
    buttons_init                             0x08007071   Thumb Code   142  my_button.o(.text.buttons_init)
    getButtonLevel                           0x08007101   Thumb Code    40  my_button.o(.text.getButtonLevel)
    ldc1101_getLHRData                       0x08007129   Thumb Code   160  ldc1101_driver.o(.text.ldc1101_getLHRData)
    ldc1101_init                             0x080071c9   Thumb Code   570  ldc1101_driver.o(.text.ldc1101_init)
    ldc1101_readByte                         0x08007405   Thumb Code    68  ldc1101_driver.o(.text.ldc1101_readByte)
    main                                     0x08007449   Thumb Code  3776  main_1.o(.text.main)
    __0snprintf                              0x0800839d   Thumb Code    48  printfa.o(i.__0snprintf)
    __1snprintf                              0x0800839d   Thumb Code     0  printfa.o(i.__0snprintf)
    __2snprintf                              0x0800839d   Thumb Code     0  printfa.o(i.__0snprintf)
    __c89snprintf                            0x0800839d   Thumb Code     0  printfa.o(i.__0snprintf)
    snprintf                                 0x0800839d   Thumb Code     0  printfa.o(i.__0snprintf)
    __0sprintf                               0x080083d1   Thumb Code    34  printfa.o(i.__0sprintf)
    __1sprintf                               0x080083d1   Thumb Code     0  printfa.o(i.__0sprintf)
    __2sprintf                               0x080083d1   Thumb Code     0  printfa.o(i.__0sprintf)
    __c89sprintf                             0x080083d1   Thumb Code     0  printfa.o(i.__0sprintf)
    sprintf                                  0x080083d1   Thumb Code     0  printfa.o(i.__0sprintf)
    __aeabi_errno_addr                       0x080083f9   Thumb Code     4  errno.o(i.__aeabi_errno_addr)
    __rt_errno_addr                          0x080083f9   Thumb Code     0  errno.o(i.__aeabi_errno_addr)
    __scatterload_copy                       0x08008401   Thumb Code    14  handlers.o(i.__scatterload_copy)
    __scatterload_null                       0x0800840f   Thumb Code     2  handlers.o(i.__scatterload_null)
    __scatterload_zeroinit                   0x08008411   Thumb Code    14  handlers.o(i.__scatterload_zeroinit)
    __ctype_table                            0x08008cf2   Data         129  ctype_o.o(.constdata)
    AHBPrescTable                            0x08008ef8   Data          16  system_stm32f4xx.o(.rodata.AHBPrescTable)
    APBPrescTable                            0x08008f08   Data           8  system_stm32f4xx.o(.rodata.APBPrescTable)
    F6x8                                     0x08008f10   Data         552  oledfont.o(.rodata.F6x8)
    F8X16                                    0x08009138   Data        1504  oledfont.o(.rodata.F8X16)
    Region$$Table$$Base                      0x08009830   Number         0  anon$$obj.o(Region$$Table)
    Region$$Table$$Limit                     0x08009850   Number         0  anon$$obj.o(Region$$Table)
    drv_PWM_isChanged                        0x20000004   Data           1  main_1.o(.data..L_MergedGlobals)
    drv_PWM_freq                             0x20000008   Data           4  main_1.o(.data..L_MergedGlobals)
    drv_PWM_DR                               0x2000000c   Data           4  main_1.o(.data..L_MergedGlobals)
    UART3_TX_head                            0x20000010   Data           4  main_1.o(.data..L_MergedGlobals)
    UART3_TX_tail                            0x20000014   Data           4  main_1.o(.data..L_MergedGlobals)
    ldc2                                     0x20000018   Data          12  main_1.o(.data..L_MergedGlobals)
    hdrv1                                    0x20000024   Data          40  main_1.o(.data..L_MergedGlobals)
    uwTickFreq                               0x2000004c   Data           1  stm32f4xx_hal.o(.data..L_MergedGlobals)
    uwTickPrio                               0x20000050   Data           4  stm32f4xx_hal.o(.data..L_MergedGlobals)
    CMD_Data                                 0x20000054   Data          27  oled.o(.data.CMD_Data)
    SystemCoreClock                          0x20000070   Data           4  system_stm32f4xx.o(.data.SystemCoreClock)
    pFlash                                   0x20000074   Data          32  stm32f4xx_hal_flash.o(.data.pFlash)
    btn1                                     0x20000098   Data          44  my_button.o(.bss..L_MergedGlobals)
    btn2                                     0x200000c4   Data          44  my_button.o(.bss..L_MergedGlobals)
    system_mode                              0x20000100   Data           1  main_1.o(.bss..L_MergedGlobals.18)
    drv_excitingLevel                        0x20000101   Data           1  main_1.o(.bss..L_MergedGlobals.18)
    ldc2_isWorking                           0x20000102   Data           1  main_1.o(.bss..L_MergedGlobals.18)
    ldc2_isReading                           0x20000103   Data           1  main_1.o(.bss..L_MergedGlobals.18)
    ldc2_isReadingPrev                       0x20000104   Data           1  main_1.o(.bss..L_MergedGlobals.18)
    ldc2_dataReady                           0x20000105   Data           1  main_1.o(.bss..L_MergedGlobals.18)
    LDC_status                               0x20000106   Data           1  main_1.o(.bss..L_MergedGlobals.18)
    cal_episode_cnt                          0x20000107   Data           1  main_1.o(.bss..L_MergedGlobals.18)
    cal_state                                0x20000108   Data           1  main_1.o(.bss..L_MergedGlobals.18)
    UART2_RX_activeBuffer                    0x20000109   Data           1  main_1.o(.bss..L_MergedGlobals.18)
    UART2_TX_send                            0x2000010a   Data           1  main_1.o(.bss..L_MergedGlobals.18)
    UART3_DMA_busy                           0x2000010b   Data           1  main_1.o(.bss..L_MergedGlobals.18)
    oled_update_pending                      0x2000010c   Data           1  main_1.o(.bss..L_MergedGlobals.18)
    button_scan_pending                      0x2000010d   Data           1  main_1.o(.bss..L_MergedGlobals.18)
    led_breath_enabled                       0x2000010e   Data           1  main_1.o(.bss..L_MergedGlobals.18)
    cal_current_position_um                  0x20000110   Data           2  main_1.o(.bss..L_MergedGlobals.18)
    drv_PWM_cnt                              0x20000114   Data           4  main_1.o(.bss..L_MergedGlobals.18)
    drv_PWM_halfCnt                          0x20000118   Data           4  main_1.o(.bss..L_MergedGlobals.18)
    drv_PWM_assertCnt                        0x2000011c   Data           4  main_1.o(.bss..L_MergedGlobals.18)
    LHR_data                                 0x20000120   Data           4  main_1.o(.bss..L_MergedGlobals.18)
    cal_wait_start_tick                      0x20000124   Data           4  main_1.o(.bss..L_MergedGlobals.18)
    cal_sample_cnt                           0x20000128   Data           4  main_1.o(.bss..L_MergedGlobals.18)
    cal_total_sample_cnt                     0x2000012c   Data           4  main_1.o(.bss..L_MergedGlobals.18)
    cal_sum                                  0x20000130   Data           8  main_1.o(.bss..L_MergedGlobals.18)
    cal_sum_sq                               0x20000138   Data           8  main_1.o(.bss..L_MergedGlobals.18)
    cal_total_sum                            0x20000140   Data           8  main_1.o(.bss..L_MergedGlobals.18)
    cal_total_sum_sq                         0x20000148   Data           8  main_1.o(.bss..L_MergedGlobals.18)
    frame                                    0x20000150   Data           9  main_1.o(.bss..L_MergedGlobals.18)
    DR_scan_enabled                          0x20000159   Data           1  main_1.o(.bss.DR_scan_enabled)
    UART2_RX_DMA_buffer                      0x2000015a   Data         256  main_1.o(.bss.UART2_RX_DMA_buffer)
    UART2_TX_buffer                          0x2000025c   Data         128  main_1.o(.bss.UART2_TX_buffer)
    UART3_TX_buffer                          0x200002dc   Data        9216  main_1.o(.bss.UART3_TX_buffer)
    freq_scan_enabled                        0x200026dc   Data           1  main_1.o(.bss.freq_scan_enabled)
    hdma_usart2_rx                           0x200026e0   Data          96  usart.o(.bss.hdma_usart2_rx)
    hdma_usart3_tx                           0x20002740   Data          96  usart.o(.bss.hdma_usart3_tx)
    hi2c1                                    0x200027a4   Data          84  i2c.o(.bss.hi2c1)
    hspi2                                    0x200027f8   Data          88  spi.o(.bss.hspi2)
    htim1                                    0x20002850   Data          72  tim.o(.bss.htim1)
    htim2                                    0x20002898   Data          72  tim.o(.bss.htim2)
    htim3                                    0x200028e0   Data          72  tim.o(.bss.htim3)
    htim4                                    0x20002928   Data          72  tim.o(.bss.htim4)
    huart2                                   0x20002970   Data          72  usart.o(.bss.huart2)
    huart3                                   0x200029b8   Data          72  usart.o(.bss.huart3)
    isLHR                                    0x20002a00   Data           1  ldc1101_driver.o(.bss.isLHR)
    mean_episode                             0x20002a04   Data          40  main_1.o(.bss.mean_episode)
    uwTick                                   0x20002a2c   Data           4  stm32f4xx_hal.o(.bss.uwTick)
    __initial_sp                             0x20003230   Data           0  startup_stm32f407xx.o(STACK)



==============================================================================

Memory Map of the image

  Image Entry point : 0x08000189

  Load Region LR_IROM1 (Base: 0x08000000, Size: 0x000098e8, Max: 0x00100000, ABSOLUTE)

    Execution Region ER_IROM1 (Exec base: 0x08000000, Load base: 0x08000000, Size: 0x00009850, Max: 0x00100000, ABSOLUTE)

    Exec Addr    Load Addr    Size         Type   Attr      Idx    E Section Name        Object

    0x08000000   0x08000000   0x00000188   Data   RO          415    RESET               startup_stm32f407xx.o
    0x08000188   0x08000188   0x00000000   Code   RO         1516  * .ARM.Collect$$$$00000000  mc_w.l(entry.o)
    0x08000188   0x08000188   0x00000004   Code   RO         1804    .ARM.Collect$$$$00000001  mc_w.l(entry2.o)
    0x0800018c   0x0800018c   0x00000004   Code   RO         1807    .ARM.Collect$$$$00000004  mc_w.l(entry5.o)
    0x08000190   0x08000190   0x00000000   Code   RO         1809    .ARM.Collect$$$$00000008  mc_w.l(entry7b.o)
    0x08000190   0x08000190   0x00000000   Code   RO         1811    .ARM.Collect$$$$0000000A  mc_w.l(entry8b.o)
    0x08000190   0x08000190   0x00000008   Code   RO         1812    .ARM.Collect$$$$0000000B  mc_w.l(entry9a.o)
    0x08000198   0x08000198   0x00000000   Code   RO         1814    .ARM.Collect$$$$0000000D  mc_w.l(entry10a.o)
    0x08000198   0x08000198   0x00000000   Code   RO         1816    .ARM.Collect$$$$0000000F  mc_w.l(entry11a.o)
    0x08000198   0x08000198   0x00000004   Code   RO         1805    .ARM.Collect$$$$00002712  mc_w.l(entry2.o)
    0x0800019c   0x0800019c   0x00000024   Code   RO          416    .text               startup_stm32f407xx.o
    0x080001c0   0x080001c0   0x00000062   Code   RO         1519    .text               mc_w.l(uldiv.o)
    0x08000222   0x08000222   0x00000024   Code   RO         1521    .text               mc_w.l(memcpya.o)
    0x08000246   0x08000246   0x00000024   Code   RO         1523    .text               mc_w.l(memseta.o)
    0x0800026a   0x0800026a   0x00000018   Code   RO         1525    .text               mc_w.l(strncpy.o)
    0x08000282   0x08000282   0x0000000e   Code   RO         1527    .text               mc_w.l(strlen.o)
    0x08000290   0x08000290   0x0000001e   Code   RO         1529    .text               mc_w.l(strncmp.o)
    0x080002ae   0x080002ae   0x00000002   PAD
    0x080002b0   0x080002b0   0x00000038   Code   RO         1794    .text               mc_w.l(__0sscanf.o)
    0x080002e8   0x080002e8   0x0000014c   Code   RO         1796    .text               mc_w.l(_scanf_int.o)
    0x08000434   0x08000434   0x0000001a   Code   RO         1798    .text               mc_w.l(atoi.o)
    0x0800044e   0x0800044e   0x0000001c   Code   RO         1800    .text               mf_w.l(ffltul.o)
    0x0800046a   0x0800046a   0x00000026   Code   RO         1802    .text               mf_w.l(f2d.o)
    0x08000490   0x08000490   0x0000002c   Code   RO         1832    .text               mc_w.l(uidiv.o)
    0x080004bc   0x080004bc   0x0000001e   Code   RO         1834    .text               mc_w.l(llshl.o)
    0x080004da   0x080004da   0x00000020   Code   RO         1836    .text               mc_w.l(llushr.o)
    0x080004fa   0x080004fa   0x0000001c   Code   RO         1845    .text               mc_w.l(_chval.o)
    0x08000516   0x08000516   0x00000002   PAD
    0x08000518   0x08000518   0x00000028   Code   RO         1847    .text               mc_w.l(scanf_char.o)
    0x08000540   0x08000540   0x00000040   Code   RO         1849    .text               mc_w.l(_sgetc.o)
    0x08000580   0x08000580   0x00000070   Code   RO         1851    .text               mc_w.l(strtol.o)
    0x080005f0   0x080005f0   0x00000000   Code   RO         1853    .text               mc_w.l(iusefp.o)
    0x080005f0   0x080005f0   0x0000006e   Code   RO         1854    .text               mf_w.l(fepilogue.o)
    0x0800065e   0x0800065e   0x0000014e   Code   RO         1856    .text               mf_w.l(dadd.o)
    0x080007ac   0x080007ac   0x000000e4   Code   RO         1858    .text               mf_w.l(dmul.o)
    0x08000890   0x08000890   0x000000de   Code   RO         1860    .text               mf_w.l(ddiv.o)
    0x0800096e   0x0800096e   0x00000030   Code   RO         1862    .text               mf_w.l(dfixul.o)
    0x0800099e   0x0800099e   0x00000002   PAD
    0x080009a0   0x080009a0   0x00000030   Code   RO         1864    .text               mf_w.l(cdrcmple.o)
    0x080009d0   0x080009d0   0x00000030   Code   RO         1866    .text               mc_w.l(init.o)
    0x08000a00   0x08000a00   0x00000024   Code   RO         1869    .text               mc_w.l(llsshr.o)
    0x08000a24   0x08000a24   0x00000008   Code   RO         1873    .text               mc_w.l(ctype_o.o)
    0x08000a2c   0x08000a2c   0x00000012   Code   RO         1895    .text               mc_w.l(isspace_o.o)
    0x08000a3e   0x08000a3e   0x00000002   PAD
    0x08000a40   0x08000a40   0x0000032c   Code   RO         1901    .text               mc_w.l(_scanf.o)
    0x08000d6c   0x08000d6c   0x0000009e   Code   RO         1903    .text               mc_w.l(_strtoul.o)
    0x08000e0a   0x08000e0a   0x000000ba   Code   RO         1906    .text               mf_w.l(depilogue.o)
    0x08000ec4   0x08000ec4   0x00000002   Code   RO          363    .text.BusFault_Handler  stm32f4xx_it.o
    0x08000ec6   0x08000ec6   0x00000002   PAD
    0x08000ec8   0x08000ec8   0x000003b0   Code   RO            2    .text.Command_Parse  command.o
    0x08001278   0x08001278   0x0000000c   Code   RO          377    .text.DMA1_Stream3_IRQHandler  stm32f4xx_it.o
    0x08001284   0x08001284   0x0000000c   Code   RO          379    .text.DMA1_Stream5_IRQHandler  stm32f4xx_it.o
    0x08001290   0x08001290   0x00000066   Code   RO           16    .text.DRV_Coast     drv8833_driver.o
    0x080012f6   0x080012f6   0x00000002   PAD
    0x080012f8   0x080012f8   0x00000076   Code   RO           20    .text.DRV_Forward   drv8833_driver.o
    0x0800136e   0x0800136e   0x00000002   PAD
    0x08001370   0x08001370   0x00000080   Code   RO           12    .text.DRV_Init      drv8833_driver.o
    0x080013f0   0x080013f0   0x0000007c   Code   RO           22    .text.DRV_Reverse   drv8833_driver.o
    0x0800146c   0x0800146c   0x000000c4   Code   RO           14    .text.DRV_Sleep     drv8833_driver.o
    0x08001530   0x08001530   0x00000042   Code   RO          224    .text.DRV_Stop      main_1.o
    0x08001572   0x08001572   0x00000002   PAD
    0x08001574   0x08001574   0x00000002   Code   RO          369    .text.DebugMon_Handler  stm32f4xx_it.o
    0x08001576   0x08001576   0x00000002   PAD
    0x08001578   0x08001578   0x00000006   Code   RO          236    .text.Error_Handler  main_1.o
    0x0800157e   0x0800157e   0x00000002   PAD
    0x08001580   0x08001580   0x00000046   Code   RO          653    .text.FLASH_Erase_Sector  stm32f4xx_hal_flash_ex.o
    0x080015c6   0x080015c6   0x00000002   PAD
    0x080015c8   0x080015c8   0x00000058   Code   RO          655    .text.FLASH_FlushCaches  stm32f4xx_hal_flash_ex.o
    0x08001620   0x08001620   0x00000004   Code   RO          375    .text.FLASH_IRQHandler  stm32f4xx_it.o
    0x08001624   0x08001624   0x0000008e   Code   RO          718    .text.HAL_DMA_Abort  stm32f4xx_hal_dma.o
    0x080016b2   0x080016b2   0x00000002   PAD
    0x080016b4   0x080016b4   0x00000024   Code   RO          720    .text.HAL_DMA_Abort_IT  stm32f4xx_hal_dma.o
    0x080016d8   0x080016d8   0x000001c0   Code   RO          724    .text.HAL_DMA_IRQHandler  stm32f4xx_hal_dma.o
    0x08001898   0x08001898   0x00000162   Code   RO          710    .text.HAL_DMA_Init  stm32f4xx_hal_dma.o
    0x080019fa   0x080019fa   0x00000002   PAD
    0x080019fc   0x080019fc   0x000000a2   Code   RO          716    .text.HAL_DMA_Start_IT  stm32f4xx_hal_dma.o
    0x08001a9e   0x08001a9e   0x00000002   PAD
    0x08001aa0   0x08001aa0   0x00000028   Code   RO          877    .text.HAL_Delay     stm32f4xx_hal.o
    0x08001ac8   0x08001ac8   0x00000002   Code   RO          628    .text.HAL_FLASH_EndOfOperationCallback  stm32f4xx_hal_flash.o
    0x08001aca   0x08001aca   0x00000002   PAD
    0x08001acc   0x08001acc   0x00000138   Code   RO          624    .text.HAL_FLASH_IRQHandler  stm32f4xx_hal_flash.o
    0x08001c04   0x08001c04   0x00000002   Code   RO          626    .text.HAL_FLASH_OperationErrorCallback  stm32f4xx_hal_flash.o
    0x08001c06   0x08001c06   0x00000002   PAD
    0x08001c08   0x08001c08   0x0000019e   Code   RO          672    .text.HAL_GPIO_Init  stm32f4xx_hal_gpio.o
    0x08001da6   0x08001da6   0x00000002   PAD
    0x08001da8   0x08001da8   0x0000000a   Code   RO          676    .text.HAL_GPIO_ReadPin  stm32f4xx_hal_gpio.o
    0x08001db2   0x08001db2   0x00000002   PAD
    0x08001db4   0x08001db4   0x00000010   Code   RO          680    .text.HAL_GPIO_TogglePin  stm32f4xx_hal_gpio.o
    0x08001dc4   0x08001dc4   0x0000000a   Code   RO          678    .text.HAL_GPIO_WritePin  stm32f4xx_hal_gpio.o
    0x08001dce   0x08001dce   0x00000002   PAD
    0x08001dd0   0x08001dd0   0x0000000c   Code   RO          869    .text.HAL_GetTick   stm32f4xx_hal.o
    0x08001ddc   0x08001ddc   0x00000164   Code   RO          423    .text.HAL_I2C_Init  stm32f4xx_hal_i2c.o
    0x08001f40   0x08001f40   0x0000015c   Code   RO          467    .text.HAL_I2C_Mem_Write  stm32f4xx_hal_i2c.o
    0x0800209c   0x0800209c   0x0000006a   Code   RO          283    .text.HAL_I2C_MspInit  i2c.o
    0x08002106   0x08002106   0x00000002   PAD
    0x08002108   0x08002108   0x0000001a   Code   RO          867    .text.HAL_IncTick   stm32f4xx_hal.o
    0x08002122   0x08002122   0x00000002   PAD
    0x08002124   0x08002124   0x00000036   Code   RO          857    .text.HAL_Init      stm32f4xx_hal.o
    0x0800215a   0x0800215a   0x00000002   PAD
    0x0800215c   0x0800215c   0x00000048   Code   RO          859    .text.HAL_InitTick  stm32f4xx_hal.o
    0x080021a4   0x080021a4   0x00000052   Code   RO          406    .text.HAL_MspInit   stm32f4xx_hal_msp.o
    0x080021f6   0x080021f6   0x00000002   PAD
    0x080021f8   0x080021f8   0x00000022   Code   RO          809    .text.HAL_NVIC_EnableIRQ  stm32f4xx_hal_cortex.o
    0x0800221a   0x0800221a   0x00000002   PAD
    0x0800221c   0x0800221c   0x00000056   Code   RO          807    .text.HAL_NVIC_SetPriority  stm32f4xx_hal_cortex.o
    0x08002272   0x08002272   0x00000002   PAD
    0x08002274   0x08002274   0x00000020   Code   RO          805    .text.HAL_NVIC_SetPriorityGrouping  stm32f4xx_hal_cortex.o
    0x08002294   0x08002294   0x00000164   Code   RO          566    .text.HAL_RCC_ClockConfig  stm32f4xx_hal_rcc.o
    0x080023f8   0x080023f8   0x00000026   Code   RO          578    .text.HAL_RCC_GetPCLK1Freq  stm32f4xx_hal_rcc.o
    0x0800241e   0x0800241e   0x00000002   PAD
    0x08002420   0x08002420   0x00000026   Code   RO          580    .text.HAL_RCC_GetPCLK2Freq  stm32f4xx_hal_rcc.o
    0x08002446   0x08002446   0x00000002   PAD
    0x08002448   0x08002448   0x0000006c   Code   RO          568    .text.HAL_RCC_GetSysClockFreq  stm32f4xx_hal_rcc.o
    0x080024b4   0x080024b4   0x000003b0   Code   RO          564    .text.HAL_RCC_OscConfig  stm32f4xx_hal_rcc.o
    0x08002864   0x08002864   0x000000b4   Code   RO          947    .text.HAL_SPI_Init  stm32f4xx_hal_spi.o
    0x08002918   0x08002918   0x0000006c   Code   RO          298    .text.HAL_SPI_MspInit  spi.o
    0x08002984   0x08002984   0x0000027a   Code   RO          955    .text.HAL_SPI_Transmit  stm32f4xx_hal_spi.o
    0x08002bfe   0x08002bfe   0x00000002   PAD
    0x08002c00   0x08002c00   0x0000034e   Code   RO          959    .text.HAL_SPI_TransmitReceive  stm32f4xx_hal_spi.o
    0x08002f4e   0x08002f4e   0x00000002   PAD
    0x08002f50   0x08002f50   0x0000002c   Code   RO          817    .text.HAL_SYSTICK_Config  stm32f4xx_hal_cortex.o
    0x08002f7c   0x08002f7c   0x00000002   Code   RO         1366    .text.HAL_TIMEx_BreakCallback  stm32f4xx_hal_tim_ex.o
    0x08002f7e   0x08002f7e   0x00000002   PAD
    0x08002f80   0x08002f80   0x00000002   Code   RO         1362    .text.HAL_TIMEx_CommutCallback  stm32f4xx_hal_tim_ex.o
    0x08002f82   0x08002f82   0x00000002   PAD
    0x08002f84   0x08002f84   0x000000ba   Code   RO         1356    .text.HAL_TIMEx_MasterConfigSynchronization  stm32f4xx_hal_tim_ex.o
    0x0800303e   0x0800303e   0x00000002   PAD
    0x08003040   0x08003040   0x0000005a   Code   RO         1061    .text.HAL_TIM_Base_Init  stm32f4xx_hal_tim.o
    0x0800309a   0x0800309a   0x00000002   PAD
    0x0800309c   0x0800309c   0x000000ee   Code   RO          321    .text.HAL_TIM_Base_MspInit  tim.o
    0x0800318a   0x0800318a   0x00000002   PAD
    0x0800318c   0x0800318c   0x000000aa   Code   RO         1075    .text.HAL_TIM_Base_Start_IT  stm32f4xx_hal_tim.o
    0x08003236   0x08003236   0x00000002   PAD
    0x08003238   0x08003238   0x0000003c   Code   RO         1077    .text.HAL_TIM_Base_Stop_IT  stm32f4xx_hal_tim.o
    0x08003274   0x08003274   0x000001a0   Code   RO         1241    .text.HAL_TIM_ConfigClockSource  stm32f4xx_hal_tim.o
    0x08003414   0x08003414   0x00000002   Code   RO         1197    .text.HAL_TIM_IC_CaptureCallback  stm32f4xx_hal_tim.o
    0x08003416   0x08003416   0x00000002   PAD
    0x08003418   0x08003418   0x0000014e   Code   RO         1195    .text.HAL_TIM_IRQHandler  stm32f4xx_hal_tim.o
    0x08003566   0x08003566   0x00000002   PAD
    0x08003568   0x08003568   0x00000002   Code   RO         1199    .text.HAL_TIM_OC_DelayElapsedCallback  stm32f4xx_hal_tim.o
    0x0800356a   0x0800356a   0x00000002   PAD
    0x0800356c   0x0800356c   0x00000224   Code   RO         1215    .text.HAL_TIM_PWM_ConfigChannel  stm32f4xx_hal_tim.o
    0x08003790   0x08003790   0x0000005a   Code   RO         1115    .text.HAL_TIM_PWM_Init  stm32f4xx_hal_tim.o
    0x080037ea   0x080037ea   0x00000002   PAD
    0x080037ec   0x080037ec   0x00000002   Code   RO         1117    .text.HAL_TIM_PWM_MspInit  stm32f4xx_hal_tim.o
    0x080037ee   0x080037ee   0x00000002   PAD
    0x080037f0   0x080037f0   0x00000002   Code   RO         1201    .text.HAL_TIM_PWM_PulseFinishedCallback  stm32f4xx_hal_tim.o
    0x080037f2   0x080037f2   0x00000002   PAD
    0x080037f4   0x080037f4   0x0000011e   Code   RO         1123    .text.HAL_TIM_PWM_Start  stm32f4xx_hal_tim.o
    0x08003912   0x08003912   0x00000002   PAD
    0x08003914   0x08003914   0x000000aa   Code   RO         1125    .text.HAL_TIM_PWM_Stop  stm32f4xx_hal_tim.o
    0x080039be   0x080039be   0x00000002   PAD
    0x080039c0   0x080039c0   0x000002e0   Code   RO          393    .text.HAL_TIM_PeriodElapsedCallback  stm32f4xx_it.o
    0x08003ca0   0x08003ca0   0x00000002   Code   RO         1205    .text.HAL_TIM_TriggerCallback  stm32f4xx_hal_tim.o
    0x08003ca2   0x08003ca2   0x00000002   PAD
    0x08003ca4   0x08003ca4   0x00000002   Code   RO         1466    .text.HAL_UARTEx_RxEventCallback  stm32f4xx_hal_uart.o
    0x08003ca6   0x08003ca6   0x00000002   PAD
    0x08003ca8   0x08003ca8   0x0000021c   Code   RO         1422    .text.HAL_UART_DMAStop  stm32f4xx_hal_uart.o
    0x08003ec4   0x08003ec4   0x00000002   Code   RO         1464    .text.HAL_UART_ErrorCallback  stm32f4xx_hal_uart.o
    0x08003ec6   0x08003ec6   0x00000002   PAD
    0x08003ec8   0x08003ec8   0x00000588   Code   RO         1458    .text.HAL_UART_IRQHandler  stm32f4xx_hal_uart.o
    0x08004450   0x08004450   0x00000060   Code   RO         1380    .text.HAL_UART_Init  stm32f4xx_hal_uart.o
    0x080044b0   0x080044b0   0x0000016e   Code   RO          341    .text.HAL_UART_MspInit  usart.o
    0x0800461e   0x0800461e   0x00000002   PAD
    0x08004620   0x08004620   0x0000017a   Code   RO         1414    .text.HAL_UART_Receive_DMA  stm32f4xx_hal_uart.o
    0x0800479a   0x0800479a   0x00000002   PAD
    0x0800479c   0x0800479c   0x00000002   Code   RO         1472    .text.HAL_UART_RxCpltCallback  stm32f4xx_hal_uart.o
    0x0800479e   0x0800479e   0x00000002   PAD
    0x080047a0   0x080047a0   0x00000002   Code   RO         1474    .text.HAL_UART_RxHalfCpltCallback  stm32f4xx_hal_uart.o
    0x080047a2   0x080047a2   0x00000002   PAD
    0x080047a4   0x080047a4   0x00000178   Code   RO         1396    .text.HAL_UART_Transmit  stm32f4xx_hal_uart.o
    0x0800491c   0x0800491c   0x000000cc   Code   RO         1406    .text.HAL_UART_Transmit_DMA  stm32f4xx_hal_uart.o
    0x080049e8   0x080049e8   0x00000054   Code   RO          395    .text.HAL_UART_TxCpltCallback  stm32f4xx_it.o
    0x08004a3c   0x08004a3c   0x00000002   Code   RO         1470    .text.HAL_UART_TxHalfCpltCallback  stm32f4xx_hal_uart.o
    0x08004a3e   0x08004a3e   0x00000002   PAD
    0x08004a40   0x08004a40   0x00000002   Code   RO          359    .text.HardFault_Handler  stm32f4xx_it.o
    0x08004a42   0x08004a42   0x00000002   PAD
    0x08004a44   0x08004a44   0x000000c8   Code   RO          469    .text.I2C_RequestMemoryWrite  stm32f4xx_hal_i2c.o
    0x08004b0c   0x08004b0c   0x000000ba   Code   RO          437    .text.I2C_WaitOnBTFFlagUntilTimeout  stm32f4xx_hal_i2c.o
    0x08004bc6   0x08004bc6   0x00000002   PAD
    0x08004bc8   0x08004bc8   0x000001ca   Code   RO          433    .text.I2C_WaitOnFlagUntilTimeout  stm32f4xx_hal_i2c.o
    0x08004d92   0x08004d92   0x00000002   PAD
    0x08004d94   0x08004d94   0x000000d6   Code   RO          551    .text.I2C_WaitOnMasterAddressFlagUntilTimeout  stm32f4xx_hal_i2c.o
    0x08004e6a   0x08004e6a   0x00000002   PAD
    0x08004e6c   0x08004e6c   0x000000ba   Code   RO          435    .text.I2C_WaitOnTXEFlagUntilTimeout  stm32f4xx_hal_i2c.o
    0x08004f26   0x08004f26   0x00000002   PAD
    0x08004f28   0x08004f28   0x00000048   Code   RO          272    .text.MX_DMA_Init   dma.o
    0x08004f70   0x08004f70   0x0000017e   Code   RO          262    .text.MX_GPIO_Init  gpio.o
    0x080050ee   0x080050ee   0x00000002   PAD
    0x080050f0   0x080050f0   0x00000042   Code   RO          281    .text.MX_I2C1_Init  i2c.o
    0x08005132   0x08005132   0x00000002   PAD
    0x08005134   0x08005134   0x00000052   Code   RO          296    .text.MX_SPI2_Init  spi.o
    0x08005186   0x08005186   0x00000002   PAD
    0x08005188   0x08005188   0x00000074   Code   RO          311    .text.MX_TIM1_Init  tim.o
    0x080051fc   0x080051fc   0x00000122   Code   RO          313    .text.MX_TIM2_Init  tim.o
    0x0800531e   0x0800531e   0x00000002   PAD
    0x08005320   0x08005320   0x00000076   Code   RO          317    .text.MX_TIM3_Init  tim.o
    0x08005396   0x08005396   0x00000002   PAD
    0x08005398   0x08005398   0x00000076   Code   RO          319    .text.MX_TIM4_Init  tim.o
    0x0800540e   0x0800540e   0x00000002   PAD
    0x08005410   0x08005410   0x00000040   Code   RO          337    .text.MX_USART2_UART_Init  usart.o
    0x08005450   0x08005450   0x00000040   Code   RO          339    .text.MX_USART3_UART_Init  usart.o
    0x08005490   0x08005490   0x00000002   Code   RO          361    .text.MemManage_Handler  stm32f4xx_it.o
    0x08005492   0x08005492   0x00000002   PAD
    0x08005494   0x08005494   0x00000002   Code   RO          357    .text.NMI_Handler   stm32f4xx_it.o
    0x08005496   0x08005496   0x00000002   PAD
    0x08005498   0x08005498   0x000000ac   Code   RO          172    .text.OLED_Clear    oled.o
    0x08005544   0x08005544   0x0000006a   Code   RO          174    .text.OLED_Display_On  oled.o
    0x080055ae   0x080055ae   0x00000002   PAD
    0x080055b0   0x080055b0   0x00000010   Code   RO          164    .text.OLED_Init     oled.o
    0x080055c0   0x080055c0   0x000006fe   Code   RO          182    .text.OLED_ShowChar  oled.o
    0x08005cbe   0x08005cbe   0x00000002   PAD
    0x08005cc0   0x08005cc0   0x000000ac   Code   RO          184    .text.OLED_ShowString  oled.o
    0x08005d6c   0x08005d6c   0x00000002   Code   RO          371    .text.PendSV_Handler  stm32f4xx_it.o
    0x08005d6e   0x08005d6e   0x00000002   PAD
    0x08005d70   0x08005d70   0x00000124   Code   RO         1051    .text.SPI_WaitFlagStateUntilTimeout  stm32f4xx_hal_spi.o
    0x08005e94   0x08005e94   0x00000002   Code   RO          367    .text.SVC_Handler   stm32f4xx_it.o
    0x08005e96   0x08005e96   0x00000002   PAD
    0x08005e98   0x08005e98   0x00000004   Code   RO          373    .text.SysTick_Handler  stm32f4xx_it.o
    0x08005e9c   0x08005e9c   0x000000ac   Code   RO          234    .text.SystemClock_Config  main_1.o
    0x08005f48   0x08005f48   0x00000012   Code   RO         1502    .text.SystemInit    system_stm32f4xx.o
    0x08005f5a   0x08005f5a   0x00000002   PAD
    0x08005f5c   0x08005f5c   0x0000000c   Code   RO          381    .text.TIM1_UP_TIM10_IRQHandler  stm32f4xx_it.o
    0x08005f68   0x08005f68   0x0000000c   Code   RO          383    .text.TIM2_IRQHandler  stm32f4xx_it.o
    0x08005f74   0x08005f74   0x0000000c   Code   RO          385    .text.TIM3_IRQHandler  stm32f4xx_it.o
    0x08005f80   0x08005f80   0x0000000c   Code   RO          387    .text.TIM4_IRQHandler  stm32f4xx_it.o
    0x08005f8c   0x08005f8c   0x00000142   Code   RO         1065    .text.TIM_Base_SetConfig  stm32f4xx_hal_tim.o
    0x080060ce   0x080060ce   0x00000002   PAD
    0x080060d0   0x080060d0   0x00000132   Code   RO          226    .text.UART3_Enqueue  main_1.o
    0x08006202   0x08006202   0x00000002   PAD
    0x08006204   0x08006204   0x0000007c   Code   RO          228    .text.UART3_StartTx  main_1.o
    0x08006280   0x08006280   0x0000000a   Code   RO         1462    .text.UART_DMAAbortOnError  stm32f4xx_hal_uart.o
    0x0800628a   0x0800628a   0x00000002   PAD
    0x0800628c   0x0800628c   0x0000017c   Code   RO         1412    .text.UART_DMAError  stm32f4xx_hal_uart.o
    0x08006408   0x08006408   0x0000015e   Code   RO         1490    .text.UART_DMAReceiveCplt  stm32f4xx_hal_uart.o
    0x08006566   0x08006566   0x00000002   PAD
    0x08006568   0x08006568   0x00000018   Code   RO         1492    .text.UART_DMARxHalfCplt  stm32f4xx_hal_uart.o
    0x08006580   0x08006580   0x000000b0   Code   RO         1408    .text.UART_DMATransmitCplt  stm32f4xx_hal_uart.o
    0x08006630   0x08006630   0x00000006   Code   RO         1410    .text.UART_DMATxHalfCplt  stm32f4xx_hal_uart.o
    0x08006636   0x08006636   0x00000002   PAD
    0x08006638   0x08006638   0x000000fe   Code   RO         1460    .text.UART_Receive_IT  stm32f4xx_hal_uart.o
    0x08006736   0x08006736   0x00000002   PAD
    0x08006738   0x08006738   0x000000ee   Code   RO         1384    .text.UART_SetConfig  stm32f4xx_hal_uart.o
    0x08006826   0x08006826   0x00000002   PAD
    0x08006828   0x08006828   0x000000f4   Code   RO          389    .text.USART2_IRQHandler  stm32f4xx_it.o
    0x0800691c   0x0800691c   0x0000000c   Code   RO          391    .text.USART3_IRQHandler  stm32f4xx_it.o
    0x08006928   0x08006928   0x00000002   Code   RO          365    .text.UsageFault_Handler  stm32f4xx_it.o
    0x0800692a   0x0800692a   0x00000002   PAD
    0x0800692c   0x0800692c   0x0000025e   Code   RO          162    .text.WriteCmd      oled.o
    0x08006b8a   0x08006b8a   0x00000002   PAD
    0x08006b8c   0x08006b8c   0x000000e4   Code   RO          143    .text.btn1_double_click_handler  my_button.o
    0x08006c70   0x08006c70   0x00000002   Code   RO          147    .text.btn1_long_press_hold_handler  my_button.o
    0x08006c72   0x08006c72   0x00000002   PAD
    0x08006c74   0x08006c74   0x00000002   Code   RO          145    .text.btn1_long_press_start_handler  my_button.o
    0x08006c76   0x08006c76   0x00000002   PAD
    0x08006c78   0x08006c78   0x00000002   Code   RO          149    .text.btn1_press_repeat_handler  my_button.o
    0x08006c7a   0x08006c7a   0x00000002   PAD
    0x08006c7c   0x08006c7c   0x00000144   Code   RO          141    .text.btn1_single_click_handler  my_button.o
    0x08006dc0   0x08006dc0   0x00000012   Code   RO          112    .text.button_attach  multi_button.o
    0x08006dd2   0x08006dd2   0x00000002   PAD
    0x08006dd4   0x08006dd4   0x00000038   Code   RO          110    .text.button_init   multi_button.o
    0x08006e0c   0x08006e0c   0x0000004e   Code   RO          124    .text.button_start  multi_button.o
    0x08006e5a   0x08006e5a   0x00000002   PAD
    0x08006e5c   0x08006e5c   0x00000212   Code   RO          128    .text.button_ticks  multi_button.o
    0x0800706e   0x0800706e   0x00000002   PAD
    0x08007070   0x08007070   0x0000008e   Code   RO          151    .text.buttons_init  my_button.o
    0x080070fe   0x080070fe   0x00000002   PAD
    0x08007100   0x08007100   0x00000028   Code   RO          139    .text.getButtonLevel  my_button.o
    0x08007128   0x08007128   0x000000a0   Code   RO           48    .text.ldc1101_getLHRData  ldc1101_driver.o
    0x080071c8   0x080071c8   0x0000023a   Code   RO           38    .text.ldc1101_init  ldc1101_driver.o
    0x08007402   0x08007402   0x00000002   PAD
    0x08007404   0x08007404   0x00000044   Code   RO           36    .text.ldc1101_readByte  ldc1101_driver.o
    0x08007448   0x08007448   0x00000f54   Code   RO          232    .text.main          main_1.o
    0x0800839c   0x0800839c   0x00000034   Code   RO         1767    i.__0snprintf       mc_w.l(printfa.o)
    0x080083d0   0x080083d0   0x00000028   Code   RO         1768    i.__0sprintf        mc_w.l(printfa.o)
    0x080083f8   0x080083f8   0x00000008   Code   RO         1838    i.__aeabi_errno_addr  mc_w.l(errno.o)
    0x08008400   0x08008400   0x0000000e   Code   RO         1913    i.__scatterload_copy  mc_w.l(handlers.o)
    0x0800840e   0x0800840e   0x00000002   Code   RO         1914    i.__scatterload_null  mc_w.l(handlers.o)
    0x08008410   0x08008410   0x0000000e   Code   RO         1915    i.__scatterload_zeroinit  mc_w.l(handlers.o)
    0x0800841e   0x0800841e   0x00000002   PAD
    0x08008420   0x08008420   0x00000184   Code   RO         1773    i._fp_digits        mc_w.l(printfa.o)
    0x080085a4   0x080085a4   0x000006dc   Code   RO         1774    i._printf_core      mc_w.l(printfa.o)
    0x08008c80   0x08008c80   0x00000024   Code   RO         1775    i._printf_post_padding  mc_w.l(printfa.o)
    0x08008ca4   0x08008ca4   0x0000002e   Code   RO         1776    i._printf_pre_padding  mc_w.l(printfa.o)
    0x08008cd2   0x08008cd2   0x00000016   Code   RO         1777    i._snputc           mc_w.l(printfa.o)
    0x08008ce8   0x08008ce8   0x0000000a   Code   RO         1778    i._sputc            mc_w.l(printfa.o)
    0x08008cf2   0x08008cf2   0x00000081   Data   RO         1874    .constdata          mc_w.l(ctype_o.o)
    0x08008d73   0x08008d73   0x00000001   PAD
    0x08008d74   0x08008d74   0x00000004   Data   RO         1875    .constdata          mc_w.l(ctype_o.o)
    0x08008d78   0x08008d78   0x00000080   Data   RO          248    .rodata..Lstr       main_1.o
    0x08008df8   0x08008df8   0x00000080   Data   RO          249    .rodata..Lstr.16    main_1.o
    0x08008e78   0x08008e78   0x00000080   Data   RO          250    .rodata..Lstr.17    main_1.o
    0x08008ef8   0x08008ef8   0x00000010   Data   RO         1507    .rodata.AHBPrescTable  system_stm32f4xx.o
    0x08008f08   0x08008f08   0x00000008   Data   RO         1508    .rodata.APBPrescTable  system_stm32f4xx.o
    0x08008f10   0x08008f10   0x00000228   Data   RO          213    .rodata.F6x8        oledfont.o
    0x08009138   0x08009138   0x000005e0   Data   RO          214    .rodata.F8X16       oledfont.o
    0x08009718   0x08009718   0x00000008   Data   RO          734    .rodata.cst8        stm32f4xx_hal_dma.o
    0x08009720   0x08009720   0x0000005a   Data   RO            4    .rodata.str1.1      command.o
    0x0800977a   0x0800977a   0x00000051   Data   RO          247    .rodata.str1.1      main_1.o
    0x080097cb   0x080097cb   0x00000001   PAD
    0x080097cc   0x080097cc   0x00000064   Data   RO            5    .rodata.str1.4      command.o
    0x08009830   0x08009830   0x00000020   Data   RO         1912    Region$$Table       anon$$obj.o


    Execution Region RW_IRAM1 (Exec base: 0x20000000, Load base: 0x08009850, Size: 0x00003230, Max: 0x0001c000, ABSOLUTE)

    Exec Addr    Load Addr    Size         Type   Attr      Idx    E Section Name        Object

    0x20000000   0x08009850   0x00000004   Data   RW         1841    .data               mc_w.l(errno.o)
    0x20000004   0x08009854   0x00000048   Data   RW          252    .data..L_MergedGlobals  main_1.o
    0x2000004c   0x0800989c   0x00000008   Data   RW          912    .data..L_MergedGlobals  stm32f4xx_hal.o
    0x20000054   0x080098a4   0x0000001b   Data   RW          204    .data.CMD_Data      oled.o
    0x2000006f   0x080098bf   0x00000001   PAD
    0x20000070   0x080098c0   0x00000004   Data   RW         1506    .data.SystemCoreClock  system_stm32f4xx.o
    0x20000074   0x080098c4   0x00000020   Data   RW          642    .data.pFlash        stm32f4xx_hal_flash.o
    0x20000094   0x080098e4   0x00000004   PAD
    0x20000098        -       0x00000058   Zero   RW          153    .bss..L_MergedGlobals  my_button.o
    0x200000f0        -       0x00000010   Zero   RW          397    .bss..L_MergedGlobals  stm32f4xx_it.o
    0x20000100        -       0x00000059   Zero   RW          253    .bss..L_MergedGlobals.18  main_1.o
    0x20000159        -       0x00000001   Zero   RW          239    .bss.DR_scan_enabled  main_1.o
    0x2000015a        -       0x00000100   Zero   RW          244    .bss.UART2_RX_DMA_buffer  main_1.o
    0x2000025a   0x080098e4   0x00000002   PAD
    0x2000025c        -       0x00000080   Zero   RW          245    .bss.UART2_TX_buffer  main_1.o
    0x200002dc        -       0x00002400   Zero   RW          246    .bss.UART3_TX_buffer  main_1.o
    0x200026dc        -       0x00000001   Zero   RW          238    .bss.freq_scan_enabled  main_1.o
    0x200026dd   0x080098e4   0x00000003   PAD
    0x200026e0        -       0x00000060   Zero   RW          347    .bss.hdma_usart2_rx  usart.o
    0x20002740        -       0x00000060   Zero   RW          348    .bss.hdma_usart3_tx  usart.o
    0x200027a0        -       0x00000004   Zero   RW          130    .bss.head_handle    multi_button.o
    0x200027a4        -       0x00000054   Zero   RW          287    .bss.hi2c1          i2c.o
    0x200027f8        -       0x00000058   Zero   RW          302    .bss.hspi2          spi.o
    0x20002850        -       0x00000048   Zero   RW          325    .bss.htim1          tim.o
    0x20002898        -       0x00000048   Zero   RW          326    .bss.htim2          tim.o
    0x200028e0        -       0x00000048   Zero   RW          327    .bss.htim3          tim.o
    0x20002928        -       0x00000048   Zero   RW          328    .bss.htim4          tim.o
    0x20002970        -       0x00000048   Zero   RW          345    .bss.huart2         usart.o
    0x200029b8        -       0x00000048   Zero   RW          346    .bss.huart3         usart.o
    0x20002a00        -       0x00000001   Zero   RW           50    .bss.isLHR          ldc1101_driver.o
    0x20002a01   0x080098e4   0x00000003   PAD
    0x20002a04        -       0x00000028   Zero   RW          243    .bss.mean_episode   main_1.o
    0x20002a2c        -       0x00000004   Zero   RW          911    .bss.uwTick         stm32f4xx_hal.o
    0x20002a30        -       0x00000800   Zero   RW          413    STACK               startup_stm32f407xx.o


    Execution Region RW_IRAM2 (Exec base: 0x2001c000, Load base: 0x080098e8, Size: 0x00000000, Max: 0x00004000, ABSOLUTE)

    **** No section assigned to this execution region ****


==============================================================================

Image component sizes


      Code (inc. data)   RO Data    RW Data    ZI Data      Debug   Object Name

       944        168        190          0          0       3095   command.o
        72          0          0          0          0       3476   dma.o
       668          0          0          0          0       6303   drv8833_driver.o
       382          0          0          0          0       2580   gpio.o
       172          0          0          0         84       5432   i2c.o
       798          0          0          0          1       8916   ldc1101_driver.o
      4598        164        465         72       9731      23181   main_1.o
       682          8          0          0          4       4651   multi_button.o
       740        136          0          0         88       3354   my_button.o
      2862          0          0         27          0      21312   oled.o
         0          0       2056          0          0        524   oledfont.o
       190          0          0          0         88       5261   spi.o
        36          8        392          0       2048        840   startup_stm32f407xx.o
       204          0          0          8          4       7309   stm32f4xx_hal.o
       196          0          0          0          0      10763   stm32f4xx_hal_cortex.o
      1142          6          8          0          0      10740   stm32f4xx_hal_dma.o
       316          0          0         32          0       5615   stm32f4xx_hal_flash.o
       158          0          0          0          0       5836   stm32f4xx_hal_flash_ex.o
       450          0          0          0          0       5337   stm32f4xx_hal_gpio.o
      1948          0          0          0          0      43871   stm32f4xx_hal_i2c.o
        82          0          0          0          0       3500   stm32f4xx_hal_msp.o
      1484          0          0          0          0       7480   stm32f4xx_hal_rcc.o
      1952          0          0          0          0      26575   stm32f4xx_hal_spi.o
      2496          6          0          0          0      55668   stm32f4xx_hal_tim.o
       190          0          0          0          0      21028   stm32f4xx_hal_tim_ex.o
      4458          0          0          0          0      32391   stm32f4xx_hal_uart.o
      1172          8          0          0         16       9396   stm32f4xx_it.o
        18          0         24          4          0       2593   system_stm32f4xx.o
       880          0          0          0        288      10247   tim.o
       494          0          0          0        336       7420   usart.o

    ----------------------------------------------------------------------
     29948        504       3168        144      12700     354694   Object Totals
         0          0         32          0          0          0   (incl. Generated)
       164          0          1          1         12          0   (incl. Padding)

    ----------------------------------------------------------------------

      Code (inc. data)   RO Data    RW Data    ZI Data      Debug   Library Member Name

        56          8          0          0          0         84   __0sscanf.o
        28          0          0          0          0         68   _chval.o
       812          4          0          0          0        112   _scanf.o
       332          0          0          0          0         96   _scanf_int.o
        64          0          0          0          0         84   _sgetc.o
       158          0          0          0          0         92   _strtoul.o
        26          0          0          0          0         80   atoi.o
         8          4        133          0          0         68   ctype_o.o
         0          0          0          0          0          0   entry.o
         0          0          0          0          0          0   entry10a.o
         0          0          0          0          0          0   entry11a.o
         8          4          0          0          0          0   entry2.o
         4          0          0          0          0          0   entry5.o
         0          0          0          0          0          0   entry7b.o
         0          0          0          0          0          0   entry8b.o
         8          4          0          0          0          0   entry9a.o
         8          4          0          4          0         68   errno.o
        30          0          0          0          0          0   handlers.o
        48         10          0          0          0         68   init.o
        18          0          0          0          0         76   isspace_o.o
         0          0          0          0          0          0   iusefp.o
        30          0          0          0          0         68   llshl.o
        36          0          0          0          0         68   llsshr.o
        32          0          0          0          0         68   llushr.o
        36          0          0          0          0         68   memcpya.o
        36          0          0          0          0        108   memseta.o
      2350         90          0          0          0        676   printfa.o
        40          8          0          0          0         84   scanf_char.o
        14          0          0          0          0         68   strlen.o
        30          0          0          0          0         80   strncmp.o
        24          0          0          0          0         76   strncpy.o
       112          0          0          0          0         88   strtol.o
        44          0          0          0          0         80   uidiv.o
        98          0          0          0          0         92   uldiv.o
        48          0          0          0          0         68   cdrcmple.o
       334          0          0          0          0        148   dadd.o
       222          0          0          0          0        100   ddiv.o
       186          0          0          0          0        176   depilogue.o
        48          0          0          0          0         68   dfixul.o
       228          0          0          0          0         96   dmul.o
        38          0          0          0          0         68   f2d.o
       110          0          0          0          0        168   fepilogue.o
        28          0          0          0          0         84   ffltul.o

    ----------------------------------------------------------------------
      5742        136        134          4          0       3496   Library Totals
        10          0          1          0          0          0   (incl. Padding)

    ----------------------------------------------------------------------

      Code (inc. data)   RO Data    RW Data    ZI Data      Debug   Library Name

      4490        136        133          4          0       2520   mc_w.l
      1242          0          0          0          0        976   mf_w.l

    ----------------------------------------------------------------------
      5742        136        134          4          0       3496   Library Totals

    ----------------------------------------------------------------------

==============================================================================


      Code (inc. data)   RO Data    RW Data    ZI Data      Debug   

     35690        640       3302        148      12700     355982   Grand Totals
     35690        640       3302        148      12700     355982   ELF Image Totals
     35690        640       3302        148          0          0   ROM Totals

==============================================================================

    Total RO  Size (Code + RO Data)                38992 (  38.08kB)
    Total RW  Size (RW Data + ZI Data)             12848 (  12.55kB)
    Total ROM Size (Code + RO Data + RW Data)      39140 (  38.22kB)

==============================================================================

