<html>
<body>
<pre>
<h1>µVision Build Log</h1>
<h2>Tool Versions:</h2>
IDE-Version: ¶ÃVision V5.39.0.0
Copyright (C) 2023 ARM Ltd and ARM Germany GmbH. All rights reserved.
License Information: df œÚ’π—Ù, fsa, LIC=PE7DL-0R022-UHV8H-W97PB-L92M9-20GGF
 
Tool Versions:
Toolchain:       MDK-ARM Plus  Version: 5.39.0.0
Toolchain Path:  F:\Keil\Keil_v5\ARM\ARMCLANG\Bin
C Compiler:      ArmClang.exe V6.21
Assembler:       Armasm.exe V6.21
Linker/Locator:  ArmLink.exe V6.21
Library Manager: ArmAr.exe V6.21
Hex Converter:   FromElf.exe V6.21
CPU DLL:         SARMCM3.DLL V5.39.0.0
Dialog DLL:      DCM.DLL V1.17.5.0
Target DLL:      CMSIS_AGDI.dll V1.33.16.0
Dialog DLL:      TCM.DLL V1.56.4.0
 
<h2>Project:</h2>
G:\Oscillatory_Viscometer\OV_F407VGT6_2026.01.18\MDK-ARM\OV_F407VGT6_2026.01.18.uvprojx
Project File Date:  01/31/2026

<h2>Output:</h2>
*** Using Compiler 'V6.21', folder: 'F:\Keil\Keil_v5\ARM\ARMCLANG\Bin'
Rebuild target 'OV_F407VGT6_2026.01.18'
Note: source file '../Core/Src/main.c' - object file renamed from 'OV_F407VGT6_2026.01.18\main.o' to 'OV_F407VGT6_2026.01.18\main_1.o'.
compiling lwrb_ex.c...
compiling command.c...
compiling ldc1101_driver.c...
compiling drv8833_driver.c...
compiling lwrb.c...
compiling oledfont.c...
compiling multi_button.c...
compiling my_button.c...
compiling main.c...
compiling oled.c...
compiling gpio.c...
compiling dma.c...
compiling i2c.c...
compiling spi.c...
compiling usart.c...
compiling tim.c...
compiling stm32f4xx_hal_msp.c...
compiling stm32f4xx_it.c...
assembling startup_stm32f407xx.s...
compiling stm32f4xx_hal_i2c_ex.c...
compiling stm32f4xx_hal_rcc_ex.c...
compiling stm32f4xx_hal_rcc.c...
compiling stm32f4xx_hal_flash.c...
compiling stm32f4xx_hal_flash_ex.c...
compiling stm32f4xx_hal_flash_ramfunc.c...
compiling stm32f4xx_hal_gpio.c...
compiling stm32f4xx_hal_dma_ex.c...
compiling stm32f4xx_hal_pwr.c...
compiling stm32f4xx_hal_dma.c...
compiling stm32f4xx_hal_pwr_ex.c...
compiling stm32f4xx_hal_cortex.c...
compiling stm32f4xx_hal.c...
compiling stm32f4xx_hal_exti.c...
compiling stm32f4xx_hal_i2c.c...
compiling system_stm32f4xx.c...
compiling stm32f4xx_hal_tim_ex.c...
compiling stm32f4xx_hal_spi.c...
compiling stm32f4xx_hal_uart.c...
compiling stm32f4xx_hal_tim.c...
linking...
Program Size: Code=35690 RO-data=3302 RW-data=148 ZI-data=12700  
"OV_F407VGT6_2026.01.18\OV_F407VGT6_2026_01_18.axf" - 0 Error(s), 0 Warning(s).

<h2>Software Packages used:</h2>

Package Vendor: ARM
                https://www.keil.com/pack/ARM.CMSIS.6.3.0.pack
                ARM::CMSIS@6.3.0
                CMSIS (Common Microcontroller Software Interface Standard)
   * Component: CORE Version: 6.2.0

Package Vendor: Keil
                https://www.keil.com/pack/Keil.STM32F4xx_DFP.3.1.1.pack
                Keil::STM32F4xx_DFP@3.1.1
                STMicroelectronics STM32F4 Series Device Support

<h2>Collection of Component include folders:</h2>
  ./RTE/_OV_F407VGT6_2026.01.18
  F:/Keil/Arm/Packs/ARM/CMSIS/6.3.0/CMSIS/Core/Include

<h2>Collection of Component Files used:</h2>

   * Component: ARM::CMSIS:CORE@6.2.0
      Include file:  CMSIS/Core/Include/tz_context.h
Build Time Elapsed:  00:00:04
</pre>
</body>
</html>
