Component: Arm Compiler for Embedded 6.21 Tool: armlink [5ec1fa00]

==============================================================================

Section Cross References

    main_1.o(.text.DRV_Start) refers to main_1.o(.data..L_MergedGlobals) for .L_MergedGlobals
    main_1.o(.text.DRV_Start) refers to stm32f4xx_hal_gpio.o(.text.HAL_GPIO_WritePin) for HAL_GPIO_WritePin
    main_1.o(.text.DRV_Start) refers to stm32f4xx_hal_tim.o(.text.HAL_TIM_PWM_Start) for HAL_TIM_PWM_Start
    main_1.o(.text.DRV_Start) refers to stm32f4xx_hal_tim.o(.text.HAL_TIM_Base_Start_IT) for HAL_TIM_Base_Start_IT
    main_1.o(.ARM.exidx.text.DRV_Start) refers to main_1.o(.text.DRV_Start) for [Anonymous Symbol]
    main_1.o(.text.DRV_Stop) refers to main_1.o(.data..L_MergedGlobals) for .L_MergedGlobals
    main_1.o(.text.DRV_Stop) refers to stm32f4xx_hal_gpio.o(.text.HAL_GPIO_WritePin) for HAL_GPIO_WritePin
    main_1.o(.text.DRV_Stop) refers to stm32f4xx_hal_tim.o(.text.HAL_TIM_PWM_Stop) for HAL_TIM_PWM_Stop
    main_1.o(.text.DRV_Stop) refers to stm32f4xx_hal_tim.o(.text.HAL_TIM_Base_Stop_IT) for HAL_TIM_Base_Stop_IT
    main_1.o(.text.DRV_Stop) refers to tim_1.o(.bss.htim2) for htim2
    main_1.o(.text.DRV_Stop) refers to stm32f4xx_hal_tim.o(.text.HAL_TIM_Base_Start_IT) for HAL_TIM_Base_Start_IT
    main_1.o(.ARM.exidx.text.DRV_Stop) refers to main_1.o(.text.DRV_Stop) for [Anonymous Symbol]
    main_1.o(.text.UART3_Enqueue) refers to main_1.o(.data..L_MergedGlobals) for .L_MergedGlobals
    main_1.o(.text.UART3_Enqueue) refers to main_1.o(.bss.UART3_TX_buffer) for UART3_TX_buffer
    main_1.o(.ARM.exidx.text.UART3_Enqueue) refers to main_1.o(.text.UART3_Enqueue) for [Anonymous Symbol]
    main_1.o(.text.UART3_StartTx) refers to main_1.o(.bss..L_MergedGlobals.18) for .L_MergedGlobals.18
    main_1.o(.text.UART3_StartTx) refers to main_1.o(.data..L_MergedGlobals) for .L_MergedGlobals
    main_1.o(.text.UART3_StartTx) refers to main_1.o(.bss.UART3_TX_buffer) for UART3_TX_buffer
    main_1.o(.text.UART3_StartTx) refers to usart_1.o(.bss.huart3) for huart3
    main_1.o(.text.UART3_StartTx) refers to stm32f4xx_hal_uart.o(.text.HAL_UART_Transmit_DMA) for HAL_UART_Transmit_DMA
    main_1.o(.ARM.exidx.text.UART3_StartTx) refers to main_1.o(.text.UART3_StartTx) for [Anonymous Symbol]
    main_1.o(.text.UART2_TxEnqueue) refers to main_1.o(.bss..L_MergedGlobals.18) for .L_MergedGlobals.18
    main_1.o(.text.UART2_TxEnqueue) refers to lwrb_1.o(.text.lwrb_write) for lwrb_write
    main_1.o(.ARM.exidx.text.UART2_TxEnqueue) refers to main_1.o(.text.UART2_TxEnqueue) for [Anonymous Symbol]
    main_1.o(.text.UART2_TxKick) refers to main_1.o(.bss..L_MergedGlobals.18) for .L_MergedGlobals.18
    main_1.o(.text.UART2_TxKick) refers to lwrb_1.o(.text.lwrb_get_full) for lwrb_get_full
    main_1.o(.text.UART2_TxKick) refers to lwrb_1.o(.text.lwrb_get_linear_block_read_address) for lwrb_get_linear_block_read_address
    main_1.o(.text.UART2_TxKick) refers to lwrb_1.o(.text.lwrb_get_linear_block_read_length) for lwrb_get_linear_block_read_length
    main_1.o(.text.UART2_TxKick) refers to usart_1.o(.bss.huart2) for huart2
    main_1.o(.text.UART2_TxKick) refers to stm32f4xx_hal_uart.o(.text.HAL_UART_Transmit_IT) for HAL_UART_Transmit_IT
    main_1.o(.ARM.exidx.text.UART2_TxKick) refers to main_1.o(.text.UART2_TxKick) for [Anonymous Symbol]
    main_1.o(.text.UART2_SendString) refers to strlen.o(.text) for strlen
    main_1.o(.text.UART2_SendString) refers to main_1.o(.bss..L_MergedGlobals.18) for .L_MergedGlobals.18
    main_1.o(.text.UART2_SendString) refers to lwrb_1.o(.text.lwrb_write) for lwrb_write
    main_1.o(.text.UART2_SendString) refers to lwrb_1.o(.text.lwrb_get_full) for lwrb_get_full
    main_1.o(.text.UART2_SendString) refers to lwrb_1.o(.text.lwrb_get_linear_block_read_address) for lwrb_get_linear_block_read_address
    main_1.o(.text.UART2_SendString) refers to lwrb_1.o(.text.lwrb_get_linear_block_read_length) for lwrb_get_linear_block_read_length
    main_1.o(.text.UART2_SendString) refers to usart_1.o(.bss.huart2) for huart2
    main_1.o(.text.UART2_SendString) refers to stm32f4xx_hal_uart.o(.text.HAL_UART_Transmit_IT) for HAL_UART_Transmit_IT
    main_1.o(.ARM.exidx.text.UART2_SendString) refers to main_1.o(.text.UART2_SendString) for [Anonymous Symbol]
    main_1.o(.text.UART2_TxOnComplete) refers to main_1.o(.bss..L_MergedGlobals.18) for .L_MergedGlobals.18
    main_1.o(.text.UART2_TxOnComplete) refers to lwrb_1.o(.text.lwrb_skip) for lwrb_skip
    main_1.o(.text.UART2_TxOnComplete) refers to lwrb_1.o(.text.lwrb_get_full) for lwrb_get_full
    main_1.o(.text.UART2_TxOnComplete) refers to lwrb_1.o(.text.lwrb_get_linear_block_read_address) for lwrb_get_linear_block_read_address
    main_1.o(.text.UART2_TxOnComplete) refers to lwrb_1.o(.text.lwrb_get_linear_block_read_length) for lwrb_get_linear_block_read_length
    main_1.o(.text.UART2_TxOnComplete) refers to usart_1.o(.bss.huart2) for huart2
[...]
    [Anonymous Symbol]                       0x080064cc   Section        0  stm32f4xx_hal_uart.o(.text.UART_DMARxHalfCplt)
    UART_DMATransmitCplt                     0x080064e5   Thumb Code   176  stm32f4xx_hal_uart.o(.text.UART_DMATransmitCplt)
    [Anonymous Symbol]                       0x080064e4   Section        0  stm32f4xx_hal_uart.o(.text.UART_DMATransmitCplt)
    UART_DMATxHalfCplt                       0x08006595   Thumb Code     6  stm32f4xx_hal_uart.o(.text.UART_DMATxHalfCplt)
    [Anonymous Symbol]                       0x08006594   Section        0  stm32f4xx_hal_uart.o(.text.UART_DMATxHalfCplt)
    UART_Receive_IT                          0x0800659d   Thumb Code   254  stm32f4xx_hal_uart.o(.text.UART_Receive_IT)
    [Anonymous Symbol]                       0x0800659c   Section        0  stm32f4xx_hal_uart.o(.text.UART_Receive_IT)
    UART_SetConfig                           0x0800669d   Thumb Code   238  stm32f4xx_hal_uart.o(.text.UART_SetConfig)
    [Anonymous Symbol]                       0x0800669c   Section        0  stm32f4xx_hal_uart.o(.text.UART_SetConfig)
    [Anonymous Symbol]                       0x0800678c   Section        0  stm32f4xx_it_1.o(.text.USART2_IRQHandler)
    [Anonymous Symbol]                       0x08006804   Section        0  stm32f4xx_it_1.o(.text.USART3_IRQHandler)
    [Anonymous Symbol]                       0x08006810   Section        0  stm32f4xx_it_1.o(.text.UsageFault_Handler)
    [Anonymous Symbol]                       0x08006814   Section        0  oled_1.o(.text.WriteCmd)
    [Anonymous Symbol]                       0x08006a74   Section        0  my_button_1.o(.text.btn1_double_click_handler)
    [Anonymous Symbol]                       0x08006b30   Section        0  my_button_1.o(.text.btn1_long_press_hold_handler)
    [Anonymous Symbol]                       0x08006b34   Section        0  my_button_1.o(.text.btn1_long_press_start_handler)
    [Anonymous Symbol]                       0x08006b38   Section        0  my_button_1.o(.text.btn1_press_repeat_handler)
    [Anonymous Symbol]                       0x08006b3c   Section        0  my_button_1.o(.text.btn1_single_click_handler)
    [Anonymous Symbol]                       0x08006c68   Section        0  multi_button_1.o(.text.button_attach)
    [Anonymous Symbol]                       0x08006c7c   Section        0  multi_button_1.o(.text.button_init)
    [Anonymous Symbol]                       0x08006cb4   Section        0  multi_button_1.o(.text.button_start)
    [Anonymous Symbol]                       0x08006d04   Section        0  multi_button_1.o(.text.button_ticks)
    [Anonymous Symbol]                       0x08006f18   Section        0  my_button_1.o(.text.buttons_init)
    [Anonymous Symbol]                       0x08006fa8   Section        0  my_button_1.o(.text.getButtonLevel)
    [Anonymous Symbol]                       0x08006fd0   Section        0  ldc1101_driver_1.o(.text.ldc1101_getLHRData)
    [Anonymous Symbol]                       0x08007070   Section        0  ldc1101_driver_1.o(.text.ldc1101_init)
    [Anonymous Symbol]                       0x080072ac   Section        0  ldc1101_driver_1.o(.text.ldc1101_readByte)
    [Anonymous Symbol]                       0x080072f0   Section        0  lwrb_1.o(.text.lwrb_get_full)
    [Anonymous Symbol]                       0x08007310   Section        0  lwrb_1.o(.text.lwrb_get_linear_block_read_address)
    [Anonymous Symbol]                       0x08007324   Section        0  lwrb_1.o(.text.lwrb_get_linear_block_read_length)
    [Anonymous Symbol]                       0x08007348   Section        0  lwrb_1.o(.text.lwrb_init)
    [Anonymous Symbol]                       0x0800736c   Section        0  lwrb_1.o(.text.lwrb_skip)
    [Anonymous Symbol]                       0x080073b8   Section        0  lwrb_1.o(.text.lwrb_write)
    [Anonymous Symbol]                       0x08007464   Section        0  main_1.o(.text.main)
    __arm_cp.9_12                            0x08007b48   Number         4  main_1.o(.text.main)
    __arm_cp.9_13                            0x08007b4c   Number         4  main_1.o(.text.main)
    __arm_cp.9_14                            0x08007e4c   Number         4  main_1.o(.text.main)
    __arm_cp.9_15                            0x08007e50   Number         4  main_1.o(.text.main)
    i.__0snprintf                            0x08008410   Section        0  printfa.o(i.__0snprintf)
    i.__aeabi_errno_addr                     0x08008444   Section        0  errno.o(i.__aeabi_errno_addr)
    i.__scatterload_copy                     0x0800844c   Section       14  handlers.o(i.__scatterload_copy)
    i.__scatterload_null                     0x0800845a   Section        2  handlers.o(i.__scatterload_null)
    i.__scatterload_zeroinit                 0x0800845c   Section       14  handlers.o(i.__scatterload_zeroinit)
    _fp_digits                               0x0800846d   Thumb Code   366  printfa.o(i._fp_digits)
    i._fp_digits                             0x0800846c   Section        0  printfa.o(i._fp_digits)
    _printf_core                             0x080085f1   Thumb Code  1744  printfa.o(i._printf_core)
    i._printf_core                           0x080085f0   Section        0  printfa.o(i._printf_core)
    _printf_post_padding                     0x08008ccd   Thumb Code    36  printfa.o(i._printf_post_padding)
    i._printf_post_padding                   0x08008ccc   Section        0  printfa.o(i._printf_post_padding)
    _printf_pre_padding                      0x08008cf1   Thumb Code    46  printfa.o(i._printf_pre_padding)
    i._printf_pre_padding                    0x08008cf0   Section        0  printfa.o(i._printf_pre_padding)
    _snputc                                  0x08008d1f   Thumb Code    22  printfa.o(i._snputc)
    i._snputc                                0x08008d1e   Section        0  printfa.o(i._snputc)
    .constdata                               0x08008d34   Section      129  ctype_o.o(.constdata)
    table                                    0x08008db8   Data           4  ctype_o.o(.constdata)
    .constdata                               0x08008db8   Section        4  ctype_o.o(.constdata)
    .Lstr                                    0x08008dbc   Data         128  main_1.o(.rodata..Lstr)
    .Lstr.16                                 0x08008e3c   Data         128  main_1.o(.rodata..Lstr.16)
    .Lstr.17                                 0x08008ebc   Data         128  main_1.o(.rodata..Lstr.17)
    DMA_CalcBaseAndBitshift.flagBitshiftOffset 0x0800975c   Data           8  stm32f4xx_hal_dma.o(.rodata.cst8)
    [Anonymous Symbol]                       0x0800975c   Section        0  stm32f4xx_hal_dma.o(.rodata.cst8)
    .L.str.1                                 0x08009764   Data          23  main_1.o(.rodata.str1.1)
    [Anonymous Symbol]                       0x08009764   Section        0  main_1.o(.rodata.str1.1)
    .L.str.5                                 0x0800977b   Data           5  main_1.o(.rodata.str1.1)
    .L.str.6                                 0x08009780   Data           7  main_1.o(.rodata.str1.1)
    .L.str.15                                0x08009787   Data          22  main_1.o(.rodata.str1.1)
    .L.str                                   0x0800979d   Data          24  main_1.o(.rodata.str1.1)
    .L.str.1                                 0x080097b5   Data          23  command_1.o(.rodata.str1.1)
    [Anonymous Symbol]                       0x080097b5   Section        0  command_1.o(.rodata.str1.1)
    .L.str.11                                0x080097cc   Data          47  command_1.o(.rodata.str1.1)
    .L.str.7                                 0x080097fb   Data          25  command_1.o(.rodata.str1.1)
    .L.str.5                                 0x08009814   Data          24  command_1.o(.rodata.str1.1)
    .L.str.14                                0x0800982c   Data          42  command_1.o(.rodata.str1.1)
    .L.str.3                                 0x08009856   Data          25  command_1.o(.rodata.str1.1)
    _errno                                   0x20000000   Data           4  errno.o(.data)
    .data                                    0x20000000   Section        4  errno.o(.data)
    .L_MergedGlobals                         0x20000004   Data          72  main_1.o(.data..L_MergedGlobals)
    [Anonymous Symbol]                       0x20000004   Section        0  main_1.o(.data..L_MergedGlobals)
    .L_MergedGlobals                         0x2000004c   Data           8  stm32f4xx_hal.o(.data..L_MergedGlobals)
    [Anonymous Symbol]                       0x2000004c   Section        0  stm32f4xx_hal.o(.data..L_MergedGlobals)
    .L_MergedGlobals                         0x20000098   Data           8  stm32f4xx_it_1.o(.bss..L_MergedGlobals)
    HAL_TIM_PeriodElapsedCallback.tim3_btn_cnt 0x20000098   Data           1  stm32f4xx_it_1.o(.bss..L_MergedGlobals)
    [Anonymous Symbol]                       0x20000098   Section        0  stm32f4xx_it_1.o(.bss..L_MergedGlobals)
    HAL_TIM_PeriodElapsedCallback.tim4_cnt   0x20000099   Data           1  stm32f4xx_it_1.o(.bss..L_MergedGlobals)
    HAL_TIM_PeriodElapsedCallback.tim3_oled_cnt 0x2000009a   Data           2  stm32f4xx_it_1.o(.bss..L_MergedGlobals)
    HAL_TIM_PeriodElapsedCallback.tim1_drv_cnt 0x2000009c   Data           4  stm32f4xx_it_1.o(.bss..L_MergedGlobals)
    .L_MergedGlobals                         0x200000a0   Data          88  my_button_1.o(.bss..L_MergedGlobals)
    [Anonymous Symbol]                       0x200000a0   Section        0  my_button_1.o(.bss..L_MergedGlobals)
    .L_MergedGlobals.18                      0x200000f8   Data         124  main_1.o(.bss..L_MergedGlobals.18)
    [Anonymous Symbol]                       0x200000f8   Section        0  main_1.o(.bss..L_MergedGlobals.18)
    uart2_tx_busy                            0x20000105   Data           1  main_1.o(.bss..L_MergedGlobals.18)
    LED_Breath_Update.level                  0x20000106   Data           1  main_1.o(.bss..L_MergedGlobals.18)
    LED_Breath_Update.dir                    0x20000107   Data           1  main_1.o(.bss..L_MergedGlobals.18)
    LED_Breath_Update.acc                    0x2000010a   Data           2  main_1.o(.bss..L_MergedGlobals.18)
    LED_Breath_Update.last_ms                0x20000128   Data           4  main_1.o(.bss..L_MergedGlobals.18)
    LED_Breath_Update.step_ms                0x2000012c   Data           4  main_1.o(.bss..L_MergedGlobals.18)
    uart2_tx_rb                              0x2000015c   Data          24  main_1.o(.bss..L_MergedGlobals.18)
    head_handle                              0x2000273c   Data           4  multi_button_1.o(.bss.head_handle)
    [Anonymous Symbol]                       0x2000273c   Section        0  multi_button_1.o(.bss.head_handle)
    uart2_tx_rb_mem                          0x200029c8   Data         512  main_1.o(.bss.uart2_tx_rb_mem)
    [Anonymous Symbol]                       0x200029c8   Section        0  main_1.o(.bss.uart2_tx_rb_mem)
    STACK                                    0x20002bd0   Section     2048  startup_stm32f407xx.o(STACK)

    Global Symbols

    Symbol Name                              Value     Ov Type        Size  Object(Section)

    BuildAttributes$$THM_ISAv4$E$P$D$K$B$S$7EM$VFPi3$EXTD16$VFPS$VFMA$PE$A:L22UL41UL21$X:L11$S22US41US21$IEEE1$IW$~IW$USESV6$~STKCKD$USESV7$~SHL$OTIME$ROPI$EBA8$MICROLIB$REQ8$PRES8$EABIv2 0x00000000   Number         0  anon$$obj.o ABSOLUTE
    _printf_a                                0x00000000   Number         0  printfstubs.o ABSOLUTE
    _printf_c                                0x00000000   Number         0  printfstubs.o ABSOLUTE
    _printf_charcount                        0x00000000   Number         0  printfstubs.o ABSOLUTE
    _printf_d                                0x00000000   Number         0  printfstubs.o ABSOLUTE
    _printf_e                                0x00000000   Number         0  printfstubs.o ABSOLUTE
    _printf_f                                0x00000000   Number         0  printfstubs.o ABSOLUTE
    _printf_flags                            0x00000000   Number         0  printfstubs.o ABSOLUTE
    _printf_fp_dec                           0x00000000   Number         0  printfstubs.o ABSOLUTE
    _printf_fp_hex                           0x00000000   Number         0  printfstubs.o ABSOLUTE
    _printf_g                                0x00000000   Number         0  printfstubs.o ABSOLUTE
    _printf_i                                0x00000000   Number         0  printfstubs.o ABSOLUTE
    _printf_int_dec                          0x00000000   Number         0  printfstubs.o ABSOLUTE
    _printf_l                                0x00000000   Number         0  printfstubs.o ABSOLUTE
    _printf_lc                               0x00000000   Number         0  printfstubs.o ABSOLUTE
    _printf_ll                               0x00000000   Number         0  printfstubs.o ABSOLUTE
    _printf_lld                              0x00000000   Number         0  printfstubs.o ABSOLUTE
    _printf_lli                              0x00000000   Number         0  printfstubs.o ABSOLUTE
    _printf_llo                              0x00000000   Number         0  printfstubs.o ABSOLUTE
    _printf_llu                              0x00000000   Number         0  printfstubs.o ABSOLUTE
    _printf_llx                              0x00000000   Number         0  printfstubs.o ABSOLUTE
    _printf_longlong_dec                     0x00000000   Number         0  printfstubs.o ABSOLUTE
    _printf_longlong_hex                     0x00000000   Number         0  printfstubs.o ABSOLUTE
    _printf_longlong_oct                     0x00000000   Number         0  printfstubs.o ABSOLUTE
    _printf_ls                               0x00000000   Number         0  printfstubs.o ABSOLUTE
    _printf_mbtowc                           0x00000000   Number         0  printfstubs.o ABSOLUTE
    _printf_n                                0x00000000   Number         0  printfstubs.o ABSOLUTE
    _printf_o                                0x00000000   Number         0  printfstubs.o ABSOLUTE
    _printf_p                                0x00000000   Number         0  printfstubs.o ABSOLUTE
    _printf_percent                          0x00000000   Number         0  printfstubs.o ABSOLUTE
    _printf_pre_padding                      0x00000000   Number         0  printfstubs.o ABSOLUTE
    _printf_return_value                     0x00000000   Number         0  printfstubs.o ABSOLUTE
    _printf_s                                0x00000000   Number         0  printfstubs.o ABSOLUTE
    _printf_sizespec                         0x00000000   Number         0  printfstubs.o ABSOLUTE
    _printf_str                              0x00000000   Number         0  printfstubs.o ABSOLUTE
    _printf_truncate_signed                  0x00000000   Number         0  printfstubs.o ABSOLUTE
    _printf_truncate_unsigned                0x00000000   Number         0  printfstubs.o ABSOLUTE
    _printf_u                                0x00000000   Number         0  printfstubs.o ABSOLUTE
    _printf_wc                               0x00000000   Number         0  printfstubs.o ABSOLUTE
    _printf_wctomb                           0x00000000   Number         0  printfstubs.o ABSOLUTE
    _printf_widthprec                        0x00000000   Number         0  printfstubs.o ABSOLUTE
    _printf_x                                0x00000000   Number         0  printfstubs.o ABSOLUTE
    __cpp_initialize__aeabi_                  - Undefined Weak Reference
    __cxa_finalize                            - Undefined Weak Reference
    __decompress                              - Undefined Weak Reference
    _clock_init                               - Undefined Weak Reference
    _microlib_exit                            - Undefined Weak Reference
    _scanf_longlong                           - Undefined Weak Reference
    _scanf_real                               - Undefined Weak Reference
    _scanf_string                             - Undefined Weak Reference
    __Vectors_Size                           0x00000188   Number         0  startup_stm32f407xx.o ABSOLUTE
    __Vectors                                0x08000000   Data           4  startup_stm32f407xx.o(RESET)
    __Vectors_End                            0x08000188   Data           0  startup_stm32f407xx.o(RESET)
    __main                                   0x08000189   Thumb Code     0  entry.o(.ARM.Collect$$$$00000000)
    _main_stk                                0x08000189   Thumb Code     0  entry2.o(.ARM.Collect$$$$00000001)
    _main_scatterload                        0x0800018d   Thumb Code     0  entry5.o(.ARM.Collect$$$$00000004)
    __main_after_scatterload                 0x08000191   Thumb Code     0  entry5.o(.ARM.Collect$$$$00000004)
    _main_clock                              0x08000191   Thumb Code     0  entry7b.o(.ARM.Collect$$$$00000008)
    _main_cpp_init                           0x08000191   Thumb Code     0  entry8b.o(.ARM.Collect$$$$0000000A)
    _main_init                               0x08000191   Thumb Code     0  entry9a.o(.ARM.Collect$$$$0000000B)
    __rt_final_cpp                           0x08000199   Thumb Code     0  entry10a.o(.ARM.Collect$$$$0000000D)
    __rt_final_exit                          0x08000199   Thumb Code     0  entry11a.o(.ARM.Collect$$$$0000000F)
    Reset_Handler                            0x0800019d   Thumb Code     8  startup_stm32f407xx.o(.text)
    ADC_IRQHandler                           0x080001b7   Thumb Code     0  startup_stm32f407xx.o(.text)
    CAN1_RX0_IRQHandler                      0x080001b7   Thumb Code     0  startup_stm32f407xx.o(.text)
    CAN1_RX1_IRQHandler                      0x080001b7   Thumb Code     0  startup_stm32f407xx.o(.text)
    CAN1_SCE_IRQHandler                      0x080001b7   Thumb Code     0  startup_stm32f407xx.o(.text)
    CAN1_TX_IRQHandler                       0x080001b7   Thumb Code     0  startup_stm32f407xx.o(.text)
    CAN2_RX0_IRQHandler                      0x080001b7   Thumb Code     0  startup_stm32f407xx.o(.text)
    CAN2_RX1_IRQHandler                      0x080001b7   Thumb Code     0  startup_stm32f407xx.o(.text)
    CAN2_SCE_IRQHandler                      0x080001b7   Thumb Code     0  startup_stm32f407xx.o(.text)
    CAN2_TX_IRQHandler                       0x080001b7   Thumb Code     0  startup_stm32f407xx.o(.text)
    DCMI_IRQHandler                          0x080001b7   Thumb Code     0  startup_stm32f407xx.o(.text)
    DMA1_Stream0_IRQHandler                  0x080001b7   Thumb Code     0  startup_stm32f407xx.o(.text)
    DMA1_Stream1_IRQHandler                  0x080001b7   Thumb Code     0  startup_stm32f407xx.o(.text)
    DMA1_Stream2_IRQHandler                  0x080001b7   Thumb Code     0  startup_stm32f407xx.o(.text)
    DMA1_Stream4_IRQHandler                  0x080001b7   Thumb Code     0  startup_stm32f407xx.o(.text)
    DMA1_Stream6_IRQHandler                  0x080001b7   Thumb Code     0  startup_stm32f407xx.o(.text)
    DMA1_Stream7_IRQHandler                  0x080001b7   Thumb Code     0  startup_stm32f407xx.o(.text)
    DMA2_Stream0_IRQHandler                  0x080001b7   Thumb Code     0  startup_stm32f407xx.o(.text)
    DMA2_Stream1_IRQHandler                  0x080001b7   Thumb Code     0  startup_stm32f407xx.o(.text)
    DMA2_Stream2_IRQHandler                  0x080001b7   Thumb Code     0  startup_stm32f407xx.o(.text)
    DMA2_Stream3_IRQHandler                  0x080001b7   Thumb Code     0  startup_stm32f407xx.o(.text)
    DMA2_Stream4_IRQHandler                  0x080001b7   Thumb Code     0  startup_stm32f407xx.o(.text)
    DMA2_Stream5_IRQHandler                  0x080001b7   Thumb Code     0  startup_stm32f407xx.o(.text)
    DMA2_Stream6_IRQHandler                  0x080001b7   Thumb Code     0  startup_stm32f407xx.o(.text)
    DMA2_Stream7_IRQHandler                  0x080001b7   Thumb Code     0  startup_stm32f407xx.o(.text)
    ETH_IRQHandler                           0x080001b7   Thumb Code     0  startup_stm32f407xx.o(.text)
    ETH_WKUP_IRQHandler                      0x080001b7   Thumb Code     0  startup_stm32f407xx.o(.text)
    EXTI0_IRQHandler                         0x080001b7   Thumb Code     0  startup_stm32f407xx.o(.text)
    EXTI15_10_IRQHandler                     0x080001b7   Thumb Code     0  startup_stm32f407xx.o(.text)
    EXTI1_IRQHandler                         0x080001b7   Thumb Code     0  startup_stm32f407xx.o(.text)
    EXTI2_IRQHandler                         0x080001b7   Thumb Code     0  startup_stm32f407xx.o(.text)
    EXTI3_IRQHandler                         0x080001b7   Thumb Code     0  startup_stm32f407xx.o(.text)
    EXTI4_IRQHandler                         0x080001b7   Thumb Code     0  startup_stm32f407xx.o(.text)
    EXTI9_5_IRQHandler                       0x080001b7   Thumb Code     0  startup_stm32f407xx.o(.text)
    FMC_IRQHandler                           0x080001b7   Thumb Code     0  startup_stm32f407xx.o(.text)
    FPU_IRQHandler                           0x080001b7   Thumb Code     0  startup_stm32f407xx.o(.text)
    HASH_RNG_IRQHandler                      0x080001b7   Thumb Code     0  startup_stm32f407xx.o(.text)
    I2C1_ER_IRQHandler                       0x080001b7   Thumb Code     0  startup_stm32f407xx.o(.text)
    I2C1_EV_IRQHandler                       0x080001b7   Thumb Code     0  startup_stm32f407xx.o(.text)
    I2C2_ER_IRQHandler                       0x080001b7   Thumb Code     0  startup_stm32f407xx.o(.text)
    I2C2_EV_IRQHandler                       0x080001b7   Thumb Code     0  startup_stm32f407xx.o(.text)
    I2C3_ER_IRQHandler                       0x080001b7   Thumb Code     0  startup_stm32f407xx.o(.text)
    I2C3_EV_IRQHandler                       0x080001b7   Thumb Code     0  startup_stm32f407xx.o(.text)
    OTG_FS_IRQHandler                        0x080001b7   Thumb Code     0  startup_stm32f407xx.o(.text)
    OTG_FS_WKUP_IRQHandler                   0x080001b7   Thumb Code     0  startup_stm32f407xx.o(.text)
    OTG_HS_EP1_IN_IRQHandler                 0x080001b7   Thumb Code     0  startup_stm32f407xx.o(.text)
    OTG_HS_EP1_OUT_IRQHandler                0x080001b7   Thumb Code     0  startup_stm32f407xx.o(.text)
    OTG_HS_IRQHandler                        0x080001b7   Thumb Code     0  startup_stm32f407xx.o(.text)
    OTG_HS_WKUP_IRQHandler                   0x080001b7   Thumb Code     0  startup_stm32f407xx.o(.text)
    PVD_IRQHandler                           0x080001b7   Thumb Code     0  startup_stm32f407xx.o(.text)
    RCC_IRQHandler                           0x080001b7   Thumb Code     0  startup_stm32f407xx.o(.text)
    RTC_Alarm_IRQHandler                     0x080001b7   Thumb Code     0  startup_stm32f407xx.o(.text)
    RTC_WKUP_IRQHandler                      0x080001b7   Thumb Code     0  startup_stm32f407xx.o(.text)
    SDIO_IRQHandler                          0x080001b7   Thumb Code     0  startup_stm32f407xx.o(.text)
    SPI1_IRQHandler                          0x080001b7   Thumb Code     0  startup_stm32f407xx.o(.text)
    SPI2_IRQHandler                          0x080001b7   Thumb Code     0  startup_stm32f407xx.o(.text)
    SPI3_IRQHandler                          0x080001b7   Thumb Code     0  startup_stm32f407xx.o(.text)
    TAMP_STAMP_IRQHandler                    0x080001b7   Thumb Code     0  startup_stm32f407xx.o(.text)
    TIM1_BRK_TIM9_IRQHandler                 0x080001b7   Thumb Code     0  startup_stm32f407xx.o(.text)
    TIM1_CC_IRQHandler                       0x080001b7   Thumb Code     0  startup_stm32f407xx.o(.text)
    TIM1_TRG_COM_TIM11_IRQHandler            0x080001b7   Thumb Code     0  startup_stm32f407xx.o(.text)
    TIM5_IRQHandler                          0x080001b7   Thumb Code     0  startup_stm32f407xx.o(.text)
    TIM6_DAC_IRQHandler                      0x080001b7   Thumb Code     0  startup_stm32f407xx.o(.text)
    TIM7_IRQHandler                          0x080001b7   Thumb Code     0  startup_stm32f407xx.o(.text)
    TIM8_BRK_TIM12_IRQHandler                0x080001b7   Thumb Code     0  startup_stm32f407xx.o(.text)
    TIM8_CC_IRQHandler                       0x080001b7   Thumb Code     0  startup_stm32f407xx.o(.text)
    TIM8_TRG_COM_TIM14_IRQHandler            0x080001b7   Thumb Code     0  startup_stm32f407xx.o(.text)
    TIM8_UP_TIM13_IRQHandler                 0x080001b7   Thumb Code     0  startup_stm32f407xx.o(.text)
    UART4_IRQHandler                         0x080001b7   Thumb Code     0  startup_stm32f407xx.o(.text)
    UART5_IRQHandler                         0x080001b7   Thumb Code     0  startup_stm32f407xx.o(.text)
    USART1_IRQHandler                        0x080001b7   Thumb Code     0  startup_stm32f407xx.o(.text)
    USART6_IRQHandler                        0x080001b7   Thumb Code     0  startup_stm32f407xx.o(.text)
    WWDG_IRQHandler                          0x080001b7   Thumb Code     0  startup_stm32f407xx.o(.text)
    __aeabi_uldivmod                         0x080001c1   Thumb Code    98  uldiv.o(.text)
    __aeabi_memcpy                           0x08000223   Thumb Code    36  memcpya.o(.text)
    __aeabi_memcpy4                          0x08000223   Thumb Code     0  memcpya.o(.text)
    __aeabi_memcpy8                          0x08000223   Thumb Code     0  memcpya.o(.text)
    __aeabi_memset                           0x08000247   Thumb Code    14  memseta.o(.text)
    __aeabi_memset4                          0x08000247   Thumb Code     0  memseta.o(.text)
    __aeabi_memset8                          0x08000247   Thumb Code     0  memseta.o(.text)
    __aeabi_memclr                           0x08000255   Thumb Code     4  memseta.o(.text)
    __aeabi_memclr4                          0x08000255   Thumb Code     0  memseta.o(.text)
    __aeabi_memclr8                          0x08000255   Thumb Code     0  memseta.o(.text)
    _memset$wrapper                          0x08000259   Thumb Code    18  memseta.o(.text)
    strncpy                                  0x0800026b   Thumb Code    24  strncpy.o(.text)
    strlen                                   0x08000283   Thumb Code    14  strlen.o(.text)
    strncmp                                  0x08000291   Thumb Code    30  strncmp.o(.text)
    __0sscanf                                0x080002b1   Thumb Code    48  __0sscanf.o(.text)
    _scanf_int                               0x080002e9   Thumb Code   332  _scanf_int.o(.text)
    atoi                                     0x08000435   Thumb Code    26  atoi.o(.text)
    __aeabi_ul2f                             0x0800044f   Thumb Code    28  ffltul.o(.text)
    __aeabi_f2d                              0x0800046b   Thumb Code    38  f2d.o(.text)
    __aeabi_uidiv                            0x08000491   Thumb Code     0  uidiv.o(.text)
    __aeabi_uidivmod                         0x08000491   Thumb Code    44  uidiv.o(.text)
    __aeabi_llsl                             0x080004bd   Thumb Code    30  llshl.o(.text)
    _ll_shift_l                              0x080004bd   Thumb Code     0  llshl.o(.text)
    __aeabi_llsr                             0x080004db   Thumb Code    32  llushr.o(.text)
    _ll_ushift_r                             0x080004db   Thumb Code     0  llushr.o(.text)
    _chval                                   0x080004fb   Thumb Code    28  _chval.o(.text)
    __vfscanf_char                           0x08000525   Thumb Code    20  scanf_char.o(.text)
    _sgetc                                   0x08000541   Thumb Code    30  _sgetc.o(.text)
    _sbackspace                              0x0800055f   Thumb Code    34  _sgetc.o(.text)
    strtol                                   0x08000581   Thumb Code   112  strtol.o(.text)
    __I$use$fp                               0x080005f1   Thumb Code     0  iusefp.o(.text)
    _float_round                             0x080005f1   Thumb Code    18  fepilogue.o(.text)
    _float_epilogue                          0x08000603   Thumb Code    92  fepilogue.o(.text)
    __aeabi_dadd                             0x0800065f   Thumb Code   322  dadd.o(.text)
    __aeabi_dsub                             0x080007a1   Thumb Code     6  dadd.o(.text)
    __aeabi_drsub                            0x080007a7   Thumb Code     6  dadd.o(.text)
    __aeabi_dmul                             0x080007ad   Thumb Code   228  dmul.o(.text)
    __aeabi_ddiv                             0x08000891   Thumb Code   222  ddiv.o(.text)
    __aeabi_d2ulz                            0x0800096f   Thumb Code    48  dfixul.o(.text)
    __aeabi_cdrcmple                         0x080009a1   Thumb Code    48  cdrcmple.o(.text)
    __scatterload                            0x080009d1   Thumb Code    38  init.o(.text)
    __scatterload_rt2                        0x080009d1   Thumb Code     0  init.o(.text)
    __aeabi_lasr                             0x08000a01   Thumb Code    36  llsshr.o(.text)
    _ll_sshift_r                             0x08000a01   Thumb Code     0  llsshr.o(.text)
    __rt_ctype_table                         0x08000a25   Thumb Code     4  ctype_o.o(.text)
    isspace                                  0x08000a2d   Thumb Code    18  isspace_o.o(.text)
    __vfscanf                                0x08000a41   Thumb Code   808  _scanf.o(.text)
    _strtoul                                 0x08000d6d   Thumb Code   158  _strtoul.o(.text)
    _double_round                            0x08000e0b   Thumb Code    30  depilogue.o(.text)
    _double_epilogue                         0x08000e29   Thumb Code   156  depilogue.o(.text)
    BusFault_Handler                         0x08000ec5   Thumb Code     2  stm32f4xx_it_1.o(.text.BusFault_Handler)
    Command_Parse                            0x08000ec9   Thumb Code   744  command_1.o(.text.Command_Parse)
    DMA1_Stream3_IRQHandler                  0x08001259   Thumb Code    12  stm32f4xx_it_1.o(.text.DMA1_Stream3_IRQHandler)
    DMA1_Stream5_IRQHandler                  0x08001265   Thumb Code    12  stm32f4xx_it_1.o(.text.DMA1_Stream5_IRQHandler)
    DRV_Coast                                0x08001271   Thumb Code   102  drv8833_driver_1.o(.text.DRV_Coast)
    DRV_Forward                              0x080012d9   Thumb Code   118  drv8833_driver_1.o(.text.DRV_Forward)
    DRV_Init                                 0x08001351   Thumb Code   128  drv8833_driver_1.o(.text.DRV_Init)
    DRV_Reverse                              0x080013d1   Thumb Code   124  drv8833_driver_1.o(.text.DRV_Reverse)
    DRV_Sleep                                0x0800144d   Thumb Code   196  drv8833_driver_1.o(.text.DRV_Sleep)
    DRV_Stop                                 0x08001511   Thumb Code    66  main_1.o(.text.DRV_Stop)
    DebugMon_Handler                         0x08001555   Thumb Code     2  stm32f4xx_it_1.o(.text.DebugMon_Handler)
    Error_Handler                            0x08001559   Thumb Code     6  main_1.o(.text.Error_Handler)
    FLASH_Erase_Sector                       0x08001561   Thumb Code    70  stm32f4xx_hal_flash_ex.o(.text.FLASH_Erase_Sector)
    FLASH_FlushCaches                        0x080015a9   Thumb Code    88  stm32f4xx_hal_flash_ex.o(.text.FLASH_FlushCaches)
    FLASH_IRQHandler                         0x08001601   Thumb Code     4  stm32f4xx_it_1.o(.text.FLASH_IRQHandler)
    HAL_DMA_Abort                            0x08001605   Thumb Code   142  stm32f4xx_hal_dma.o(.text.HAL_DMA_Abort)
    HAL_DMA_Abort_IT                         0x08001695   Thumb Code    36  stm32f4xx_hal_dma.o(.text.HAL_DMA_Abort_IT)
    HAL_DMA_IRQHandler                       0x080016b9   Thumb Code   448  stm32f4xx_hal_dma.o(.text.HAL_DMA_IRQHandler)
    HAL_DMA_Init                             0x08001879   Thumb Code   354  stm32f4xx_hal_dma.o(.text.HAL_DMA_Init)
    HAL_DMA_Start_IT                         0x080019dd   Thumb Code   162  stm32f4xx_hal_dma.o(.text.HAL_DMA_Start_IT)
    HAL_Delay                                0x08001a81   Thumb Code    40  stm32f4xx_hal.o(.text.HAL_Delay)
    HAL_FLASH_EndOfOperationCallback         0x08001aa9   Thumb Code     2  stm32f4xx_hal_flash.o(.text.HAL_FLASH_EndOfOperationCallback)
    HAL_FLASH_IRQHandler                     0x08001aad   Thumb Code   312  stm32f4xx_hal_flash.o(.text.HAL_FLASH_IRQHandler)
    HAL_FLASH_OperationErrorCallback         0x08001be5   Thumb Code     2  stm32f4xx_hal_flash.o(.text.HAL_FLASH_OperationErrorCallback)
    HAL_GPIO_Init                            0x08001be9   Thumb Code   414  stm32f4xx_hal_gpio.o(.text.HAL_GPIO_Init)
    HAL_GPIO_ReadPin                         0x08001d89   Thumb Code    10  stm32f4xx_hal_gpio.o(.text.HAL_GPIO_ReadPin)
    HAL_GPIO_TogglePin                       0x08001d95   Thumb Code    16  stm32f4xx_hal_gpio.o(.text.HAL_GPIO_TogglePin)
    HAL_GPIO_WritePin                        0x08001da5   Thumb Code    10  stm32f4xx_hal_gpio.o(.text.HAL_GPIO_WritePin)
    HAL_GetTick                              0x08001db1   Thumb Code    12  stm32f4xx_hal.o(.text.HAL_GetTick)
    HAL_I2C_Init                             0x08001dbd   Thumb Code   356  stm32f4xx_hal_i2c.o(.text.HAL_I2C_Init)
    HAL_I2C_Mem_Write                        0x08001f21   Thumb Code   348  stm32f4xx_hal_i2c.o(.text.HAL_I2C_Mem_Write)
    HAL_I2C_MspInit                          0x0800207d   Thumb Code   106  i2c_1.o(.text.HAL_I2C_MspInit)
    HAL_IncTick                              0x080020e9   Thumb Code    26  stm32f4xx_hal.o(.text.HAL_IncTick)
    HAL_Init                                 0x08002105   Thumb Code    54  stm32f4xx_hal.o(.text.HAL_Init)
    HAL_InitTick                             0x0800213d   Thumb Code    72  stm32f4xx_hal.o(.text.HAL_InitTick)
    HAL_MspInit                              0x08002185   Thumb Code    82  stm32f4xx_hal_msp_1.o(.text.HAL_MspInit)
    HAL_NVIC_EnableIRQ                       0x080021d9   Thumb Code    34  stm32f4xx_hal_cortex.o(.text.HAL_NVIC_EnableIRQ)
    HAL_NVIC_SetPriority                     0x080021fd   Thumb Code    86  stm32f4xx_hal_cortex.o(.text.HAL_NVIC_SetPriority)
    HAL_NVIC_SetPriorityGrouping             0x08002255   Thumb Code    32  stm32f4xx_hal_cortex.o(.text.HAL_NVIC_SetPriorityGrouping)
    HAL_RCC_ClockConfig                      0x08002275   Thumb Code   356  stm32f4xx_hal_rcc.o(.text.HAL_RCC_ClockConfig)
    HAL_RCC_GetPCLK1Freq                     0x080023d9   Thumb Code    38  stm32f4xx_hal_rcc.o(.text.HAL_RCC_GetPCLK1Freq)
    HAL_RCC_GetPCLK2Freq                     0x08002401   Thumb Code    38  stm32f4xx_hal_rcc.o(.text.HAL_RCC_GetPCLK2Freq)
    HAL_RCC_GetSysClockFreq                  0x08002429   Thumb Code   108  stm32f4xx_hal_rcc.o(.text.HAL_RCC_GetSysClockFreq)
    HAL_RCC_OscConfig                        0x08002495   Thumb Code   944  stm32f4xx_hal_rcc.o(.text.HAL_RCC_OscConfig)
    HAL_SPI_Init                             0x08002845   Thumb Code   180  stm32f4xx_hal_spi.o(.text.HAL_SPI_Init)
    HAL_SPI_MspInit                          0x080028f9   Thumb Code   108  spi_1.o(.text.HAL_SPI_MspInit)
    HAL_SPI_Transmit                         0x08002965   Thumb Code   634  stm32f4xx_hal_spi.o(.text.HAL_SPI_Transmit)
    HAL_SPI_TransmitReceive                  0x08002be1   Thumb Code   846  stm32f4xx_hal_spi.o(.text.HAL_SPI_TransmitReceive)
    HAL_SYSTICK_Config                       0x08002f31   Thumb Code    44  stm32f4xx_hal_cortex.o(.text.HAL_SYSTICK_Config)
    HAL_TIMEx_BreakCallback                  0x08002f5d   Thumb Code     2  stm32f4xx_hal_tim_ex.o(.text.HAL_TIMEx_BreakCallback)
    HAL_TIMEx_CommutCallback                 0x08002f61   Thumb Code     2  stm32f4xx_hal_tim_ex.o(.text.HAL_TIMEx_CommutCallback)
    HAL_TIMEx_MasterConfigSynchronization    0x08002f65   Thumb Code   186  stm32f4xx_hal_tim_ex.o(.text.HAL_TIMEx_MasterConfigSynchronization)
    HAL_TIM_Base_Init                        0x08003021   Thumb Code    90  stm32f4xx_hal_tim.o(.text.HAL_TIM_Base_Init)
    HAL_TIM_Base_MspInit                     0x0800307d   Thumb Code   238  tim_1.o(.text.HAL_TIM_Base_MspInit)
    HAL_TIM_Base_Start_IT                    0x0800316d   Thumb Code   170  stm32f4xx_hal_tim.o(.text.HAL_TIM_Base_Start_IT)
    HAL_TIM_Base_Stop_IT                     0x08003219   Thumb Code    60  stm32f4xx_hal_tim.o(.text.HAL_TIM_Base_Stop_IT)
    HAL_TIM_ConfigClockSource                0x08003255   Thumb Code   416  stm32f4xx_hal_tim.o(.text.HAL_TIM_ConfigClockSource)
    HAL_TIM_IC_CaptureCallback               0x080033f5   Thumb Code     2  stm32f4xx_hal_tim.o(.text.HAL_TIM_IC_CaptureCallback)
    HAL_TIM_IRQHandler                       0x080033f9   Thumb Code   334  stm32f4xx_hal_tim.o(.text.HAL_TIM_IRQHandler)
    HAL_TIM_OC_DelayElapsedCallback          0x08003549   Thumb Code     2  stm32f4xx_hal_tim.o(.text.HAL_TIM_OC_DelayElapsedCallback)
    HAL_TIM_PWM_ConfigChannel                0x0800354d   Thumb Code   548  stm32f4xx_hal_tim.o(.text.HAL_TIM_PWM_ConfigChannel)
    HAL_TIM_PWM_Init                         0x08003771   Thumb Code    90  stm32f4xx_hal_tim.o(.text.HAL_TIM_PWM_Init)
    HAL_TIM_PWM_MspInit                      0x080037cd   Thumb Code     2  stm32f4xx_hal_tim.o(.text.HAL_TIM_PWM_MspInit)
    HAL_TIM_PWM_PulseFinishedCallback        0x080037d1   Thumb Code     2  stm32f4xx_hal_tim.o(.text.HAL_TIM_PWM_PulseFinishedCallback)
    HAL_TIM_PWM_Start                        0x080037d5   Thumb Code   286  stm32f4xx_hal_tim.o(.text.HAL_TIM_PWM_Start)
    HAL_TIM_PWM_Stop                         0x080038f5   Thumb Code   170  stm32f4xx_hal_tim.o(.text.HAL_TIM_PWM_Stop)
    HAL_TIM_PeriodElapsedCallback            0x080039a1   Thumb Code   588  stm32f4xx_it_1.o(.text.HAL_TIM_PeriodElapsedCallback)
    HAL_TIM_TriggerCallback                  0x08003bf5   Thumb Code     2  stm32f4xx_hal_tim.o(.text.HAL_TIM_TriggerCallback)
    HAL_UARTEx_RxEventCallback               0x08003bf9   Thumb Code     2  stm32f4xx_hal_uart.o(.text.HAL_UARTEx_RxEventCallback)
    HAL_UART_DMAStop                         0x08003bfd   Thumb Code   540  stm32f4xx_hal_uart.o(.text.HAL_UART_DMAStop)
    HAL_UART_ErrorCallback                   0x08003e19   Thumb Code     2  stm32f4xx_hal_uart.o(.text.HAL_UART_ErrorCallback)
    HAL_UART_IRQHandler                      0x08003e1d   Thumb Code  1416  stm32f4xx_hal_uart.o(.text.HAL_UART_IRQHandler)
    HAL_UART_Init                            0x080043a5   Thumb Code    96  stm32f4xx_hal_uart.o(.text.HAL_UART_Init)
    HAL_UART_MspInit                         0x08004405   Thumb Code   370  usart_1.o(.text.HAL_UART_MspInit)
    HAL_UART_Receive_DMA                     0x08004579   Thumb Code   378  stm32f4xx_hal_uart.o(.text.HAL_UART_Receive_DMA)
    HAL_UART_RxCpltCallback                  0x080046f5   Thumb Code     2  stm32f4xx_hal_uart.o(.text.HAL_UART_RxCpltCallback)
    HAL_UART_RxHalfCpltCallback              0x080046f9   Thumb Code     2  stm32f4xx_hal_uart.o(.text.HAL_UART_RxHalfCpltCallback)
    HAL_UART_Transmit_DMA                    0x080046fd   Thumb Code   204  stm32f4xx_hal_uart.o(.text.HAL_UART_Transmit_DMA)
    HAL_UART_Transmit_IT                     0x080047c9   Thumb Code    56  stm32f4xx_hal_uart.o(.text.HAL_UART_Transmit_IT)
    HAL_UART_TxCpltCallback                  0x08004801   Thumb Code   108  stm32f4xx_it_1.o(.text.HAL_UART_TxCpltCallback)
    HAL_UART_TxHalfCpltCallback              0x0800486d   Thumb Code     2  stm32f4xx_hal_uart.o(.text.HAL_UART_TxHalfCpltCallback)
    HardFault_Handler                        0x08004871   Thumb Code     2  stm32f4xx_it_1.o(.text.HardFault_Handler)
    MX_DMA_Init                              0x08004d59   Thumb Code    72  dma_1.o(.text.MX_DMA_Init)
    MX_GPIO_Init                             0x08004da1   Thumb Code   382  gpio_1.o(.text.MX_GPIO_Init)
    MX_I2C1_Init                             0x08004f21   Thumb Code    66  i2c_1.o(.text.MX_I2C1_Init)
    MX_SPI2_Init                             0x08004f65   Thumb Code    82  spi_1.o(.text.MX_SPI2_Init)
    MX_TIM1_Init                             0x08004fb9   Thumb Code   116  tim_1.o(.text.MX_TIM1_Init)
    MX_TIM2_Init                             0x0800502d   Thumb Code   290  tim_1.o(.text.MX_TIM2_Init)
    MX_TIM3_Init                             0x08005151   Thumb Code   118  tim_1.o(.text.MX_TIM3_Init)
    MX_TIM4_Init                             0x080051c9   Thumb Code   118  tim_1.o(.text.MX_TIM4_Init)
    MX_USART2_UART_Init                      0x08005241   Thumb Code    64  usart_1.o(.text.MX_USART2_UART_Init)
    MX_USART3_UART_Init                      0x08005281   Thumb Code    64  usart_1.o(.text.MX_USART3_UART_Init)
    MemManage_Handler                        0x080052c1   Thumb Code     2  stm32f4xx_it_1.o(.text.MemManage_Handler)
    NMI_Handler                              0x080052c5   Thumb Code     2  stm32f4xx_it_1.o(.text.NMI_Handler)
    OLED_Clear                               0x080052c9   Thumb Code   172  oled_1.o(.text.OLED_Clear)
    OLED_Display_On                          0x08005375   Thumb Code   106  oled_1.o(.text.OLED_Display_On)
    OLED_Init                                0x080053e1   Thumb Code    16  oled_1.o(.text.OLED_Init)
    OLED_ShowChar                            0x080053f1   Thumb Code  1790  oled_1.o(.text.OLED_ShowChar)
    OLED_ShowString                          0x08005af1   Thumb Code   172  oled_1.o(.text.OLED_ShowString)
    PendSV_Handler                           0x08005b9d   Thumb Code     2  stm32f4xx_it_1.o(.text.PendSV_Handler)
    SVC_Handler                              0x08005cc5   Thumb Code     2  stm32f4xx_it_1.o(.text.SVC_Handler)
    SysTick_Handler                          0x08005cc9   Thumb Code     4  stm32f4xx_it_1.o(.text.SysTick_Handler)
    SystemClock_Config                       0x08005ccd   Thumb Code   172  main_1.o(.text.SystemClock_Config)
    SystemInit                               0x08005d79   Thumb Code    18  system_stm32f4xx_1.o(.text.SystemInit)
    TIM1_UP_TIM10_IRQHandler                 0x08005d8d   Thumb Code    12  stm32f4xx_it_1.o(.text.TIM1_UP_TIM10_IRQHandler)
    TIM2_IRQHandler                          0x08005d99   Thumb Code    12  stm32f4xx_it_1.o(.text.TIM2_IRQHandler)
    TIM3_IRQHandler                          0x08005da5   Thumb Code    12  stm32f4xx_it_1.o(.text.TIM3_IRQHandler)
    TIM4_IRQHandler                          0x08005db1   Thumb Code    12  stm32f4xx_it_1.o(.text.TIM4_IRQHandler)
    TIM_Base_SetConfig                       0x08005dbd   Thumb Code   322  stm32f4xx_hal_tim.o(.text.TIM_Base_SetConfig)
    UART2_SendString                         0x08005f01   Thumb Code   170  main_1.o(.text.UART2_SendString)
    UART2_TxOnComplete                       0x08005fad   Thumb Code   136  main_1.o(.text.UART2_TxOnComplete)
    UART3_Enqueue                            0x08006035   Thumb Code   306  main_1.o(.text.UART3_Enqueue)
    UART3_StartTx                            0x08006169   Thumb Code   124  main_1.o(.text.UART3_StartTx)
    USART2_IRQHandler                        0x0800678d   Thumb Code   118  stm32f4xx_it_1.o(.text.USART2_IRQHandler)
    USART3_IRQHandler                        0x08006805   Thumb Code    12  stm32f4xx_it_1.o(.text.USART3_IRQHandler)
    UsageFault_Handler                       0x08006811   Thumb Code     2  stm32f4xx_it_1.o(.text.UsageFault_Handler)
    WriteCmd                                 0x08006815   Thumb Code   606  oled_1.o(.text.WriteCmd)
    btn1_double_click_handler                0x08006a75   Thumb Code   124  my_button_1.o(.text.btn1_double_click_handler)
    btn1_long_press_hold_handler             0x08006b31   Thumb Code     2  my_button_1.o(.text.btn1_long_press_hold_handler)
    btn1_long_press_start_handler            0x08006b35   Thumb Code     2  my_button_1.o(.text.btn1_long_press_start_handler)
    btn1_press_repeat_handler                0x08006b39   Thumb Code     2  my_button_1.o(.text.btn1_press_repeat_handler)
    btn1_single_click_handler                0x08006b3d   Thumb Code   228  my_button_1.o(.text.btn1_single_click_handler)
    button_attach                            0x08006c69   Thumb Code    18  multi_button_1.o(.text.button_attach)
    button_init                              0x08006c7d   Thumb Code    56  multi_button_1.o(.text.button_init)
    button_start                             0x08006cb5   Thumb Code    78  multi_button_1.o(.text.button_start)
    button_ticks                             0x08006d05   Thumb Code   530  multi_button_1.o(.text.button_ticks)
    buttons_init                             0x08006f19   Thumb Code   142  my_button_1.o(.text.buttons_init)
    getButtonLevel                           0x08006fa9   Thumb Code    40  my_button_1.o(.text.getButtonLevel)
    ldc1101_getLHRData                       0x08006fd1   Thumb Code   160  ldc1101_driver_1.o(.text.ldc1101_getLHRData)
    ldc1101_init                             0x08007071   Thumb Code   570  ldc1101_driver_1.o(.text.ldc1101_init)
    ldc1101_readByte                         0x080072ad   Thumb Code    68  ldc1101_driver_1.o(.text.ldc1101_readByte)
    lwrb_get_full                            0x080072f1   Thumb Code    32  lwrb_1.o(.text.lwrb_get_full)
    lwrb_get_linear_block_read_address       0x08007311   Thumb Code    20  lwrb_1.o(.text.lwrb_get_linear_block_read_address)
    lwrb_get_linear_block_read_length        0x08007325   Thumb Code    36  lwrb_1.o(.text.lwrb_get_linear_block_read_length)
    lwrb_init                                0x08007349   Thumb Code    36  lwrb_1.o(.text.lwrb_init)
    lwrb_skip                                0x0800736d   Thumb Code    76  lwrb_1.o(.text.lwrb_skip)
    lwrb_write                               0x080073b9   Thumb Code   170  lwrb_1.o(.text.lwrb_write)
    main                                     0x08007465   Thumb Code  3864  main_1.o(.text.main)
    __0snprintf                              0x08008411   Thumb Code    48  printfa.o(i.__0snprintf)
    __1snprintf                              0x08008411   Thumb Code     0  printfa.o(i.__0snprintf)
    __2snprintf                              0x08008411   Thumb Code     0  printfa.o(i.__0snprintf)
    __c89snprintf                            0x08008411   Thumb Code     0  printfa.o(i.__0snprintf)
    snprintf                                 0x08008411   Thumb Code     0  printfa.o(i.__0snprintf)
    __aeabi_errno_addr                       0x08008445   Thumb Code     4  errno.o(i.__aeabi_errno_addr)
    __rt_errno_addr                          0x08008445   Thumb Code     0  errno.o(i.__aeabi_errno_addr)
    __scatterload_copy                       0x0800844d   Thumb Code    14  handlers.o(i.__scatterload_copy)
    __scatterload_null                       0x0800845b   Thumb Code     2  handlers.o(i.__scatterload_null)
    __scatterload_zeroinit                   0x0800845d   Thumb Code    14  handlers.o(i.__scatterload_zeroinit)
    __ctype_table                            0x08008d34   Data         129  ctype_o.o(.constdata)
    AHBPrescTable                            0x08008f3c   Data          16  system_stm32f4xx_1.o(.rodata.AHBPrescTable)
    APBPrescTable                            0x08008f4c   Data           8  system_stm32f4xx_1.o(.rodata.APBPrescTable)
    F6x8                                     0x08008f54   Data         552  oledfont_1.o(.rodata.F6x8)
    F8X16                                    0x0800917c   Data        1504  oledfont_1.o(.rodata.F8X16)
    Region$$Table$$Base                      0x08009870   Number         0  anon$$obj.o(Region$$Table)
    Region$$Table$$Limit                     0x08009890   Number         0  anon$$obj.o(Region$$Table)
    system_mode                              0x20000004   Data           1  main_1.o(.data..L_MergedGlobals)
    drv_PWM_isChanged                        0x20000005   Data           1  main_1.o(.data..L_MergedGlobals)
    drv_PWM_freq                             0x20000008   Data           4  main_1.o(.data..L_MergedGlobals)
    drv_PWM_DR                               0x2000000c   Data           4  main_1.o(.data..L_MergedGlobals)
    UART3_TX_head                            0x20000010   Data           4  main_1.o(.data..L_MergedGlobals)
    UART3_TX_tail                            0x20000014   Data           4  main_1.o(.data..L_MergedGlobals)
    ldc2                                     0x20000018   Data          12  main_1.o(.data..L_MergedGlobals)
    hdrv1                                    0x20000024   Data          40  main_1.o(.data..L_MergedGlobals)
    uwTickFreq                               0x2000004c   Data           1  stm32f4xx_hal.o(.data..L_MergedGlobals)
    uwTickPrio                               0x20000050   Data           4  stm32f4xx_hal.o(.data..L_MergedGlobals)
    CMD_Data                                 0x20000054   Data          27  oled_1.o(.data.CMD_Data)
    SystemCoreClock                          0x20000070   Data           4  system_stm32f4xx_1.o(.data.SystemCoreClock)
    pFlash                                   0x20000074   Data          32  stm32f4xx_hal_flash.o(.data.pFlash)
    btn1                                     0x200000a0   Data          44  my_button_1.o(.bss..L_MergedGlobals)
    btn2                                     0x200000cc   Data          44  my_button_1.o(.bss..L_MergedGlobals)
    drv_excitingLevel                        0x200000f8   Data           1  main_1.o(.bss..L_MergedGlobals.18)
    ldc2_isWorking                           0x200000f9   Data           1  main_1.o(.bss..L_MergedGlobals.18)
    ldc2_isReading                           0x200000fa   Data           1  main_1.o(.bss..L_MergedGlobals.18)
    ldc2_isReadingPrev                       0x200000fb   Data           1  main_1.o(.bss..L_MergedGlobals.18)
    ldc2_dataReady                           0x200000fc   Data           1  main_1.o(.bss..L_MergedGlobals.18)
    LDC_status                               0x200000fd   Data           1  main_1.o(.bss..L_MergedGlobals.18)
    cal_episode_cnt                          0x200000fe   Data           1  main_1.o(.bss..L_MergedGlobals.18)
    cal_state                                0x200000ff   Data           1  main_1.o(.bss..L_MergedGlobals.18)
    UART2_RX_activeBuffer                    0x20000100   Data           1  main_1.o(.bss..L_MergedGlobals.18)
    UART3_DMA_busy                           0x20000101   Data           1  main_1.o(.bss..L_MergedGlobals.18)
    oled_update_pending                      0x20000102   Data           1  main_1.o(.bss..L_MergedGlobals.18)
    button_scan_pending                      0x20000103   Data           1  main_1.o(.bss..L_MergedGlobals.18)
    led_breath_enabled                       0x20000104   Data           1  main_1.o(.bss..L_MergedGlobals.18)
    cal_current_position_um                  0x20000108   Data           2  main_1.o(.bss..L_MergedGlobals.18)
    drv_PWM_cnt                              0x2000010c   Data           4  main_1.o(.bss..L_MergedGlobals.18)
    drv_PWM_halfCnt                          0x20000110   Data           4  main_1.o(.bss..L_MergedGlobals.18)
    drv_PWM_assertCnt                        0x20000114   Data           4  main_1.o(.bss..L_MergedGlobals.18)
    LHR_data                                 0x20000118   Data           4  main_1.o(.bss..L_MergedGlobals.18)
    cal_wait_start_tick                      0x2000011c   Data           4  main_1.o(.bss..L_MergedGlobals.18)
    cal_sample_cnt                           0x20000120   Data           4  main_1.o(.bss..L_MergedGlobals.18)
    cal_total_sample_cnt                     0x20000124   Data           4  main_1.o(.bss..L_MergedGlobals.18)
    cal_sum                                  0x20000130   Data           8  main_1.o(.bss..L_MergedGlobals.18)
    cal_sum_sq                               0x20000138   Data           8  main_1.o(.bss..L_MergedGlobals.18)
    cal_total_sum                            0x20000140   Data           8  main_1.o(.bss..L_MergedGlobals.18)
    cal_total_sum_sq                         0x20000148   Data           8  main_1.o(.bss..L_MergedGlobals.18)
    frame                                    0x20000150   Data           9  main_1.o(.bss..L_MergedGlobals.18)
    DR_scan_enabled                          0x20000174   Data           1  main_1.o(.bss.DR_scan_enabled)
    UART2_RX_DMA_buffer                      0x20000175   Data         256  main_1.o(.bss.UART2_RX_DMA_buffer)
    UART3_TX_buffer                          0x20000278   Data        9216  main_1.o(.bss.UART3_TX_buffer)
    freq_scan_enabled                        0x20002678   Data           1  main_1.o(.bss.freq_scan_enabled)
    hdma_usart2_rx                           0x2000267c   Data          96  usart_1.o(.bss.hdma_usart2_rx)
    hdma_usart3_tx                           0x200026dc   Data          96  usart_1.o(.bss.hdma_usart3_tx)
    hi2c1                                    0x20002740   Data          84  i2c_1.o(.bss.hi2c1)
    hspi2                                    0x20002794   Data          88  spi_1.o(.bss.hspi2)
    htim1                                    0x200027ec   Data          72  tim_1.o(.bss.htim1)
    htim2                                    0x20002834   Data          72  tim_1.o(.bss.htim2)
    htim3                                    0x2000287c   Data          72  tim_1.o(.bss.htim3)
    htim4                                    0x200028c4   Data          72  tim_1.o(.bss.htim4)
    huart2                                   0x2000290c   Data          72  usart_1.o(.bss.huart2)
    huart3                                   0x20002954   Data          72  usart_1.o(.bss.huart3)
    isLHR                                    0x2000299c   Data           1  ldc1101_driver_1.o(.bss.isLHR)
    mean_episode                             0x200029a0   Data          40  main_1.o(.bss.mean_episode)
    uwTick                                   0x20002bc8   Data           4  stm32f4xx_hal.o(.bss.uwTick)
    __initial_sp                             0x200033d0   Data           0  startup_stm32f407xx.o(STACK)



==============================================================================

Memory Map of the image

  Image Entry point : 0x08000189

  Load Region LR_IROM1 (Base: 0x08000000, Size: 0x00009928, Max: 0x00100000, ABSOLUTE)

    Execution Region ER_IROM1 (Exec base: 0x08000000, Load base: 0x08000000, Size: 0x00009890, Max: 0x00100000, ABSOLUTE)

    Exec Addr    Load Addr    Size         Type   Attr      Idx    E Section Name        Object

    0x08000000   0x08000000   0x00000188   Data   RO          421    RESET               startup_stm32f407xx.o
    0x08000188   0x08000188   0x00000000   Code   RO         1522  * .ARM.Collect$$$$00000000  mc_w.l(entry.o)
    0x08000188   0x08000188   0x00000004   Code   RO         1810    .ARM.Collect$$$$00000001  mc_w.l(entry2.o)
    0x0800018c   0x0800018c   0x00000004   Code   RO         1813    .ARM.Collect$$$$00000004  mc_w.l(entry5.o)
    0x08000190   0x08000190   0x00000000   Code   RO         1815    .ARM.Collect$$$$00000008  mc_w.l(entry7b.o)
    0x08000190   0x08000190   0x00000000   Code   RO         1817    .ARM.Collect$$$$0000000A  mc_w.l(entry8b.o)
    0x08000190   0x08000190   0x00000008   Code   RO         1818    .ARM.Collect$$$$0000000B  mc_w.l(entry9a.o)
    0x08000198   0x08000198   0x00000000   Code   RO         1820    .ARM.Collect$$$$0000000D  mc_w.l(entry10a.o)
    0x08000198   0x08000198   0x00000000   Code   RO         1822    .ARM.Collect$$$$0000000F  mc_w.l(entry11a.o)
    0x08000198   0x08000198   0x00000004   Code   RO         1811    .ARM.Collect$$$$00002712  mc_w.l(entry2.o)
    0x0800019c   0x0800019c   0x00000024   Code   RO          422    .text               startup_stm32f407xx.o
    0x080001c0   0x080001c0   0x00000062   Code   RO         1525    .text               mc_w.l(uldiv.o)
    0x08000222   0x08000222   0x00000024   Code   RO         1527    .text               mc_w.l(memcpya.o)
    0x08000246   0x08000246   0x00000024   Code   RO         1529    .text               mc_w.l(memseta.o)
    0x0800026a   0x0800026a   0x00000018   Code   RO         1531    .text               mc_w.l(strncpy.o)
    0x08000282   0x08000282   0x0000000e   Code   RO         1533    .text               mc_w.l(strlen.o)
    0x08000290   0x08000290   0x0000001e   Code   RO         1535    .text               mc_w.l(strncmp.o)
    0x080002ae   0x080002ae   0x00000002   PAD
    0x080002b0   0x080002b0   0x00000038   Code   RO         1800    .text               mc_w.l(__0sscanf.o)
    0x080002e8   0x080002e8   0x0000014c   Code   RO         1802    .text               mc_w.l(_scanf_int.o)
    0x08000434   0x08000434   0x0000001a   Code   RO         1804    .text               mc_w.l(atoi.o)
    0x0800044e   0x0800044e   0x0000001c   Code   RO         1806    .text               mf_w.l(ffltul.o)
    0x0800046a   0x0800046a   0x00000026   Code   RO         1808    .text               mf_w.l(f2d.o)
    0x08000490   0x08000490   0x0000002c   Code   RO         1838    .text               mc_w.l(uidiv.o)
    0x080004bc   0x080004bc   0x0000001e   Code   RO         1840    .text               mc_w.l(llshl.o)
    0x080004da   0x080004da   0x00000020   Code   RO         1842    .text               mc_w.l(llushr.o)
    0x080004fa   0x080004fa   0x0000001c   Code   RO         1851    .text               mc_w.l(_chval.o)
    0x08000516   0x08000516   0x00000002   PAD
    0x08000518   0x08000518   0x00000028   Code   RO         1853    .text               mc_w.l(scanf_char.o)
    0x08000540   0x08000540   0x00000040   Code   RO         1855    .text               mc_w.l(_sgetc.o)
    0x08000580   0x08000580   0x00000070   Code   RO         1857    .text               mc_w.l(strtol.o)
    0x080005f0   0x080005f0   0x00000000   Code   RO         1859    .text               mc_w.l(iusefp.o)
    0x080005f0   0x080005f0   0x0000006e   Code   RO         1860    .text               mf_w.l(fepilogue.o)
    0x0800065e   0x0800065e   0x0000014e   Code   RO         1862    .text               mf_w.l(dadd.o)
    0x080007ac   0x080007ac   0x000000e4   Code   RO         1864    .text               mf_w.l(dmul.o)
    0x08000890   0x08000890   0x000000de   Code   RO         1866    .text               mf_w.l(ddiv.o)
    0x0800096e   0x0800096e   0x00000030   Code   RO         1868    .text               mf_w.l(dfixul.o)
    0x0800099e   0x0800099e   0x00000002   PAD
    0x080009a0   0x080009a0   0x00000030   Code   RO         1870    .text               mf_w.l(cdrcmple.o)
    0x080009d0   0x080009d0   0x00000030   Code   RO         1872    .text               mc_w.l(init.o)
    0x08000a00   0x08000a00   0x00000024   Code   RO         1875    .text               mc_w.l(llsshr.o)
    0x08000a24   0x08000a24   0x00000008   Code   RO         1879    .text               mc_w.l(ctype_o.o)
    0x08000a2c   0x08000a2c   0x00000012   Code   RO         1901    .text               mc_w.l(isspace_o.o)
    0x08000a3e   0x08000a3e   0x00000002   PAD
    0x08000a40   0x08000a40   0x0000032c   Code   RO         1907    .text               mc_w.l(_scanf.o)
    0x08000d6c   0x08000d6c   0x0000009e   Code   RO         1909    .text               mc_w.l(_strtoul.o)
    0x08000e0a   0x08000e0a   0x000000ba   Code   RO         1912    .text               mf_w.l(depilogue.o)
    0x08000ec4   0x08000ec4   0x00000002   Code   RO          150    .text.BusFault_Handler  stm32f4xx_it_1.o
    0x08000ec6   0x08000ec6   0x00000002   PAD
    0x08000ec8   0x08000ec8   0x00000390   Code   RO          201    .text.Command_Parse  command_1.o
    0x08001258   0x08001258   0x0000000c   Code   RO          164    .text.DMA1_Stream3_IRQHandler  stm32f4xx_it_1.o
    0x08001264   0x08001264   0x0000000c   Code   RO          166    .text.DMA1_Stream5_IRQHandler  stm32f4xx_it_1.o
    0x08001270   0x08001270   0x00000066   Code   RO          214    .text.DRV_Coast     drv8833_driver_1.o
    0x080012d6   0x080012d6   0x00000002   PAD
    0x080012d8   0x080012d8   0x00000076   Code   RO          218    .text.DRV_Forward   drv8833_driver_1.o
    0x0800134e   0x0800134e   0x00000002   PAD
    0x08001350   0x08001350   0x00000080   Code   RO          210    .text.DRV_Init      drv8833_driver_1.o
    0x080013d0   0x080013d0   0x0000007c   Code   RO          220    .text.DRV_Reverse   drv8833_driver_1.o
    0x0800144c   0x0800144c   0x000000c4   Code   RO          212    .text.DRV_Sleep     drv8833_driver_1.o
    0x08001510   0x08001510   0x00000042   Code   RO            4    .text.DRV_Stop      main_1.o
    0x08001552   0x08001552   0x00000002   PAD
    0x08001554   0x08001554   0x00000002   Code   RO          156    .text.DebugMon_Handler  stm32f4xx_it_1.o
    0x08001556   0x08001556   0x00000002   PAD
    0x08001558   0x08001558   0x00000006   Code   RO           24    .text.Error_Handler  main_1.o
    0x0800155e   0x0800155e   0x00000002   PAD
    0x08001560   0x08001560   0x00000046   Code   RO          659    .text.FLASH_Erase_Sector  stm32f4xx_hal_flash_ex.o
    0x080015a6   0x080015a6   0x00000002   PAD
    0x080015a8   0x080015a8   0x00000058   Code   RO          661    .text.FLASH_FlushCaches  stm32f4xx_hal_flash_ex.o
    0x08001600   0x08001600   0x00000004   Code   RO          162    .text.FLASH_IRQHandler  stm32f4xx_it_1.o
    0x08001604   0x08001604   0x0000008e   Code   RO          724    .text.HAL_DMA_Abort  stm32f4xx_hal_dma.o
    0x08001692   0x08001692   0x00000002   PAD
    0x08001694   0x08001694   0x00000024   Code   RO          726    .text.HAL_DMA_Abort_IT  stm32f4xx_hal_dma.o
    0x080016b8   0x080016b8   0x000001c0   Code   RO          730    .text.HAL_DMA_IRQHandler  stm32f4xx_hal_dma.o
    0x08001878   0x08001878   0x00000162   Code   RO          716    .text.HAL_DMA_Init  stm32f4xx_hal_dma.o
    0x080019da   0x080019da   0x00000002   PAD
    0x080019dc   0x080019dc   0x000000a2   Code   RO          722    .text.HAL_DMA_Start_IT  stm32f4xx_hal_dma.o
    0x08001a7e   0x08001a7e   0x00000002   PAD
    0x08001a80   0x08001a80   0x00000028   Code   RO          883    .text.HAL_Delay     stm32f4xx_hal.o
    0x08001aa8   0x08001aa8   0x00000002   Code   RO          634    .text.HAL_FLASH_EndOfOperationCallback  stm32f4xx_hal_flash.o
    0x08001aaa   0x08001aaa   0x00000002   PAD
    0x08001aac   0x08001aac   0x00000138   Code   RO          630    .text.HAL_FLASH_IRQHandler  stm32f4xx_hal_flash.o
    0x08001be4   0x08001be4   0x00000002   Code   RO          632    .text.HAL_FLASH_OperationErrorCallback  stm32f4xx_hal_flash.o
    0x08001be6   0x08001be6   0x00000002   PAD
    0x08001be8   0x08001be8   0x0000019e   Code   RO          678    .text.HAL_GPIO_Init  stm32f4xx_hal_gpio.o
    0x08001d86   0x08001d86   0x00000002   PAD
    0x08001d88   0x08001d88   0x0000000a   Code   RO          682    .text.HAL_GPIO_ReadPin  stm32f4xx_hal_gpio.o
    0x08001d92   0x08001d92   0x00000002   PAD
    0x08001d94   0x08001d94   0x00000010   Code   RO          686    .text.HAL_GPIO_TogglePin  stm32f4xx_hal_gpio.o
    0x08001da4   0x08001da4   0x0000000a   Code   RO          684    .text.HAL_GPIO_WritePin  stm32f4xx_hal_gpio.o
    0x08001dae   0x08001dae   0x00000002   PAD
    0x08001db0   0x08001db0   0x0000000c   Code   RO          875    .text.HAL_GetTick   stm32f4xx_hal.o
    0x08001dbc   0x08001dbc   0x00000164   Code   RO          429    .text.HAL_I2C_Init  stm32f4xx_hal_i2c.o
    0x08001f20   0x08001f20   0x0000015c   Code   RO          473    .text.HAL_I2C_Mem_Write  stm32f4xx_hal_i2c.o
    0x0800207c   0x0800207c   0x0000006a   Code   RO           70    .text.HAL_I2C_MspInit  i2c_1.o
    0x080020e6   0x080020e6   0x00000002   PAD
    0x080020e8   0x080020e8   0x0000001a   Code   RO          873    .text.HAL_IncTick   stm32f4xx_hal.o
    0x08002102   0x08002102   0x00000002   PAD
    0x08002104   0x08002104   0x00000036   Code   RO          863    .text.HAL_Init      stm32f4xx_hal.o
    0x0800213a   0x0800213a   0x00000002   PAD
    0x0800213c   0x0800213c   0x00000048   Code   RO          865    .text.HAL_InitTick  stm32f4xx_hal.o
    0x08002184   0x08002184   0x00000052   Code   RO          193    .text.HAL_MspInit   stm32f4xx_hal_msp_1.o
    0x080021d6   0x080021d6   0x00000002   PAD
    0x080021d8   0x080021d8   0x00000022   Code   RO          815    .text.HAL_NVIC_EnableIRQ  stm32f4xx_hal_cortex.o
    0x080021fa   0x080021fa   0x00000002   PAD
    0x080021fc   0x080021fc   0x00000056   Code   RO          813    .text.HAL_NVIC_SetPriority  stm32f4xx_hal_cortex.o
    0x08002252   0x08002252   0x00000002   PAD
    0x08002254   0x08002254   0x00000020   Code   RO          811    .text.HAL_NVIC_SetPriorityGrouping  stm32f4xx_hal_cortex.o
    0x08002274   0x08002274   0x00000164   Code   RO          572    .text.HAL_RCC_ClockConfig  stm32f4xx_hal_rcc.o
    0x080023d8   0x080023d8   0x00000026   Code   RO          584    .text.HAL_RCC_GetPCLK1Freq  stm32f4xx_hal_rcc.o
    0x080023fe   0x080023fe   0x00000002   PAD
    0x08002400   0x08002400   0x00000026   Code   RO          586    .text.HAL_RCC_GetPCLK2Freq  stm32f4xx_hal_rcc.o
    0x08002426   0x08002426   0x00000002   PAD
    0x08002428   0x08002428   0x0000006c   Code   RO          574    .text.HAL_RCC_GetSysClockFreq  stm32f4xx_hal_rcc.o
    0x08002494   0x08002494   0x000003b0   Code   RO          570    .text.HAL_RCC_OscConfig  stm32f4xx_hal_rcc.o
    0x08002844   0x08002844   0x000000b4   Code   RO          953    .text.HAL_SPI_Init  stm32f4xx_hal_spi.o
    0x080028f8   0x080028f8   0x0000006c   Code   RO           85    .text.HAL_SPI_MspInit  spi_1.o
    0x08002964   0x08002964   0x0000027a   Code   RO          961    .text.HAL_SPI_Transmit  stm32f4xx_hal_spi.o
    0x08002bde   0x08002bde   0x00000002   PAD
    0x08002be0   0x08002be0   0x0000034e   Code   RO          965    .text.HAL_SPI_TransmitReceive  stm32f4xx_hal_spi.o
    0x08002f2e   0x08002f2e   0x00000002   PAD
    0x08002f30   0x08002f30   0x0000002c   Code   RO          823    .text.HAL_SYSTICK_Config  stm32f4xx_hal_cortex.o
    0x08002f5c   0x08002f5c   0x00000002   Code   RO         1372    .text.HAL_TIMEx_BreakCallback  stm32f4xx_hal_tim_ex.o
    0x08002f5e   0x08002f5e   0x00000002   PAD
    0x08002f60   0x08002f60   0x00000002   Code   RO         1368    .text.HAL_TIMEx_CommutCallback  stm32f4xx_hal_tim_ex.o
    0x08002f62   0x08002f62   0x00000002   PAD
    0x08002f64   0x08002f64   0x000000ba   Code   RO         1362    .text.HAL_TIMEx_MasterConfigSynchronization  stm32f4xx_hal_tim_ex.o
    0x0800301e   0x0800301e   0x00000002   PAD
    0x08003020   0x08003020   0x0000005a   Code   RO         1067    .text.HAL_TIM_Base_Init  stm32f4xx_hal_tim.o
    0x0800307a   0x0800307a   0x00000002   PAD
    0x0800307c   0x0800307c   0x000000ee   Code   RO          108    .text.HAL_TIM_Base_MspInit  tim_1.o
    0x0800316a   0x0800316a   0x00000002   PAD
    0x0800316c   0x0800316c   0x000000aa   Code   RO         1081    .text.HAL_TIM_Base_Start_IT  stm32f4xx_hal_tim.o
    0x08003216   0x08003216   0x00000002   PAD
    0x08003218   0x08003218   0x0000003c   Code   RO         1083    .text.HAL_TIM_Base_Stop_IT  stm32f4xx_hal_tim.o
    0x08003254   0x08003254   0x000001a0   Code   RO         1247    .text.HAL_TIM_ConfigClockSource  stm32f4xx_hal_tim.o
    0x080033f4   0x080033f4   0x00000002   Code   RO         1203    .text.HAL_TIM_IC_CaptureCallback  stm32f4xx_hal_tim.o
    0x080033f6   0x080033f6   0x00000002   PAD
    0x080033f8   0x080033f8   0x0000014e   Code   RO         1201    .text.HAL_TIM_IRQHandler  stm32f4xx_hal_tim.o
    0x08003546   0x08003546   0x00000002   PAD
    0x08003548   0x08003548   0x00000002   Code   RO         1205    .text.HAL_TIM_OC_DelayElapsedCallback  stm32f4xx_hal_tim.o
    0x0800354a   0x0800354a   0x00000002   PAD
    0x0800354c   0x0800354c   0x00000224   Code   RO         1221    .text.HAL_TIM_PWM_ConfigChannel  stm32f4xx_hal_tim.o
    0x08003770   0x08003770   0x0000005a   Code   RO         1121    .text.HAL_TIM_PWM_Init  stm32f4xx_hal_tim.o
    0x080037ca   0x080037ca   0x00000002   PAD
    0x080037cc   0x080037cc   0x00000002   Code   RO         1123    .text.HAL_TIM_PWM_MspInit  stm32f4xx_hal_tim.o
    0x080037ce   0x080037ce   0x00000002   PAD
    0x080037d0   0x080037d0   0x00000002   Code   RO         1207    .text.HAL_TIM_PWM_PulseFinishedCallback  stm32f4xx_hal_tim.o
    0x080037d2   0x080037d2   0x00000002   PAD
    0x080037d4   0x080037d4   0x0000011e   Code   RO         1129    .text.HAL_TIM_PWM_Start  stm32f4xx_hal_tim.o
    0x080038f2   0x080038f2   0x00000002   PAD
    0x080038f4   0x080038f4   0x000000aa   Code   RO         1131    .text.HAL_TIM_PWM_Stop  stm32f4xx_hal_tim.o
    0x0800399e   0x0800399e   0x00000002   PAD
    0x080039a0   0x080039a0   0x00000254   Code   RO          180    .text.HAL_TIM_PeriodElapsedCallback  stm32f4xx_it_1.o
    0x08003bf4   0x08003bf4   0x00000002   Code   RO         1211    .text.HAL_TIM_TriggerCallback  stm32f4xx_hal_tim.o
    0x08003bf6   0x08003bf6   0x00000002   PAD
    0x08003bf8   0x08003bf8   0x00000002   Code   RO         1472    .text.HAL_UARTEx_RxEventCallback  stm32f4xx_hal_uart.o
    0x08003bfa   0x08003bfa   0x00000002   PAD
    0x08003bfc   0x08003bfc   0x0000021c   Code   RO         1428    .text.HAL_UART_DMAStop  stm32f4xx_hal_uart.o
    0x08003e18   0x08003e18   0x00000002   Code   RO         1470    .text.HAL_UART_ErrorCallback  stm32f4xx_hal_uart.o
    0x08003e1a   0x08003e1a   0x00000002   PAD
    0x08003e1c   0x08003e1c   0x00000588   Code   RO         1464    .text.HAL_UART_IRQHandler  stm32f4xx_hal_uart.o
    0x080043a4   0x080043a4   0x00000060   Code   RO         1386    .text.HAL_UART_Init  stm32f4xx_hal_uart.o
    0x08004404   0x08004404   0x00000172   Code   RO          128    .text.HAL_UART_MspInit  usart_1.o
    0x08004576   0x08004576   0x00000002   PAD
    0x08004578   0x08004578   0x0000017a   Code   RO         1420    .text.HAL_UART_Receive_DMA  stm32f4xx_hal_uart.o
    0x080046f2   0x080046f2   0x00000002   PAD
    0x080046f4   0x080046f4   0x00000002   Code   RO         1478    .text.HAL_UART_RxCpltCallback  stm32f4xx_hal_uart.o
    0x080046f6   0x080046f6   0x00000002   PAD
    0x080046f8   0x080046f8   0x00000002   Code   RO         1480    .text.HAL_UART_RxHalfCpltCallback  stm32f4xx_hal_uart.o
    0x080046fa   0x080046fa   0x00000002   PAD
    0x080046fc   0x080046fc   0x000000cc   Code   RO         1412    .text.HAL_UART_Transmit_DMA  stm32f4xx_hal_uart.o
    0x080047c8   0x080047c8   0x00000038   Code   RO         1406    .text.HAL_UART_Transmit_IT  stm32f4xx_hal_uart.o
    0x08004800   0x08004800   0x0000006c   Code   RO          182    .text.HAL_UART_TxCpltCallback  stm32f4xx_it_1.o
    0x0800486c   0x0800486c   0x00000002   Code   RO         1476    .text.HAL_UART_TxHalfCpltCallback  stm32f4xx_hal_uart.o
    0x0800486e   0x0800486e   0x00000002   PAD
    0x08004870   0x08004870   0x00000002   Code   RO          146    .text.HardFault_Handler  stm32f4xx_it_1.o
    0x08004872   0x08004872   0x00000002   PAD
    0x08004874   0x08004874   0x000000c8   Code   RO          475    .text.I2C_RequestMemoryWrite  stm32f4xx_hal_i2c.o
    0x0800493c   0x0800493c   0x000000ba   Code   RO          443    .text.I2C_WaitOnBTFFlagUntilTimeout  stm32f4xx_hal_i2c.o
    0x080049f6   0x080049f6   0x00000002   PAD
    0x080049f8   0x080049f8   0x000001ca   Code   RO          439    .text.I2C_WaitOnFlagUntilTimeout  stm32f4xx_hal_i2c.o
    0x08004bc2   0x08004bc2   0x00000002   PAD
    0x08004bc4   0x08004bc4   0x000000d6   Code   RO          557    .text.I2C_WaitOnMasterAddressFlagUntilTimeout  stm32f4xx_hal_i2c.o
    0x08004c9a   0x08004c9a   0x00000002   PAD
    0x08004c9c   0x08004c9c   0x000000ba   Code   RO          441    .text.I2C_WaitOnTXEFlagUntilTimeout  stm32f4xx_hal_i2c.o
    0x08004d56   0x08004d56   0x00000002   PAD
    0x08004d58   0x08004d58   0x00000048   Code   RO           59    .text.MX_DMA_Init   dma_1.o
    0x08004da0   0x08004da0   0x0000017e   Code   RO           49    .text.MX_GPIO_Init  gpio_1.o
    0x08004f1e   0x08004f1e   0x00000002   PAD
    0x08004f20   0x08004f20   0x00000042   Code   RO           68    .text.MX_I2C1_Init  i2c_1.o
    0x08004f62   0x08004f62   0x00000002   PAD
    0x08004f64   0x08004f64   0x00000052   Code   RO           83    .text.MX_SPI2_Init  spi_1.o
    0x08004fb6   0x08004fb6   0x00000002   PAD
    0x08004fb8   0x08004fb8   0x00000074   Code   RO           98    .text.MX_TIM1_Init  tim_1.o
    0x0800502c   0x0800502c   0x00000122   Code   RO          100    .text.MX_TIM2_Init  tim_1.o
    0x0800514e   0x0800514e   0x00000002   PAD
    0x08005150   0x08005150   0x00000076   Code   RO          104    .text.MX_TIM3_Init  tim_1.o
    0x080051c6   0x080051c6   0x00000002   PAD
    0x080051c8   0x080051c8   0x00000076   Code   RO          106    .text.MX_TIM4_Init  tim_1.o
    0x0800523e   0x0800523e   0x00000002   PAD
    0x08005240   0x08005240   0x00000040   Code   RO          124    .text.MX_USART2_UART_Init  usart_1.o
    0x08005280   0x08005280   0x00000040   Code   RO          126    .text.MX_USART3_UART_Init  usart_1.o
    0x080052c0   0x080052c0   0x00000002   Code   RO          148    .text.MemManage_Handler  stm32f4xx_it_1.o
    0x080052c2   0x080052c2   0x00000002   PAD
    0x080052c4   0x080052c4   0x00000002   Code   RO          144    .text.NMI_Handler   stm32f4xx_it_1.o
    0x080052c6   0x080052c6   0x00000002   PAD
    0x080052c8   0x080052c8   0x000000ac   Code   RO          370    .text.OLED_Clear    oled_1.o
    0x08005374   0x08005374   0x0000006a   Code   RO          372    .text.OLED_Display_On  oled_1.o
    0x080053de   0x080053de   0x00000002   PAD
    0x080053e0   0x080053e0   0x00000010   Code   RO          362    .text.OLED_Init     oled_1.o
    0x080053f0   0x080053f0   0x000006fe   Code   RO          380    .text.OLED_ShowChar  oled_1.o
    0x08005aee   0x08005aee   0x00000002   PAD
    0x08005af0   0x08005af0   0x000000ac   Code   RO          382    .text.OLED_ShowString  oled_1.o
    0x08005b9c   0x08005b9c   0x00000002   Code   RO          158    .text.PendSV_Handler  stm32f4xx_it_1.o
    0x08005b9e   0x08005b9e   0x00000002   PAD
    0x08005ba0   0x08005ba0   0x00000124   Code   RO         1057    .text.SPI_WaitFlagStateUntilTimeout  stm32f4xx_hal_spi.o
    0x08005cc4   0x08005cc4   0x00000002   Code   RO          154    .text.SVC_Handler   stm32f4xx_it_1.o
    0x08005cc6   0x08005cc6   0x00000002   PAD
    0x08005cc8   0x08005cc8   0x00000004   Code   RO          160    .text.SysTick_Handler  stm32f4xx_it_1.o
    0x08005ccc   0x08005ccc   0x000000ac   Code   RO           22    .text.SystemClock_Config  main_1.o
    0x08005d78   0x08005d78   0x00000012   Code   RO         1508    .text.SystemInit    system_stm32f4xx_1.o
    0x08005d8a   0x08005d8a   0x00000002   PAD
    0x08005d8c   0x08005d8c   0x0000000c   Code   RO          168    .text.TIM1_UP_TIM10_IRQHandler  stm32f4xx_it_1.o
    0x08005d98   0x08005d98   0x0000000c   Code   RO          170    .text.TIM2_IRQHandler  stm32f4xx_it_1.o
    0x08005da4   0x08005da4   0x0000000c   Code   RO          172    .text.TIM3_IRQHandler  stm32f4xx_it_1.o
    0x08005db0   0x08005db0   0x0000000c   Code   RO          174    .text.TIM4_IRQHandler  stm32f4xx_it_1.o
    0x08005dbc   0x08005dbc   0x00000142   Code   RO         1071    .text.TIM_Base_SetConfig  stm32f4xx_hal_tim.o
    0x08005efe   0x08005efe   0x00000002   PAD
    0x08005f00   0x08005f00   0x000000aa   Code   RO           14    .text.UART2_SendString  main_1.o
    0x08005faa   0x08005faa   0x00000002   PAD
    0x08005fac   0x08005fac   0x00000088   Code   RO           16    .text.UART2_TxOnComplete  main_1.o
    0x08006034   0x08006034   0x00000132   Code   RO            6    .text.UART3_Enqueue  main_1.o
    0x08006166   0x08006166   0x00000002   PAD
    0x08006168   0x08006168   0x0000007c   Code   RO            8    .text.UART3_StartTx  main_1.o
    0x080061e4   0x080061e4   0x0000000a   Code   RO         1468    .text.UART_DMAAbortOnError  stm32f4xx_hal_uart.o
    0x080061ee   0x080061ee   0x00000002   PAD
    0x080061f0   0x080061f0   0x0000017c   Code   RO         1418    .text.UART_DMAError  stm32f4xx_hal_uart.o
    0x0800636c   0x0800636c   0x0000015e   Code   RO         1496    .text.UART_DMAReceiveCplt  stm32f4xx_hal_uart.o
    0x080064ca   0x080064ca   0x00000002   PAD
    0x080064cc   0x080064cc   0x00000018   Code   RO         1498    .text.UART_DMARxHalfCplt  stm32f4xx_hal_uart.o
    0x080064e4   0x080064e4   0x000000b0   Code   RO         1414    .text.UART_DMATransmitCplt  stm32f4xx_hal_uart.o
    0x08006594   0x08006594   0x00000006   Code   RO         1416    .text.UART_DMATxHalfCplt  stm32f4xx_hal_uart.o
    0x0800659a   0x0800659a   0x00000002   PAD
    0x0800659c   0x0800659c   0x000000fe   Code   RO         1466    .text.UART_Receive_IT  stm32f4xx_hal_uart.o
    0x0800669a   0x0800669a   0x00000002   PAD
    0x0800669c   0x0800669c   0x000000ee   Code   RO         1390    .text.UART_SetConfig  stm32f4xx_hal_uart.o
    0x0800678a   0x0800678a   0x00000002   PAD
    0x0800678c   0x0800678c   0x00000076   Code   RO          176    .text.USART2_IRQHandler  stm32f4xx_it_1.o
    0x08006802   0x08006802   0x00000002   PAD
    0x08006804   0x08006804   0x0000000c   Code   RO          178    .text.USART3_IRQHandler  stm32f4xx_it_1.o
    0x08006810   0x08006810   0x00000002   Code   RO          152    .text.UsageFault_Handler  stm32f4xx_it_1.o
    0x08006812   0x08006812   0x00000002   PAD
    0x08006814   0x08006814   0x0000025e   Code   RO          360    .text.WriteCmd      oled_1.o
    0x08006a72   0x08006a72   0x00000002   PAD
    0x08006a74   0x08006a74   0x000000bc   Code   RO          341    .text.btn1_double_click_handler  my_button_1.o
    0x08006b30   0x08006b30   0x00000002   Code   RO          345    .text.btn1_long_press_hold_handler  my_button_1.o
    0x08006b32   0x08006b32   0x00000002   PAD
    0x08006b34   0x08006b34   0x00000002   Code   RO          343    .text.btn1_long_press_start_handler  my_button_1.o
    0x08006b36   0x08006b36   0x00000002   PAD
    0x08006b38   0x08006b38   0x00000002   Code   RO          347    .text.btn1_press_repeat_handler  my_button_1.o
    0x08006b3a   0x08006b3a   0x00000002   PAD
    0x08006b3c   0x08006b3c   0x0000012c   Code   RO          339    .text.btn1_single_click_handler  my_button_1.o
    0x08006c68   0x08006c68   0x00000012   Code   RO          310    .text.button_attach  multi_button_1.o
    0x08006c7a   0x08006c7a   0x00000002   PAD
    0x08006c7c   0x08006c7c   0x00000038   Code   RO          308    .text.button_init   multi_button_1.o
    0x08006cb4   0x08006cb4   0x0000004e   Code   RO          322    .text.button_start  multi_button_1.o
    0x08006d02   0x08006d02   0x00000002   PAD
    0x08006d04   0x08006d04   0x00000212   Code   RO          326    .text.button_ticks  multi_button_1.o
    0x08006f16   0x08006f16   0x00000002   PAD
    0x08006f18   0x08006f18   0x0000008e   Code   RO          349    .text.buttons_init  my_button_1.o
    0x08006fa6   0x08006fa6   0x00000002   PAD
    0x08006fa8   0x08006fa8   0x00000028   Code   RO          337    .text.getButtonLevel  my_button_1.o
    0x08006fd0   0x08006fd0   0x000000a0   Code   RO          246    .text.ldc1101_getLHRData  ldc1101_driver_1.o
    0x08007070   0x08007070   0x0000023a   Code   RO          236    .text.ldc1101_init  ldc1101_driver_1.o
    0x080072aa   0x080072aa   0x00000002   PAD
    0x080072ac   0x080072ac   0x00000044   Code   RO          234    .text.ldc1101_readByte  ldc1101_driver_1.o
    0x080072f0   0x080072f0   0x00000020   Code   RO          279    .text.lwrb_get_full  lwrb_1.o
    0x08007310   0x08007310   0x00000014   Code   RO          285    .text.lwrb_get_linear_block_read_address  lwrb_1.o
    0x08007324   0x08007324   0x00000024   Code   RO          287    .text.lwrb_get_linear_block_read_length  lwrb_1.o
    0x08007348   0x08007348   0x00000024   Code   RO          257    .text.lwrb_init     lwrb_1.o
    0x0800736c   0x0800736c   0x0000004c   Code   RO          289    .text.lwrb_skip     lwrb_1.o
    0x080073b8   0x080073b8   0x000000aa   Code   RO          269    .text.lwrb_write    lwrb_1.o
    0x08007462   0x08007462   0x00000002   PAD
    0x08007464   0x08007464   0x00000fac   Code   RO           20    .text.main          main_1.o
    0x08008410   0x08008410   0x00000034   Code   RO         1773    i.__0snprintf       mc_w.l(printfa.o)
    0x08008444   0x08008444   0x00000008   Code   RO         1844    i.__aeabi_errno_addr  mc_w.l(errno.o)
    0x0800844c   0x0800844c   0x0000000e   Code   RO         1919    i.__scatterload_copy  mc_w.l(handlers.o)
    0x0800845a   0x0800845a   0x00000002   Code   RO         1920    i.__scatterload_null  mc_w.l(handlers.o)
    0x0800845c   0x0800845c   0x0000000e   Code   RO         1921    i.__scatterload_zeroinit  mc_w.l(handlers.o)
    0x0800846a   0x0800846a   0x00000002   PAD
    0x0800846c   0x0800846c   0x00000184   Code   RO         1779    i._fp_digits        mc_w.l(printfa.o)
    0x080085f0   0x080085f0   0x000006dc   Code   RO         1780    i._printf_core      mc_w.l(printfa.o)
    0x08008ccc   0x08008ccc   0x00000024   Code   RO         1781    i._printf_post_padding  mc_w.l(printfa.o)
    0x08008cf0   0x08008cf0   0x0000002e   Code   RO         1782    i._printf_pre_padding  mc_w.l(printfa.o)
    0x08008d1e   0x08008d1e   0x00000016   Code   RO         1783    i._snputc           mc_w.l(printfa.o)
    0x08008d34   0x08008d34   0x00000081   Data   RO         1880    .constdata          mc_w.l(ctype_o.o)
    0x08008db5   0x08008db5   0x00000003   PAD
    0x08008db8   0x08008db8   0x00000004   Data   RO         1881    .constdata          mc_w.l(ctype_o.o)
    0x08008dbc   0x08008dbc   0x00000080   Data   RO           35    .rodata..Lstr       main_1.o
    0x08008e3c   0x08008e3c   0x00000080   Data   RO           36    .rodata..Lstr.16    main_1.o
    0x08008ebc   0x08008ebc   0x00000080   Data   RO           37    .rodata..Lstr.17    main_1.o
    0x08008f3c   0x08008f3c   0x00000010   Data   RO         1513    .rodata.AHBPrescTable  system_stm32f4xx_1.o
    0x08008f4c   0x08008f4c   0x00000008   Data   RO         1514    .rodata.APBPrescTable  system_stm32f4xx_1.o
    0x08008f54   0x08008f54   0x00000228   Data   RO          411    .rodata.F6x8        oledfont_1.o
    0x0800917c   0x0800917c   0x000005e0   Data   RO          412    .rodata.F8X16       oledfont_1.o
    0x0800975c   0x0800975c   0x00000008   Data   RO          740    .rodata.cst8        stm32f4xx_hal_dma.o
    0x08009764   0x08009764   0x00000051   Data   RO           33    .rodata.str1.1      main_1.o
    0x080097b5   0x080097b5   0x000000ba   Data   RO          203    .rodata.str1.1      command_1.o
    0x0800986f   0x0800986f   0x00000001   PAD
    0x08009870   0x08009870   0x00000020   Data   RO         1918    Region$$Table       anon$$obj.o


    Execution Region RW_IRAM1 (Exec base: 0x20000000, Load base: 0x08009890, Size: 0x000033d0, Max: 0x0001c000, ABSOLUTE)

    Exec Addr    Load Addr    Size         Type   Attr      Idx    E Section Name        Object

    0x20000000   0x08009890   0x00000004   Data   RW         1847    .data               mc_w.l(errno.o)
    0x20000004   0x08009894   0x00000048   Data   RW           39    .data..L_MergedGlobals  main_1.o
    0x2000004c   0x080098dc   0x00000008   Data   RW          918    .data..L_MergedGlobals  stm32f4xx_hal.o
    0x20000054   0x080098e4   0x0000001b   Data   RW          402    .data.CMD_Data      oled_1.o
    0x2000006f   0x080098ff   0x00000001   PAD
    0x20000070   0x08009900   0x00000004   Data   RW         1512    .data.SystemCoreClock  system_stm32f4xx_1.o
    0x20000074   0x08009904   0x00000020   Data   RW          648    .data.pFlash        stm32f4xx_hal_flash.o
    0x20000094   0x08009924   0x00000004   PAD
    0x20000098        -       0x00000008   Zero   RW          184    .bss..L_MergedGlobals  stm32f4xx_it_1.o
    0x200000a0        -       0x00000058   Zero   RW          351    .bss..L_MergedGlobals  my_button_1.o
    0x200000f8        -       0x0000007c   Zero   RW           40    .bss..L_MergedGlobals.18  main_1.o
    0x20000174        -       0x00000001   Zero   RW           27    .bss.DR_scan_enabled  main_1.o
    0x20000175        -       0x00000100   Zero   RW           31    .bss.UART2_RX_DMA_buffer  main_1.o
    0x20000275   0x08009924   0x00000003   PAD
    0x20000278        -       0x00002400   Zero   RW           32    .bss.UART3_TX_buffer  main_1.o
    0x20002678        -       0x00000001   Zero   RW           26    .bss.freq_scan_enabled  main_1.o
    0x20002679   0x08009924   0x00000003   PAD
    0x2000267c        -       0x00000060   Zero   RW          134    .bss.hdma_usart2_rx  usart_1.o
    0x200026dc        -       0x00000060   Zero   RW          135    .bss.hdma_usart3_tx  usart_1.o
    0x2000273c        -       0x00000004   Zero   RW          328    .bss.head_handle    multi_button_1.o
    0x20002740        -       0x00000054   Zero   RW           74    .bss.hi2c1          i2c_1.o
    0x20002794        -       0x00000058   Zero   RW           89    .bss.hspi2          spi_1.o
    0x200027ec        -       0x00000048   Zero   RW          112    .bss.htim1          tim_1.o
    0x20002834        -       0x00000048   Zero   RW          113    .bss.htim2          tim_1.o
    0x2000287c        -       0x00000048   Zero   RW          114    .bss.htim3          tim_1.o
    0x200028c4        -       0x00000048   Zero   RW          115    .bss.htim4          tim_1.o
    0x2000290c        -       0x00000048   Zero   RW          132    .bss.huart2         usart_1.o
    0x20002954        -       0x00000048   Zero   RW          133    .bss.huart3         usart_1.o
    0x2000299c        -       0x00000001   Zero   RW          248    .bss.isLHR          ldc1101_driver_1.o
    0x2000299d   0x08009924   0x00000003   PAD
    0x200029a0        -       0x00000028   Zero   RW           30    .bss.mean_episode   main_1.o
    0x200029c8        -       0x00000200   Zero   RW           34    .bss.uart2_tx_rb_mem  main_1.o
    0x20002bc8        -       0x00000004   Zero   RW          917    .bss.uwTick         stm32f4xx_hal.o
    0x20002bcc   0x08009924   0x00000004   PAD
    0x20002bd0        -       0x00000800   Zero   RW          419    STACK               startup_stm32f407xx.o


    Execution Region RW_IRAM2 (Exec base: 0x2001c000, Load base: 0x08009928, Size: 0x00000000, Max: 0x00004000, ABSOLUTE)

    **** No section assigned to this execution region ****


==============================================================================

Image component sizes


      Code (inc. data)   RO Data    RW Data    ZI Data      Debug   Object Name

       912        168        186          0          0       3301   command_1.o
        72          0          0          0          0       3476   dma_1.o
       668          0          0          0          0       6303   drv8833_driver_1.o
       382          0          0          0          0       2580   gpio_1.o
       172          0          0          0         84       5432   i2c_1.o
       798          0          0          0          1       8916   ldc1101_driver_1.o
       370          0          0          0          0      12951   lwrb_1.o
      4992        164        465         72      10150      27287   main_1.o
       682          8          0          0          4       4651   multi_button_1.o
       676        136          0          0         88       3438   my_button_1.o
      2862          0          0         27          0      21312   oled_1.o
         0          0       2056          0          0        524   oledfont_1.o
       190          0          0          0         88       5261   spi_1.o
        36          8        392          0       2048        840   startup_stm32f407xx.o
       204          0          0          8          4       7309   stm32f4xx_hal.o
       196          0          0          0          0      10763   stm32f4xx_hal_cortex.o
      1142          6          8          0          0      10740   stm32f4xx_hal_dma.o
       316          0          0         32          0       5615   stm32f4xx_hal_flash.o
       158          0          0          0          0       5836   stm32f4xx_hal_flash_ex.o
       450          0          0          0          0       5337   stm32f4xx_hal_gpio.o
      1948          0          0          0          0      43871   stm32f4xx_hal_i2c.o
        82          0          0          0          0       3500   stm32f4xx_hal_msp_1.o
      1484          0          0          0          0       7480   stm32f4xx_hal_rcc.o
      1952          0          0          0          0      26575   stm32f4xx_hal_spi.o
      2496          6          0          0          0      55668   stm32f4xx_hal_tim.o
       190          0          0          0          0      21028   stm32f4xx_hal_tim_ex.o
      4138          0          0          0          0      32391   stm32f4xx_hal_uart.o
       930          8          0          0          8       8901   stm32f4xx_it_1.o
        18          0         24          4          0       2593   system_stm32f4xx_1.o
       880          0          0          0        288      10247   tim_1.o
       498          0          0          0        336       7378   usart_1.o

    ----------------------------------------------------------------------
     30064        504       3164        144      13116     371504   Object Totals
         0          0         32          0          0          0   (incl. Generated)
       170          0          1          1         17          0   (incl. Padding)

    ----------------------------------------------------------------------

      Code (inc. data)   RO Data    RW Data    ZI Data      Debug   Library Member Name

        56          8          0          0          0         84   __0sscanf.o
        28          0          0          0          0         68   _chval.o
       812          4          0          0          0        112   _scanf.o
       332          0          0          0          0         96   _scanf_int.o
        64          0          0          0          0         84   _sgetc.o
       158          0          0          0          0         92   _strtoul.o
        26          0          0          0          0         80   atoi.o
         8          4        133          0          0         68   ctype_o.o
         0          0          0          0          0          0   entry.o
         0          0          0          0          0          0   entry10a.o
         0          0          0          0          0          0   entry11a.o
         8          4          0          0          0          0   entry2.o
         4          0          0          0          0          0   entry5.o
         0          0          0          0          0          0   entry7b.o
         0          0          0          0          0          0   entry8b.o
         8          4          0          0          0          0   entry9a.o
         8          4          0          4          0         68   errno.o
        30          0          0          0          0          0   handlers.o
        48         10          0          0          0         68   init.o
        18          0          0          0          0         76   isspace_o.o
         0          0          0          0          0          0   iusefp.o
        30          0          0          0          0         68   llshl.o
        36          0          0          0          0         68   llsshr.o
        32          0          0          0          0         68   llushr.o
        36          0          0          0          0         68   memcpya.o
        36          0          0          0          0        108   memseta.o
      2300         84          0          0          0        524   printfa.o
        40          8          0          0          0         84   scanf_char.o
        14          0          0          0          0         68   strlen.o
        30          0          0          0          0         80   strncmp.o
        24          0          0          0          0         76   strncpy.o
       112          0          0          0          0         88   strtol.o
        44          0          0          0          0         80   uidiv.o
        98          0          0          0          0         92   uldiv.o
        48          0          0          0          0         68   cdrcmple.o
       334          0          0          0          0        148   dadd.o
       222          0          0          0          0        100   ddiv.o
       186          0          0          0          0        176   depilogue.o
        48          0          0          0          0         68   dfixul.o
       228          0          0          0          0         96   dmul.o
        38          0          0          0          0         68   f2d.o
       110          0          0          0          0        168   fepilogue.o
        28          0          0          0          0         84   ffltul.o

    ----------------------------------------------------------------------
      5692        130        136          4          0       3344   Library Totals
        10          0          3          0          0          0   (incl. Padding)

    ----------------------------------------------------------------------

      Code (inc. data)   RO Data    RW Data    ZI Data      Debug   Library Name

      4440        130        133          4          0       2368   mc_w.l
      1242          0          0          0          0        976   mf_w.l

    ----------------------------------------------------------------------
      5692        130        136          4          0       3344   Library Totals

    ----------------------------------------------------------------------

==============================================================================


      Code (inc. data)   RO Data    RW Data    ZI Data      Debug   

     35756        634       3300        148      13116     372724   Grand Totals
     35756        634       3300        148      13116     372724   ELF Image Totals
     35756        634       3300        148          0          0   ROM Totals

==============================================================================

    Total RO  Size (Code + RO Data)                39056 (  38.14kB)
    Total RW  Size (RW Data + ZI Data)             13264 (  12.95kB)
    Total ROM Size (Code + RO Data + RW Data)      39204 (  38.29kB)

==============================================================================

