<html>
<body>
<pre>
<h1>µVision Build Log</h1>
<h2>Tool Versions:</h2>
IDE-Version: ¶ÃVision V5.39.0.0
Copyright (C) 2023 ARM Ltd and ARM Germany GmbH. All rights reserved.
License Information: df œÚ’π—Ù, fsa, LIC=PE7DL-0R022-UHV8H-W97PB-L92M9-20GGF
 
Tool Versions:
Toolchain:       MDK-ARM Plus  Version: 5.39.0.0
Toolchain Path:  F:\Keil\Keil_v5\ARM\ARMCLANG\Bin
C Compiler:      ArmClang.exe V6.21
Assembler:       Armasm.exe V6.21
Linker/Locator:  ArmLink.exe V6.21
Library Manager: ArmAr.exe V6.21
Hex Converter:   FromElf.exe V6.21
CPU DLL:         SARMCM3.DLL V5.39.0.0
Dialog DLL:      DCM.DLL V1.17.5.0
Target DLL:      CMSIS_AGDI.dll V1.33.16.0
Dialog DLL:      TCM.DLL V1.56.4.0
 
<h2>Project:</h2>
G:\Oscillatory_Viscometer\OV_F407VGT6_2026.01.18\MDK-ARM\OV_F407VGT6_2026.01.18.uvprojx
Project File Date:  01/28/2026

<h2>Output:</h2>
*** Using Compiler 'V6.21', folder: 'F:\Keil\Keil_v5\ARM\ARMCLANG\Bin'
Build target 'OV_F407VGT6_2026.01.18'
Note: source file '../Core/Src/main.c' - object file renamed from 'OV_F407VGT6_2026.01.18\main.o' to 'OV_F407VGT6_2026.01.18\main_1.o'.
Note: source file '../Core/Src/gpio.c' - object file renamed from 'OV_F407VGT6_2026.01.18\gpio.o' to 'OV_F407VGT6_2026.01.18\gpio_1.o'.
Note: source file '../Core/Src/dma.c' - object file renamed from 'OV_F407VGT6_2026.01.18\dma.o' to 'OV_F407VGT6_2026.01.18\dma_1.o'.
Note: source file '../Core/Src/i2c.c' - object file renamed from 'OV_F407VGT6_2026.01.18\i2c.o' to 'OV_F407VGT6_2026.01.18\i2c_1.o'.
Note: source file '../Core/Src/spi.c' - object file renamed from 'OV_F407VGT6_2026.01.18\spi.o' to 'OV_F407VGT6_2026.01.18\spi_1.o'.
Note: source file '../Core/Src/tim.c' - object file renamed from 'OV_F407VGT6_2026.01.18\tim.o' to 'OV_F407VGT6_2026.01.18\tim_1.o'.
Note: source file '../Core/Src/usart.c' - object file renamed from 'OV_F407VGT6_2026.01.18\usart.o' to 'OV_F407VGT6_2026.01.18\usart_1.o'.
Note: source file '../Core/Src/stm32f4xx_it.c' - object file renamed from 'OV_F407VGT6_2026.01.18\stm32f4xx_it.o' to 'OV_F407VGT6_2026.01.18\stm32f4xx_it_1.o'.
Note: source file '../Core/Src/stm32f4xx_hal_msp.c' - object file renamed from 'OV_F407VGT6_2026.01.18\stm32f4xx_hal_msp.o' to 'OV_F407VGT6_2026.01.18\stm32f4xx_hal_msp_1.o'.
Note: source file '..\Core\Src\command.c' - object file renamed from 'OV_F407VGT6_2026.01.18\command.o' to 'OV_F407VGT6_2026.01.18\command_1.o'.
Note: source file '..\Core\Src\drv8833_driver.c' - object file renamed from 'OV_F407VGT6_2026.01.18\drv8833_driver.o' to 'OV_F407VGT6_2026.01.18\drv8833_driver_1.o'.
Note: source file '..\Core\Src\ldc1101_driver.c' - object file renamed from 'OV_F407VGT6_2026.01.18\ldc1101_driver.o' to 'OV_F407VGT6_2026.01.18\ldc1101_driver_1.o'.
Note: source file '..\Core\Src\lwrb.c' - object file renamed from 'OV_F407VGT6_2026.01.18\lwrb.o' to 'OV_F407VGT6_2026.01.18\lwrb_1.o'.
Note: source file '..\Core\Src\lwrb_ex.c' - object file renamed from 'OV_F407VGT6_2026.01.18\lwrb_ex.o' to 'OV_F407VGT6_2026.01.18\lwrb_ex_1.o'.
Note: source file '..\Core\Src\multi_button.c' - object file renamed from 'OV_F407VGT6_2026.01.18\multi_button.o' to 'OV_F407VGT6_2026.01.18\multi_button_1.o'.
Note: source file '..\Core\Src\my_button.c' - object file renamed from 'OV_F407VGT6_2026.01.18\my_button.o' to 'OV_F407VGT6_2026.01.18\my_button_1.o'.
Note: source file '..\Core\Src\oled.c' - object file renamed from 'OV_F407VGT6_2026.01.18\oled.o' to 'OV_F407VGT6_2026.01.18\oled_1.o'.
Note: source file '..\Core\Src\oledfont.c' - object file renamed from 'OV_F407VGT6_2026.01.18\oledfont.o' to 'OV_F407VGT6_2026.01.18\oledfont_1.o'.
Note: source file '../Core/Src/system_stm32f4xx.c' - object file renamed from 'OV_F407VGT6_2026.01.18\system_stm32f4xx.o' to 'OV_F407VGT6_2026.01.18\system_stm32f4xx_1.o'.
compiling stm32f4xx_it.c...
compiling main.c...
linking...
Program Size: Code=35756 RO-data=3300 RW-data=148 ZI-data=13116  
"OV_F407VGT6_2026.01.18\OV_F407VGT6_2026_01_18.axf" - 0 Error(s), 0 Warning(s).

<h2>Software Packages used:</h2>

Package Vendor: ARM
                https://www.keil.com/pack/ARM.CMSIS.6.3.0.pack
                ARM::CMSIS@6.3.0
                CMSIS (Common Microcontroller Software Interface Standard)
   * Component: CORE Version: 6.2.0

Package Vendor: Keil
                https://www.keil.com/pack/Keil.STM32F4xx_DFP.3.1.1.pack
                Keil::STM32F4xx_DFP@3.1.1
                STMicroelectronics STM32F4 Series Device Support

<h2>Collection of Component include folders:</h2>
  ./RTE/_OV_F407VGT6_2026.01.18
  F:/Keil/Arm/Packs/ARM/CMSIS/6.3.0/CMSIS/Core/Include

<h2>Collection of Component Files used:</h2>

   * Component: ARM::CMSIS:CORE@6.2.0
      Include file:  CMSIS/Core/Include/tz_context.h
Build Time Elapsed:  00:00:01
</pre>
</body>
</html>
